Component: ARM Compiler 5.06 update 7 (build 960) Tool: armlink [4d3601]

==============================================================================

Section Cross References

    startup_stm32f407xx.o(RESET) refers to startup_stm32f407xx.o(STACK) for __initial_sp
    startup_stm32f407xx.o(RESET) refers to startup_stm32f407xx.o(.text) for Reset_Handler
    startup_stm32f407xx.o(RESET) refers to stm32f4xx_it.o(i.NMI_Handler) for NMI_Handler
    startup_stm32f407xx.o(RESET) refers to stm32f4xx_it.o(i.HardFault_Handler) for HardFault_Handler
    startup_stm32f407xx.o(RESET) refers to stm32f4xx_it.o(i.MemManage_Handler) for MemManage_Handler
    startup_stm32f407xx.o(RESET) refers to stm32f4xx_it.o(i.BusFault_Handler) for BusFault_Handler
    startup_stm32f407xx.o(RESET) refers to stm32f4xx_it.o(i.UsageFault_Handler) for UsageFault_Handler
    startup_stm32f407xx.o(RESET) refers to stm32f4xx_it.o(i.SVC_Handler) for SVC_Handler
    startup_stm32f407xx.o(RESET) refers to stm32f4xx_it.o(i.DebugMon_Handler) for DebugMon_Handler
    startup_stm32f407xx.o(RESET) refers to stm32f4xx_it.o(i.PendSV_Handler) for PendSV_Handler
    startup_stm32f407xx.o(RESET) refers to stm32f4xx_it.o(i.SysTick_Handler) for SysTick_Handler
    startup_stm32f407xx.o(RESET) refers to stm32f4xx_it.o(i.USART1_IRQHandler) for USART1_IRQHandler
    startup_stm32f407xx.o(.text) refers to system_stm32f4xx_1.o(i.SystemInit) for SystemInit
    startup_stm32f407xx.o(.text) refers to entry.o(.ARM.Collect$$$$00000000) for __main
    lcd.o(i.Color_Test) refers to lcd.o(i.LCD_Clear) for LCD_Clear
    lcd.o(i.Color_Test) refers to text.o(i.Draw_Font16B) for Draw_Font16B
    lcd.o(i.Color_Test) refers to lcd.o(i.LCD_Fill) for LCD_Fill
    lcd.o(i.Color_Test) refers to stm32f4xx_hal.o(i.HAL_Delay) for HAL_Delay
    lcd.o(i.Color_Test) refers to lcd.o(i.Draw_Test) for Draw_Test
    lcd.o(i.Color_Test) refers to lcd.o(.bss) for .bss
    lcd.o(i.Demo_Menu) refers to lcd.o(i.LCD_Clear) for LCD_Clear
    lcd.o(i.Demo_Menu) refers to text.o(i.Draw_Font24B) for Draw_Font24B
    lcd.o(i.Demo_Menu) refers to lcd.o(i.DisplayButtonUp) for DisplayButtonUp
    lcd.o(i.Demo_Menu) refers to text.o(i.Draw_Font16B) for Draw_Font16B
    lcd.o(i.Demo_Menu) refers to stm32f4xx_hal.o(i.HAL_Delay) for HAL_Delay
    lcd.o(i.Demo_Menu) refers to lcd.o(i.Color_Test) for Color_Test
    lcd.o(i.Demo_Menu) refers to lcd.o(i.Font_Test) for Font_Test
    lcd.o(i.Demo_Menu) refers to gbk_libdrive.o(i.GBK_LibFont_Test) for GBK_LibFont_Test
    lcd.o(i.Demo_Menu) refers to dis_picture.o(i.Show_Picture) for Show_Picture
    lcd.o(i.DisplayButtonDown) refers to lcd.o(i.LCD_DrawLine) for LCD_DrawLine
    lcd.o(i.DisplayButtonUp) refers to lcd.o(i.LCD_DrawLine) for LCD_DrawLine
    lcd.o(i.Draw_Test) refers to lcd.o(i.LCD_Clear) for LCD_Clear
    lcd.o(i.Draw_Test) refers to lcd.o(i.LCD_DrawLine) for LCD_DrawLine
    lcd.o(i.Draw_Test) refers to lcd.o(i.LCD_DrawRectangle) for LCD_DrawRectangle
    lcd.o(i.Draw_Test) refers to lcd.o(i.LCD_Draw_Circle) for LCD_Draw_Circle
    lcd.o(i.Draw_Test) refers to stm32f4xx_hal.o(i.HAL_Delay) for HAL_Delay
    lcd.o(i.Font_Test) refers to lcd.o(i.LCD_Clear) for LCD_Clear
    lcd.o(i.Font_Test) refers to text.o(i.Draw_Font16B) for Draw_Font16B
    lcd.o(i.Font_Test) refers to stm32f4xx_hal.o(i.HAL_Delay) for HAL_Delay
    lcd.o(i.Font_Test) refers to text.o(i.Draw_Font24B) for Draw_Font24B
    lcd.o(i.Font_Test) refers to lcd.o(.conststring) for .conststring
    lcd.o(i.LCD_Clear) refers to lcd.o(i.LCD_Set_Window) for LCD_Set_Window
    lcd.o(i.LCD_Clear) refers to lcd.o(i.LCD_SetCursor) for LCD_SetCursor
    lcd.o(i.LCD_Clear) refers to lcd.o(i.LCD_WriteRAM_Prepare) for LCD_WriteRAM_Prepare
    lcd.o(i.LCD_Clear) refers to lcd.o(.bss) for .bss
    lcd.o(i.LCD_Color_Fill) refers to lcd.o(i.LCD_SetCursor) for LCD_SetCursor
    lcd.o(i.LCD_Color_Fill) refers to lcd.o(i.LCD_WriteRAM_Prepare) for LCD_WriteRAM_Prepare
    lcd.o(i.LCD_DisplayOff) refers to lcd.o(.bss) for .bss
    lcd.o(i.LCD_DisplayOn) refers to lcd.o(.bss) for .bss
    lcd.o(i.LCD_Display_Dir) refers to lcd.o(i.LCD_Scan_Dir) for LCD_Scan_Dir
    lcd.o(i.LCD_Display_Dir) refers to lcd.o(.bss) for .bss
    lcd.o(i.LCD_DrawLine) refers to lcd.o(i.LCD_Fast_DrawPoint) for LCD_Fast_DrawPoint
    lcd.o(i.LCD_DrawPoint) refers to lcd.o(i.LCD_SetCursor) for LCD_SetCursor
    lcd.o(i.LCD_DrawPoint) refers to lcd.o(i.LCD_WriteRAM_Prepare) for LCD_WriteRAM_Prepare
    lcd.o(i.LCD_DrawPoint) refers to lcd.o(.data) for .data
    lcd.o(i.LCD_DrawRectangle) refers to lcd.o(i.LCD_DrawLine) for LCD_DrawLine
    lcd.o(i.LCD_Draw_Circle) refers to lcd.o(i.LCD_Fast_DrawPoint) for LCD_Fast_DrawPoint
    lcd.o(i.LCD_Fast_DrawPoint) refers to lcd.o(.bss) for .bss
    lcd.o(i.LCD_Fill) refers to lcd.o(i.LCD_SetCursor) for LCD_SetCursor
    lcd.o(i.LCD_Fill) refers to lcd.o(i.LCD_WriteRAM_Prepare) for LCD_WriteRAM_Prepare
    lcd.o(i.LCD_Init) refers to stm32f4xx_hal.o(i.HAL_Delay) for HAL_Delay
[...]
    Removing stm32f4xx_hal_cortex.o(i.HAL_NVIC_GetPendingIRQ), (36 bytes).
    Removing stm32f4xx_hal_cortex.o(i.HAL_NVIC_GetPriority), (82 bytes).
    Removing stm32f4xx_hal_cortex.o(i.HAL_NVIC_GetPriorityGrouping), (16 bytes).
    Removing stm32f4xx_hal_cortex.o(i.HAL_NVIC_SetPendingIRQ), (26 bytes).
    Removing stm32f4xx_hal_cortex.o(i.HAL_NVIC_SystemReset), (36 bytes).
    Removing stm32f4xx_hal_cortex.o(i.HAL_SYSTICK_CLKSourceConfig), (24 bytes).
    Removing stm32f4xx_hal_cortex.o(i.HAL_SYSTICK_Callback), (2 bytes).
    Removing stm32f4xx_hal_cortex.o(i.HAL_SYSTICK_IRQHandler), (8 bytes).
    Removing stm32f4xx_hal.o(.rev16_text), (4 bytes).
    Removing stm32f4xx_hal.o(.revsh_text), (4 bytes).
    Removing stm32f4xx_hal.o(.rrx_text), (6 bytes).
    Removing stm32f4xx_hal.o(i.HAL_DBGMCU_DisableDBGSleepMode), (16 bytes).
    Removing stm32f4xx_hal.o(i.HAL_DBGMCU_DisableDBGStandbyMode), (16 bytes).
    Removing stm32f4xx_hal.o(i.HAL_DBGMCU_DisableDBGStopMode), (16 bytes).
    Removing stm32f4xx_hal.o(i.HAL_DBGMCU_EnableDBGSleepMode), (16 bytes).
    Removing stm32f4xx_hal.o(i.HAL_DBGMCU_EnableDBGStandbyMode), (16 bytes).
    Removing stm32f4xx_hal.o(i.HAL_DBGMCU_EnableDBGStopMode), (16 bytes).
    Removing stm32f4xx_hal.o(i.HAL_DeInit), (52 bytes).
    Removing stm32f4xx_hal.o(i.HAL_DisableCompensationCell), (12 bytes).
    Removing stm32f4xx_hal.o(i.HAL_EnableCompensationCell), (12 bytes).
    Removing stm32f4xx_hal.o(i.HAL_GetDEVID), (16 bytes).
    Removing stm32f4xx_hal.o(i.HAL_GetHalVersion), (8 bytes).
    Removing stm32f4xx_hal.o(i.HAL_GetREVID), (12 bytes).
    Removing stm32f4xx_hal.o(i.HAL_GetTickFreq), (12 bytes).
    Removing stm32f4xx_hal.o(i.HAL_GetTickPrio), (12 bytes).
    Removing stm32f4xx_hal.o(i.HAL_GetUIDw0), (12 bytes).
    Removing stm32f4xx_hal.o(i.HAL_GetUIDw1), (12 bytes).
    Removing stm32f4xx_hal.o(i.HAL_GetUIDw2), (12 bytes).
    Removing stm32f4xx_hal.o(i.HAL_MspDeInit), (2 bytes).
    Removing stm32f4xx_hal.o(i.HAL_MspInit), (2 bytes).
    Removing stm32f4xx_hal.o(i.HAL_ResumeTick), (14 bytes).
    Removing stm32f4xx_hal.o(i.HAL_SetTickFreq), (36 bytes).
    Removing stm32f4xx_hal.o(i.HAL_SuspendTick), (14 bytes).
    Removing stm32f4xx_hal_exti.o(.rev16_text), (4 bytes).
    Removing stm32f4xx_hal_exti.o(.revsh_text), (4 bytes).
    Removing stm32f4xx_hal_exti.o(.rrx_text), (6 bytes).
    Removing stm32f4xx_hal_exti.o(i.HAL_EXTI_ClearConfigLine), (108 bytes).
    Removing stm32f4xx_hal_exti.o(i.HAL_EXTI_ClearPending), (20 bytes).
    Removing stm32f4xx_hal_exti.o(i.HAL_EXTI_GenerateSWI), (20 bytes).
    Removing stm32f4xx_hal_exti.o(i.HAL_EXTI_GetConfigLine), (148 bytes).
    Removing stm32f4xx_hal_exti.o(i.HAL_EXTI_GetHandle), (12 bytes).
    Removing stm32f4xx_hal_exti.o(i.HAL_EXTI_GetPending), (24 bytes).
    Removing stm32f4xx_hal_exti.o(i.HAL_EXTI_IRQHandler), (36 bytes).
    Removing stm32f4xx_hal_exti.o(i.HAL_EXTI_RegisterCallback), (14 bytes).
    Removing stm32f4xx_hal_exti.o(i.HAL_EXTI_SetConfigLine), (168 bytes).
    Removing stm32f4xx_hal_sram.o(.rev16_text), (4 bytes).
    Removing stm32f4xx_hal_sram.o(.revsh_text), (4 bytes).
    Removing stm32f4xx_hal_sram.o(.rrx_text), (6 bytes).
    Removing stm32f4xx_hal_sram.o(i.HAL_SRAM_DMA_XferCpltCallback), (2 bytes).
    Removing stm32f4xx_hal_sram.o(i.HAL_SRAM_DMA_XferErrorCallback), (2 bytes).
    Removing stm32f4xx_hal_sram.o(i.HAL_SRAM_DeInit), (28 bytes).
    Removing stm32f4xx_hal_sram.o(i.HAL_SRAM_GetState), (6 bytes).
    Removing stm32f4xx_hal_sram.o(i.HAL_SRAM_MspDeInit), (2 bytes).
    Removing stm32f4xx_hal_sram.o(i.HAL_SRAM_MspInit), (2 bytes).
    Removing stm32f4xx_hal_sram.o(i.HAL_SRAM_Read_16b), (88 bytes).
    Removing stm32f4xx_hal_sram.o(i.HAL_SRAM_Read_32b), (66 bytes).
    Removing stm32f4xx_hal_sram.o(i.HAL_SRAM_Read_8b), (70 bytes).
    Removing stm32f4xx_hal_sram.o(i.HAL_SRAM_Read_DMA), (92 bytes).
    Removing stm32f4xx_hal_sram.o(i.HAL_SRAM_WriteOperation_Disable), (60 bytes).
    Removing stm32f4xx_hal_sram.o(i.HAL_SRAM_WriteOperation_Enable), (58 bytes).
    Removing stm32f4xx_hal_sram.o(i.HAL_SRAM_Write_16b), (94 bytes).
    Removing stm32f4xx_hal_sram.o(i.HAL_SRAM_Write_32b), (62 bytes).
    Removing stm32f4xx_hal_sram.o(i.HAL_SRAM_Write_8b), (66 bytes).
    Removing stm32f4xx_hal_sram.o(i.HAL_SRAM_Write_DMA), (76 bytes).
    Removing stm32f4xx_hal_sram.o(i.SRAM_DMACplt), (26 bytes).
    Removing stm32f4xx_hal_sram.o(i.SRAM_DMACpltProt), (26 bytes).
    Removing stm32f4xx_hal_sram.o(i.SRAM_DMAError), (26 bytes).
    Removing stm32f4xx_hal_tim.o(.rev16_text), (4 bytes).
    Removing stm32f4xx_hal_tim.o(.revsh_text), (4 bytes).
    Removing stm32f4xx_hal_tim.o(.rrx_text), (6 bytes).
    Removing stm32f4xx_hal_tim_ex.o(.rev16_text), (4 bytes).
    Removing stm32f4xx_hal_tim_ex.o(.revsh_text), (4 bytes).
    Removing stm32f4xx_hal_tim_ex.o(.rrx_text), (6 bytes).
    Removing stm32f4xx_hal_uart.o(.rev16_text), (4 bytes).
    Removing stm32f4xx_hal_uart.o(.revsh_text), (4 bytes).
    Removing stm32f4xx_hal_uart.o(.rrx_text), (6 bytes).
    Removing stm32f4xx_hal_uart.o(i.HAL_HalfDuplex_EnableReceiver), (50 bytes).
    Removing stm32f4xx_hal_uart.o(i.HAL_HalfDuplex_EnableTransmitter), (50 bytes).
    Removing stm32f4xx_hal_uart.o(i.HAL_HalfDuplex_Init), (108 bytes).
    Removing stm32f4xx_hal_uart.o(i.HAL_LIN_Init), (128 bytes).
    Removing stm32f4xx_hal_uart.o(i.HAL_LIN_SendBreak), (60 bytes).
    Removing stm32f4xx_hal_uart.o(i.HAL_MultiProcessor_EnterMuteMode), (60 bytes).
    Removing stm32f4xx_hal_uart.o(i.HAL_MultiProcessor_ExitMuteMode), (60 bytes).
    Removing stm32f4xx_hal_uart.o(i.HAL_MultiProcessor_Init), (142 bytes).
    Removing stm32f4xx_hal_uart.o(i.HAL_UARTEx_ReceiveToIdle), (254 bytes).
    Removing stm32f4xx_hal_uart.o(i.HAL_UARTEx_ReceiveToIdle_DMA), (86 bytes).
    Removing stm32f4xx_hal_uart.o(i.HAL_UARTEx_ReceiveToIdle_IT), (86 bytes).
    Removing stm32f4xx_hal_uart.o(i.HAL_UART_Abort), (210 bytes).
    Removing stm32f4xx_hal_uart.o(i.HAL_UART_AbortCpltCallback), (2 bytes).
    Removing stm32f4xx_hal_uart.o(i.HAL_UART_AbortReceive), (148 bytes).
    Removing stm32f4xx_hal_uart.o(i.HAL_UART_AbortReceiveCpltCallback), (2 bytes).
    Removing stm32f4xx_hal_uart.o(i.HAL_UART_AbortReceive_IT), (152 bytes).
    Removing stm32f4xx_hal_uart.o(i.HAL_UART_AbortTransmit), (98 bytes).
    Removing stm32f4xx_hal_uart.o(i.HAL_UART_AbortTransmitCpltCallback), (2 bytes).
    Removing stm32f4xx_hal_uart.o(i.HAL_UART_AbortTransmit_IT), (104 bytes).
    Removing stm32f4xx_hal_uart.o(i.HAL_UART_Abort_IT), (244 bytes).
    Removing stm32f4xx_hal_uart.o(i.HAL_UART_DMAPause), (146 bytes).
    Removing stm32f4xx_hal_uart.o(i.HAL_UART_DMAResume), (140 bytes).
    Removing stm32f4xx_hal_uart.o(i.HAL_UART_DMAStop), (112 bytes).
    Removing stm32f4xx_hal_uart.o(i.HAL_UART_DeInit), (52 bytes).
    Removing stm32f4xx_hal_uart.o(i.HAL_UART_GetError), (4 bytes).
    Removing stm32f4xx_hal_uart.o(i.HAL_UART_GetState), (10 bytes).
    Removing stm32f4xx_hal_uart.o(i.HAL_UART_MspDeInit), (2 bytes).
    Removing stm32f4xx_hal_uart.o(i.HAL_UART_MspInit), (2 bytes).
    Removing stm32f4xx_hal_uart.o(i.HAL_UART_Receive), (192 bytes).
    Removing stm32f4xx_hal_uart.o(i.HAL_UART_Receive_DMA), (42 bytes).
    Removing stm32f4xx_hal_uart.o(i.HAL_UART_RxCpltCallback), (2 bytes).
    Removing stm32f4xx_hal_uart.o(i.HAL_UART_RxHalfCpltCallback), (2 bytes).
    Removing stm32f4xx_hal_uart.o(i.HAL_UART_Transmit_DMA), (140 bytes).
    Removing stm32f4xx_hal_uart.o(i.HAL_UART_Transmit_IT), (62 bytes).
    Removing stm32f4xx_hal_uart.o(i.HAL_UART_TxHalfCpltCallback), (2 bytes).
    Removing stm32f4xx_hal_uart.o(i.UART_DMAError), (74 bytes).
    Removing stm32f4xx_hal_uart.o(i.UART_DMAReceiveCplt), (130 bytes).
    Removing stm32f4xx_hal_uart.o(i.UART_DMARxAbortCallback), (44 bytes).
    Removing stm32f4xx_hal_uart.o(i.UART_DMARxHalfCplt), (26 bytes).
    Removing stm32f4xx_hal_uart.o(i.UART_DMARxOnlyAbortCallback), (22 bytes).
    Removing stm32f4xx_hal_uart.o(i.UART_DMATransmitCplt), (66 bytes).
    Removing stm32f4xx_hal_uart.o(i.UART_DMATxAbortCallback), (44 bytes).
    Removing stm32f4xx_hal_uart.o(i.UART_DMATxHalfCplt), (10 bytes).
    Removing stm32f4xx_hal_uart.o(i.UART_DMATxOnlyAbortCallback), (20 bytes).
    Removing stm32f4xx_hal_uart.o(i.UART_EndTxTransfer), (28 bytes).
    Removing stm32f4xx_hal_uart.o(i.UART_Start_Receive_DMA), (148 bytes).
    Removing system_stm32f4xx_1.o(.rev16_text), (4 bytes).
    Removing system_stm32f4xx_1.o(.revsh_text), (4 bytes).
    Removing system_stm32f4xx_1.o(.rrx_text), (6 bytes).
    Removing system_stm32f4xx_1.o(i.SystemCoreClockUpdate), (120 bytes).

325 unused section(s) (total 18522 bytes) removed from the image.

==============================================================================

Image Symbol Table

    Local Symbols

    Symbol Name                              Value     Ov Type        Size  Object(Section)

    ../Core/Src/fsmc.c                       0x00000000   Number         0  fsmc.o ABSOLUTE
    ../Core/Src/gpio.c                       0x00000000   Number         0  gpio.o ABSOLUTE
    ../Core/Src/main.c                       0x00000000   Number         0  main.o ABSOLUTE
    ../Core/Src/stm32f4xx_hal_msp.c          0x00000000   Number         0  stm32f4xx_hal_msp.o ABSOLUTE
    ../Core/Src/stm32f4xx_it.c               0x00000000   Number         0  stm32f4xx_it.o ABSOLUTE
    ../Core/Src/system_stm32f4xx.c           0x00000000   Number         0  system_stm32f4xx_1.o ABSOLUTE
    ../Core/Src/usart.c                      0x00000000   Number         0  usart.o ABSOLUTE
    ../Drivers/STM32F4xx_HAL_Driver/Src/stm32f4xx_hal.c 0x00000000   Number         0  stm32f4xx_hal.o ABSOLUTE
    ../Drivers/STM32F4xx_HAL_Driver/Src/stm32f4xx_hal_cortex.c 0x00000000   Number         0  stm32f4xx_hal_cortex.o ABSOLUTE
    ../Drivers/STM32F4xx_HAL_Driver/Src/stm32f4xx_hal_dma.c 0x00000000   Number         0  stm32f4xx_hal_dma.o ABSOLUTE
    ../Drivers/STM32F4xx_HAL_Driver/Src/stm32f4xx_hal_dma_ex.c 0x00000000   Number         0  stm32f4xx_hal_dma_ex.o ABSOLUTE
    ../Drivers/STM32F4xx_HAL_Driver/Src/stm32f4xx_hal_exti.c 0x00000000   Number         0  stm32f4xx_hal_exti.o ABSOLUTE
    ../Drivers/STM32F4xx_HAL_Driver/Src/stm32f4xx_hal_flash.c 0x00000000   Number         0  stm32f4xx_hal_flash.o ABSOLUTE
    ../Drivers/STM32F4xx_HAL_Driver/Src/stm32f4xx_hal_flash_ex.c 0x00000000   Number         0  stm32f4xx_hal_flash_ex.o ABSOLUTE
    ../Drivers/STM32F4xx_HAL_Driver/Src/stm32f4xx_hal_flash_ramfunc.c 0x00000000   Number         0  stm32f4xx_hal_flash_ramfunc.o ABSOLUTE
    ../Drivers/STM32F4xx_HAL_Driver/Src/stm32f4xx_hal_gpio.c 0x00000000   Number         0  stm32f4xx_hal_gpio.o ABSOLUTE
    ../Drivers/STM32F4xx_HAL_Driver/Src/stm32f4xx_hal_pwr.c 0x00000000   Number         0  stm32f4xx_hal_pwr.o ABSOLUTE
    ../Drivers/STM32F4xx_HAL_Driver/Src/stm32f4xx_hal_pwr_ex.c 0x00000000   Number         0  stm32f4xx_hal_pwr_ex.o ABSOLUTE
    ../Drivers/STM32F4xx_HAL_Driver/Src/stm32f4xx_hal_rcc.c 0x00000000   Number         0  stm32f4xx_hal_rcc.o ABSOLUTE
    ../Drivers/STM32F4xx_HAL_Driver/Src/stm32f4xx_hal_rcc_ex.c 0x00000000   Number         0  stm32f4xx_hal_rcc_ex.o ABSOLUTE
    ../Drivers/STM32F4xx_HAL_Driver/Src/stm32f4xx_hal_sram.c 0x00000000   Number         0  stm32f4xx_hal_sram.o ABSOLUTE
    ../Drivers/STM32F4xx_HAL_Driver/Src/stm32f4xx_hal_tim.c 0x00000000   Number         0  stm32f4xx_hal_tim.o ABSOLUTE
    ../Drivers/STM32F4xx_HAL_Driver/Src/stm32f4xx_hal_tim_ex.c 0x00000000   Number         0  stm32f4xx_hal_tim_ex.o ABSOLUTE
    ../Drivers/STM32F4xx_HAL_Driver/Src/stm32f4xx_hal_uart.c 0x00000000   Number         0  stm32f4xx_hal_uart.o ABSOLUTE
    ../Drivers/STM32F4xx_HAL_Driver/Src/stm32f4xx_ll_fsmc.c 0x00000000   Number         0  stm32f4xx_ll_fsmc.o ABSOLUTE
    ../clib/microlib/division.c              0x00000000   Number         0  uldiv.o ABSOLUTE
    ../clib/microlib/division.c              0x00000000   Number         0  uidiv.o ABSOLUTE
    ../clib/microlib/init/entry.s            0x00000000   Number         0  entry10b.o ABSOLUTE
    ../clib/microlib/init/entry.s            0x00000000   Number         0  entry11b.o ABSOLUTE
    ../clib/microlib/init/entry.s            0x00000000   Number         0  entry11a.o ABSOLUTE
    ../clib/microlib/init/entry.s            0x00000000   Number         0  entry.o ABSOLUTE
    ../clib/microlib/init/entry.s            0x00000000   Number         0  entry2.o ABSOLUTE
    ../clib/microlib/init/entry.s            0x00000000   Number         0  entry12a.o ABSOLUTE
    ../clib/microlib/init/entry.s            0x00000000   Number         0  entry5.o ABSOLUTE
    ../clib/microlib/init/entry.s            0x00000000   Number         0  entry7a.o ABSOLUTE
    ../clib/microlib/init/entry.s            0x00000000   Number         0  entry7b.o ABSOLUTE
    ../clib/microlib/init/entry.s            0x00000000   Number         0  entry12b.o ABSOLUTE
    ../clib/microlib/init/entry.s            0x00000000   Number         0  entry8a.o ABSOLUTE
    ../clib/microlib/init/entry.s            0x00000000   Number         0  entry10a.o ABSOLUTE
    ../clib/microlib/init/entry.s            0x00000000   Number         0  entry8b.o ABSOLUTE
    ../clib/microlib/init/entry.s            0x00000000   Number         0  entry9a.o ABSOLUTE
    ../clib/microlib/init/entry.s            0x00000000   Number         0  entry9b.o ABSOLUTE
    ../clib/microlib/longlong.c              0x00000000   Number         0  llshl.o ABSOLUTE
    ../clib/microlib/longlong.c              0x00000000   Number         0  llushr.o ABSOLUTE
    ../clib/microlib/longlong.c              0x00000000   Number         0  llsshr.o ABSOLUTE
    ../clib/microlib/printf/printf.c         0x00000000   Number         0  printf7.o ABSOLUTE
    ../clib/microlib/printf/printf.c         0x00000000   Number         0  printf6.o ABSOLUTE
    ../clib/microlib/printf/printf.c         0x00000000   Number         0  printf5.o ABSOLUTE
    ../clib/microlib/printf/printf.c         0x00000000   Number         0  printf4.o ABSOLUTE
    ../clib/microlib/printf/printf.c         0x00000000   Number         0  printf2.o ABSOLUTE
    ../clib/microlib/printf/printf.c         0x00000000   Number         0  printf1.o ABSOLUTE
    ../clib/microlib/printf/printf.c         0x00000000   Number         0  printf0.o ABSOLUTE
    ../clib/microlib/printf/printf.c         0x00000000   Number         0  printf3.o ABSOLUTE
    ../clib/microlib/printf/printf.c         0x00000000   Number         0  printfb.o ABSOLUTE
    ../clib/microlib/printf/printf.c         0x00000000   Number         0  printfa.o ABSOLUTE
    ../clib/microlib/printf/printf.c         0x00000000   Number         0  printf8.o ABSOLUTE
    ../clib/microlib/printf/stubs.s          0x00000000   Number         0  stubs.o ABSOLUTE
    ../clib/microlib/stdio/streams.c         0x00000000   Number         0  stdout.o ABSOLUTE
    ../clib/microlib/string/memset.c         0x00000000   Number         0  memseta.o ABSOLUTE
    ../clib/microlib/string/strcmp.c         0x00000000   Number         0  strcmp.o ABSOLUTE
    ../clib/microlib/string/strlen.c         0x00000000   Number         0  strlen.o ABSOLUTE
    ../clib/microlib/stubs.s                 0x00000000   Number         0  iusefp.o ABSOLUTE
    ../fplib/microlib/fpadd.c                0x00000000   Number         0  dadd.o ABSOLUTE
    ../fplib/microlib/fpdiv.c                0x00000000   Number         0  ddiv.o ABSOLUTE
    ../fplib/microlib/fpepilogue.c           0x00000000   Number         0  depilogue.o ABSOLUTE
    ../fplib/microlib/fpfix.c                0x00000000   Number         0  dfixul.o ABSOLUTE
    ../fplib/microlib/fpmul.c                0x00000000   Number         0  dmul.o ABSOLUTE
    ..\Core\Src\Dis_Picture.c                0x00000000   Number         0  dis_picture.o ABSOLUTE
    ..\Core\Src\FONT.c                       0x00000000   Number         0  font.o ABSOLUTE
    ..\Core\Src\GBK_LibDrive.c               0x00000000   Number         0  gbk_libdrive.o ABSOLUTE
    ..\Core\Src\Picture.c                    0x00000000   Number         0  picture.o ABSOLUTE
    ..\Core\Src\Text.c                       0x00000000   Number         0  text.o ABSOLUTE
    ..\Core\Src\fsmc.c                       0x00000000   Number         0  fsmc.o ABSOLUTE
    ..\Core\Src\gpio.c                       0x00000000   Number         0  gpio.o ABSOLUTE
    ..\Core\Src\lcd.c                        0x00000000   Number         0  lcd.o ABSOLUTE
    ..\Core\Src\main.c                       0x00000000   Number         0  main.o ABSOLUTE
    ..\Core\Src\stm32f4xx_hal_msp.c          0x00000000   Number         0  stm32f4xx_hal_msp.o ABSOLUTE
    ..\Core\Src\stm32f4xx_it.c               0x00000000   Number         0  stm32f4xx_it.o ABSOLUTE
    ..\Core\Src\system_stm32f4xx.c           0x00000000   Number         0  system_stm32f4xx_1.o ABSOLUTE
    ..\Core\Src\usart.c                      0x00000000   Number         0  usart.o ABSOLUTE
    ..\Drivers\STM32F4xx_HAL_Driver\Src\stm32f4xx_hal.c 0x00000000   Number         0  stm32f4xx_hal.o ABSOLUTE
    ..\Drivers\STM32F4xx_HAL_Driver\Src\stm32f4xx_hal_cortex.c 0x00000000   Number         0  stm32f4xx_hal_cortex.o ABSOLUTE
    ..\Drivers\STM32F4xx_HAL_Driver\Src\stm32f4xx_hal_dma.c 0x00000000   Number         0  stm32f4xx_hal_dma.o ABSOLUTE
    ..\Drivers\STM32F4xx_HAL_Driver\Src\stm32f4xx_hal_dma_ex.c 0x00000000   Number         0  stm32f4xx_hal_dma_ex.o ABSOLUTE
    ..\Drivers\STM32F4xx_HAL_Driver\Src\stm32f4xx_hal_exti.c 0x00000000   Number         0  stm32f4xx_hal_exti.o ABSOLUTE
    ..\Drivers\STM32F4xx_HAL_Driver\Src\stm32f4xx_hal_flash.c 0x00000000   Number         0  stm32f4xx_hal_flash.o ABSOLUTE
    ..\Drivers\STM32F4xx_HAL_Driver\Src\stm32f4xx_hal_flash_ex.c 0x00000000   Number         0  stm32f4xx_hal_flash_ex.o ABSOLUTE
    ..\Drivers\STM32F4xx_HAL_Driver\Src\stm32f4xx_hal_flash_ramfunc.c 0x00000000   Number         0  stm32f4xx_hal_flash_ramfunc.o ABSOLUTE
    ..\Drivers\STM32F4xx_HAL_Driver\Src\stm32f4xx_hal_gpio.c 0x00000000   Number         0  stm32f4xx_hal_gpio.o ABSOLUTE
    ..\Drivers\STM32F4xx_HAL_Driver\Src\stm32f4xx_hal_pwr.c 0x00000000   Number         0  stm32f4xx_hal_pwr.o ABSOLUTE
    ..\Drivers\STM32F4xx_HAL_Driver\Src\stm32f4xx_hal_pwr_ex.c 0x00000000   Number         0  stm32f4xx_hal_pwr_ex.o ABSOLUTE
    ..\Drivers\STM32F4xx_HAL_Driver\Src\stm32f4xx_hal_rcc.c 0x00000000   Number         0  stm32f4xx_hal_rcc.o ABSOLUTE
    ..\Drivers\STM32F4xx_HAL_Driver\Src\stm32f4xx_hal_rcc_ex.c 0x00000000   Number         0  stm32f4xx_hal_rcc_ex.o ABSOLUTE
    ..\Drivers\STM32F4xx_HAL_Driver\Src\stm32f4xx_hal_sram.c 0x00000000   Number         0  stm32f4xx_hal_sram.o ABSOLUTE
    ..\Drivers\STM32F4xx_HAL_Driver\Src\stm32f4xx_hal_tim.c 0x00000000   Number         0  stm32f4xx_hal_tim.o ABSOLUTE
    ..\Drivers\STM32F4xx_HAL_Driver\Src\stm32f4xx_hal_tim_ex.c 0x00000000   Number         0  stm32f4xx_hal_tim_ex.o ABSOLUTE
    ..\Drivers\STM32F4xx_HAL_Driver\Src\stm32f4xx_hal_uart.c 0x00000000   Number         0  stm32f4xx_hal_uart.o ABSOLUTE
    ..\Drivers\STM32F4xx_HAL_Driver\Src\stm32f4xx_ll_fsmc.c 0x00000000   Number         0  stm32f4xx_ll_fsmc.o ABSOLUTE
    ..\\Core\\Src\\Dis_Picture.c             0x00000000   Number         0  dis_picture.o ABSOLUTE
    ..\\Core\\Src\\GBK_LibDrive.c            0x00000000   Number         0  gbk_libdrive.o ABSOLUTE
    ..\\Core\\Src\\Picture.c                 0x00000000   Number         0  picture.o ABSOLUTE
    ..\\Core\\Src\\Text.c                    0x00000000   Number         0  text.o ABSOLUTE
    ..\\Core\\Src\\lcd.c                     0x00000000   Number         0  lcd.o ABSOLUTE
    cdrcmple.s                               0x00000000   Number         0  cdrcmple.o ABSOLUTE
    dc.s                                     0x00000000   Number         0  dc.o ABSOLUTE
    handlers.s                               0x00000000   Number         0  handlers.o ABSOLUTE
    init.s                                   0x00000000   Number         0  init.o ABSOLUTE
    startup_stm32f407xx.s                    0x00000000   Number         0  startup_stm32f407xx.o ABSOLUTE
    RESET                                    0x08000000   Section      392  startup_stm32f407xx.o(RESET)
    .ARM.Collect$$$$00000000                 0x08000188   Section        0  entry.o(.ARM.Collect$$$$00000000)
    .ARM.Collect$$$$00000001                 0x08000188   Section        4  entry2.o(.ARM.Collect$$$$00000001)
    .ARM.Collect$$$$00000004                 0x0800018c   Section        4  entry5.o(.ARM.Collect$$$$00000004)
    .ARM.Collect$$$$00000008                 0x08000190   Section        0  entry7b.o(.ARM.Collect$$$$00000008)
    .ARM.Collect$$$$0000000A                 0x08000190   Section        0  entry8b.o(.ARM.Collect$$$$0000000A)
    .ARM.Collect$$$$0000000B                 0x08000190   Section        8  entry9a.o(.ARM.Collect$$$$0000000B)
    .ARM.Collect$$$$0000000E                 0x08000198   Section        4  entry12b.o(.ARM.Collect$$$$0000000E)
    .ARM.Collect$$$$0000000F                 0x0800019c   Section        0  entry10a.o(.ARM.Collect$$$$0000000F)
    .ARM.Collect$$$$00000011                 0x0800019c   Section        0  entry11a.o(.ARM.Collect$$$$00000011)
    .ARM.Collect$$$$00002712                 0x0800019c   Section        4  entry2.o(.ARM.Collect$$$$00002712)
    __lit__00000000                          0x0800019c   Data           4  entry2.o(.ARM.Collect$$$$00002712)
    .text                                    0x080001a0   Section       36  startup_stm32f407xx.o(.text)
    $v0                                      0x080001a0   Number         0  startup_stm32f407xx.o(.text)
    .text                                    0x080001c4   Section        0  uldiv.o(.text)
    .text                                    0x08000226   Section        0  memseta.o(.text)
    .text                                    0x0800024a   Section        0  strlen.o(.text)
    .text                                    0x08000258   Section        0  strcmp.o(.text)
    .text                                    0x08000274   Section        0  uidiv.o(.text)
    .text                                    0x080002a0   Section        0  llshl.o(.text)
    .text                                    0x080002be   Section        0  llushr.o(.text)
    .text                                    0x080002de   Section        0  dadd.o(.text)
    .text                                    0x080002de   Section        0  iusefp.o(.text)
    .text                                    0x0800042c   Section        0  dmul.o(.text)
    .text                                    0x08000510   Section        0  ddiv.o(.text)
    .text                                    0x080005ee   Section        0  dfixul.o(.text)
    .text                                    0x08000620   Section       48  cdrcmple.o(.text)
    .text                                    0x08000650   Section       36  init.o(.text)
    .text                                    0x08000674   Section        0  llsshr.o(.text)
    .text                                    0x08000698   Section        0  depilogue.o(.text)
    i.BusFault_Handler                       0x08000752   Section        0  stm32f4xx_it.o(i.BusFault_Handler)
    i.Color_Test                             0x08000754   Section        0  lcd.o(i.Color_Test)
    i.Copy_HZK16                             0x08000848   Section        0  text.o(i.Copy_HZK16)
    i.Copy_HZK24                             0x08000888   Section        0  text.o(i.Copy_HZK24)
    i.Copy_Mem                               0x080008cc   Section        0  text.o(i.Copy_Mem)
    i.DebugMon_Handler                       0x080008e4   Section        0  stm32f4xx_it.o(i.DebugMon_Handler)
    i.Demo_Menu                              0x080008e8   Section        0  lcd.o(i.Demo_Menu)
    i.DisplayButtonUp                        0x08000a14   Section        0  lcd.o(i.DisplayButtonUp)
    i.DrawFontASC_GBK48B                     0x08000a94   Section        0  gbk_libdrive.o(i.DrawFontASC_GBK48B)
    i.DrawFontASC_GBK64B                     0x08000ad0   Section        0  gbk_libdrive.o(i.DrawFontASC_GBK64B)
    i.DrawFont_GBK12B                        0x08000b0c   Section        0  gbk_libdrive.o(i.DrawFont_GBK12B)
    i.DrawFont_GBK16B                        0x08000b48   Section        0  gbk_libdrive.o(i.DrawFont_GBK16B)
    i.DrawFont_GBK32B                        0x08000b84   Section        0  gbk_libdrive.o(i.DrawFont_GBK32B)
    i.Draw_Font16B                           0x08000bc0   Section        0  text.o(i.Draw_Font16B)
    i.Draw_Font24B                           0x08000bf0   Section        0  text.o(i.Draw_Font24B)
    i.Draw_Test                              0x08000c20   Section        0  lcd.o(i.Draw_Test)
    i.Error_Handler                          0x08000c8e   Section        0  main.o(i.Error_Handler)
    i.FSMC_NORSRAM_Extended_Timing_Init      0x08000c94   Section        0  stm32f4xx_ll_fsmc.o(i.FSMC_NORSRAM_Extended_Timing_Init)
    i.FSMC_NORSRAM_Init                      0x08000cd0   Section        0  stm32f4xx_ll_fsmc.o(i.FSMC_NORSRAM_Init)
    i.FSMC_NORSRAM_Timing_Init               0x08000d38   Section        0  stm32f4xx_ll_fsmc.o(i.FSMC_NORSRAM_Timing_Init)
    i.FontLib_Read                           0x08000d7c   Section        0  gbk_libdrive.o(i.FontLib_Read)
    i.Font_SPI_WR                            0x08000de4   Section        0  gbk_libdrive.o(i.Font_SPI_WR)
    i.Font_Test                              0x08000e4c   Section        0  lcd.o(i.Font_Test)
    i.GBK_GetASC_Point                       0x08000f9c   Section        0  gbk_libdrive.o(i.GBK_GetASC_Point)
    i.GBK_LibFont_Test                       0x08001000   Section        0  gbk_libdrive.o(i.GBK_LibFont_Test)
    i.GBK_Lib_GetHz                          0x080011dc   Section        0  gbk_libdrive.o(i.GBK_Lib_GetHz)
    i.GBK_ShowASCII                          0x08001260   Section        0  gbk_libdrive.o(i.GBK_ShowASCII)
    i.GBK_Show_Font                          0x08001304   Section        0  gbk_libdrive.o(i.GBK_Show_Font)
    i.GBK_Show_Str                           0x080013a0   Section        0  gbk_libdrive.o(i.GBK_Show_Str)
    i.GBK_Show_StrMid                        0x08001440   Section        0  gbk_libdrive.o(i.GBK_Show_StrMid)
    i.GBK_delay                              0x080014ac   Section        0  gbk_libdrive.o(i.GBK_delay)
    i.Get_HzMat                              0x080014c4   Section        0  text.o(i.Get_HzMat)
    i.HAL_DMA_Abort                          0x08001516   Section        0  stm32f4xx_hal_dma.o(i.HAL_DMA_Abort)
    i.HAL_DMA_Abort_IT                       0x080015a8   Section        0  stm32f4xx_hal_dma.o(i.HAL_DMA_Abort_IT)
    i.HAL_Delay                              0x080015cc   Section        0  stm32f4xx_hal.o(i.HAL_Delay)
    i.HAL_FSMC_MspInit                       0x080015f0   Section        0  fsmc.o(i.HAL_FSMC_MspInit)
    HAL_FSMC_MspInit                         0x080015f1   Thumb Code   144  fsmc.o(i.HAL_FSMC_MspInit)
    i.HAL_GPIO_Init                          0x08001698   Section        0  stm32f4xx_hal_gpio.o(i.HAL_GPIO_Init)
    i.HAL_GPIO_ReadPin                       0x08001888   Section        0  stm32f4xx_hal_gpio.o(i.HAL_GPIO_ReadPin)
    i.HAL_GPIO_TogglePin                     0x08001892   Section        0  stm32f4xx_hal_gpio.o(i.HAL_GPIO_TogglePin)
    i.HAL_GPIO_WritePin                      0x080018a2   Section        0  stm32f4xx_hal_gpio.o(i.HAL_GPIO_WritePin)
    i.HAL_GetTick                            0x080018ac   Section        0  stm32f4xx_hal.o(i.HAL_GetTick)
    i.HAL_IncTick                            0x080018b8   Section        0  stm32f4xx_hal.o(i.HAL_IncTick)
    i.HAL_Init                               0x080018c8   Section        0  stm32f4xx_hal.o(i.HAL_Init)
    i.HAL_InitTick                           0x080018fc   Section        0  stm32f4xx_hal.o(i.HAL_InitTick)
    i.HAL_MspInit                            0x0800193c   Section        0  stm32f4xx_hal_msp.o(i.HAL_MspInit)
    i.HAL_NVIC_EnableIRQ                     0x0800196c   Section        0  stm32f4xx_hal_cortex.o(i.HAL_NVIC_EnableIRQ)
    i.HAL_NVIC_SetPriority                   0x08001988   Section        0  stm32f4xx_hal_cortex.o(i.HAL_NVIC_SetPriority)
    i.HAL_NVIC_SetPriorityGrouping           0x080019c8   Section        0  stm32f4xx_hal_cortex.o(i.HAL_NVIC_SetPriorityGrouping)
    i.HAL_RCC_ClockConfig                    0x080019ec   Section        0  stm32f4xx_hal_rcc.o(i.HAL_RCC_ClockConfig)
    i.HAL_RCC_GetPCLK1Freq                   0x08001b20   Section        0  stm32f4xx_hal_rcc.o(i.HAL_RCC_GetPCLK1Freq)
    i.HAL_RCC_GetPCLK2Freq                   0x08001b40   Section        0  stm32f4xx_hal_rcc.o(i.HAL_RCC_GetPCLK2Freq)
    i.HAL_RCC_GetSysClockFreq                0x08001b60   Section        0  stm32f4xx_hal_rcc.o(i.HAL_RCC_GetSysClockFreq)
    i.HAL_RCC_OscConfig                      0x08001bc0   Section        0  stm32f4xx_hal_rcc.o(i.HAL_RCC_OscConfig)
    i.HAL_SRAM_Init                          0x08001f2c   Section        0  stm32f4xx_hal_sram.o(i.HAL_SRAM_Init)
    i.HAL_SRAM_MspInit                       0x08001f88   Section        0  fsmc.o(i.HAL_SRAM_MspInit)
    i.HAL_SYSTICK_Config                     0x08001f8c   Section        0  stm32f4xx_hal_cortex.o(i.HAL_SYSTICK_Config)
    i.HAL_UARTEx_RxEventCallback             0x08001fb4   Section        0  stm32f4xx_hal_uart.o(i.HAL_UARTEx_RxEventCallback)
    i.HAL_UART_ErrorCallback                 0x08001fb6   Section        0  stm32f4xx_hal_uart.o(i.HAL_UART_ErrorCallback)
    i.HAL_UART_IRQHandler                    0x08001fb8   Section        0  stm32f4xx_hal_uart.o(i.HAL_UART_IRQHandler)
    i.HAL_UART_Init                          0x08002220   Section        0  stm32f4xx_hal_uart.o(i.HAL_UART_Init)
    i.HAL_UART_MspInit                       0x08002284   Section        0  usart.o(i.HAL_UART_MspInit)
    i.HAL_UART_Receive_IT                    0x08002300   Section        0  stm32f4xx_hal_uart.o(i.HAL_UART_Receive_IT)
    i.HAL_UART_RxCpltCallback                0x0800232c   Section        0  usart.o(i.HAL_UART_RxCpltCallback)
    i.HAL_UART_Transmit                      0x08002370   Section        0  stm32f4xx_hal_uart.o(i.HAL_UART_Transmit)
    i.HAL_UART_TxCpltCallback                0x08002422   Section        0  stm32f4xx_hal_uart.o(i.HAL_UART_TxCpltCallback)
    i.HardFault_Handler                      0x08002424   Section        0  stm32f4xx_it.o(i.HardFault_Handler)
    i.LCD_Clear                              0x08002428   Section        0  lcd.o(i.LCD_Clear)
    i.LCD_Display_Dir                        0x08002464   Section        0  lcd.o(i.LCD_Display_Dir)
    i.LCD_DrawLine                           0x080024d4   Section        0  lcd.o(i.LCD_DrawLine)
    i.LCD_DrawRectangle                      0x08002570   Section        0  lcd.o(i.LCD_DrawRectangle)
    i.LCD_Draw_Circle                        0x080025b4   Section        0  lcd.o(i.LCD_Draw_Circle)
    i.LCD_Fast_DrawPoint                     0x08002678   Section        0  lcd.o(i.LCD_Fast_DrawPoint)
    i.LCD_Fill                               0x080026b0   Section        0  lcd.o(i.LCD_Fill)
    i.LCD_Init                               0x080026f4   Section        0  lcd.o(i.LCD_Init)
    i.LCD_RD_DATA                            0x080028dc   Section        0  lcd.o(i.LCD_RD_DATA)
    i.LCD_ReadReg                            0x080028f0   Section        0  lcd.o(i.LCD_ReadReg)
    i.LCD_Scan_Dir                           0x08002908   Section        0  lcd.o(i.LCD_Scan_Dir)
    i.LCD_SetCursor                          0x08002984   Section        0  lcd.o(i.LCD_SetCursor)
    i.LCD_Set_Window                         0x080029b8   Section        0  lcd.o(i.LCD_Set_Window)
    i.LCD_ShowChar                           0x08002a08   Section        0  lcd.o(i.LCD_ShowChar)
    i.LCD_WriteRAM_Prepare                   0x08002ad8   Section        0  lcd.o(i.LCD_WriteRAM_Prepare)
    i.LCD_WriteReg                           0x08002aec   Section        0  lcd.o(i.LCD_WriteReg)
    i.MX_FSMC_Init                           0x08002af8   Section        0  fsmc.o(i.MX_FSMC_Init)
    i.MX_GPIO_Init                           0x08002b80   Section        0  gpio.o(i.MX_GPIO_Init)
    i.MX_USART1_UART_Init                    0x08002cb0   Section        0  usart.o(i.MX_USART1_UART_Init)
    i.MemManage_Handler                      0x08002cf0   Section        0  stm32f4xx_it.o(i.MemManage_Handler)
    i.NMI_Handler                            0x08002cf2   Section        0  stm32f4xx_it.o(i.NMI_Handler)
    i.PendSV_Handler                         0x08002cf4   Section        0  stm32f4xx_it.o(i.PendSV_Handler)
    i.SVC_Handler                            0x08002cf6   Section        0  stm32f4xx_it.o(i.SVC_Handler)
    i.Show_Font                              0x08002cf8   Section        0  text.o(i.Show_Font)
    i.Show_Picture                           0x08002d8c   Section        0  dis_picture.o(i.Show_Picture)
    i.Show_Str                               0x08002e08   Section        0  text.o(i.Show_Str)
    i.SysTick_Handler                        0x08002ea2   Section        0  stm32f4xx_it.o(i.SysTick_Handler)
    i.SystemClock_Config                     0x08002ea8   Section        0  main.o(i.SystemClock_Config)
    i.SystemInit                             0x08002f40   Section        0  system_stm32f4xx_1.o(i.SystemInit)
    i.UART_DMAAbortOnError                   0x08002f50   Section        0  stm32f4xx_hal_uart.o(i.UART_DMAAbortOnError)
    UART_DMAAbortOnError                     0x08002f51   Thumb Code    16  stm32f4xx_hal_uart.o(i.UART_DMAAbortOnError)
    i.UART_EndRxTransfer                     0x08002f60   Section        0  stm32f4xx_hal_uart.o(i.UART_EndRxTransfer)
    UART_EndRxTransfer                       0x08002f61   Thumb Code    78  stm32f4xx_hal_uart.o(i.UART_EndRxTransfer)
    i.UART_Receive_IT                        0x08002fae   Section        0  stm32f4xx_hal_uart.o(i.UART_Receive_IT)
    UART_Receive_IT                          0x08002faf   Thumb Code   192  stm32f4xx_hal_uart.o(i.UART_Receive_IT)
    i.UART_SetConfig                         0x08003070   Section        0  stm32f4xx_hal_uart.o(i.UART_SetConfig)
    UART_SetConfig                           0x08003071   Thumb Code   258  stm32f4xx_hal_uart.o(i.UART_SetConfig)
    i.UART_Start_Receive_IT                  0x0800317c   Section        0  stm32f4xx_hal_uart.o(i.UART_Start_Receive_IT)
    i.UART_WaitOnFlagUntilTimeout            0x080031b6   Section        0  stm32f4xx_hal_uart.o(i.UART_WaitOnFlagUntilTimeout)
    UART_WaitOnFlagUntilTimeout              0x080031b7   Thumb Code   120  stm32f4xx_hal_uart.o(i.UART_WaitOnFlagUntilTimeout)
    i.USART1_IRQHandler                      0x08003230   Section        0  stm32f4xx_it.o(i.USART1_IRQHandler)
    i.UsageFault_Handler                     0x0800323c   Section        0  stm32f4xx_it.o(i.UsageFault_Handler)
    i.__0printf                              0x08003240   Section        0  printfa.o(i.__0printf)
    i.__NVIC_SetPriority                     0x08003260   Section        0  stm32f4xx_hal_cortex.o(i.__NVIC_SetPriority)
    __NVIC_SetPriority                       0x08003261   Thumb Code    32  stm32f4xx_hal_cortex.o(i.__NVIC_SetPriority)
    i.__scatterload_copy                     0x08003280   Section       14  handlers.o(i.__scatterload_copy)
    i.__scatterload_null                     0x0800328e   Section        2  handlers.o(i.__scatterload_null)
    i.__scatterload_zeroinit                 0x08003290   Section       14  handlers.o(i.__scatterload_zeroinit)
    i._fp_digits                             0x080032a0   Section        0  printfa.o(i._fp_digits)
    _fp_digits                               0x080032a1   Thumb Code   366  printfa.o(i._fp_digits)
    i._printf_core                           0x08003424   Section        0  printfa.o(i._printf_core)
    _printf_core                             0x08003425   Thumb Code  1704  printfa.o(i._printf_core)
    i._printf_post_padding                   0x08003ad8   Section        0  printfa.o(i._printf_post_padding)
    _printf_post_padding                     0x08003ad9   Thumb Code    36  printfa.o(i._printf_post_padding)
    i._printf_pre_padding                    0x08003afc   Section        0  printfa.o(i._printf_pre_padding)
    _printf_pre_padding                      0x08003afd   Thumb Code    46  printfa.o(i._printf_pre_padding)
    i.fputc                                  0x08003b2c   Section        0  usart.o(i.fputc)
    i.main                                   0x08003b50   Section        0  main.o(i.main)
    .constdata                               0x08003c00   Section     1140  font.o(.constdata)
    .constdata                               0x08004074   Section     1520  font.o(.constdata)
    .constdata                               0x08004664   Section     3420  font.o(.constdata)
    .constdata                               0x080053c0   Section     2006  font.o(.constdata)
    .constdata                               0x08005b96   Section      740  font.o(.constdata)
    .constdata                               0x08005e7a   Section    153600  picture.o(.constdata)
    .constdata                               0x0802b67a   Section       16  system_stm32f4xx_1.o(.constdata)
    .constdata                               0x0802b68a   Section        8  system_stm32f4xx_1.o(.constdata)
    .conststring                             0x0802b694   Section       65  lcd.o(.conststring)
    .data                                    0x20000000   Section        4  lcd.o(.data)
    .data                                    0x20000004   Section        8  fsmc.o(.data)
    FSMC_Initialized                         0x20000004   Data           4  fsmc.o(.data)
    FSMC_DeInitialized                       0x20000008   Data           4  fsmc.o(.data)
    .data                                    0x2000000c   Section        1  usart.o(.data)
    .data                                    0x20000010   Section       12  stm32f4xx_hal.o(.data)
    .data                                    0x2000001c   Section        4  system_stm32f4xx_1.o(.data)
    .data                                    0x20000020   Section        4  stdout.o(.data)
    .bss                                     0x20000024   Section       14  lcd.o(.bss)
    .bss                                     0x20000034   Section       80  fsmc.o(.bss)
    .bss                                     0x20000084   Section      328  usart.o(.bss)
    STACK                                    0x200001d0   Section     4096  startup_stm32f407xx.o(STACK)

    Global Symbols

    Symbol Name                              Value     Ov Type        Size  Object(Section)

    BuildAttributes$$THM_ISAv4$E$P$D$K$B$S$7EM$VFPi3$EXTD16$VFPS$VFMA$PE$A:L22UL41UL21$X:L11$S22US41US21$IEEE1$IW$USESV6$~STKCKD$USESV7$~SHL$OSPACE$ROPI$EBA8$MICROLIB$REQ8$PRES8$EABIv2 0x00000000   Number         0  anon$$obj.o ABSOLUTE
    __ARM_use_no_argv                        0x00000000   Number         0  main.o ABSOLUTE
    _printf_a                                0x00000000   Number         0  stubs.o ABSOLUTE
    _printf_c                                0x00000000   Number         0  stubs.o ABSOLUTE
    _printf_charcount                        0x00000000   Number         0  stubs.o ABSOLUTE
    _printf_d                                0x00000000   Number         0  stubs.o ABSOLUTE
    _printf_e                                0x00000000   Number         0  stubs.o ABSOLUTE
    _printf_f                                0x00000000   Number         0  stubs.o ABSOLUTE
    _printf_flags                            0x00000000   Number         0  stubs.o ABSOLUTE
    _printf_fp_dec                           0x00000000   Number         0  stubs.o ABSOLUTE
    _printf_fp_hex                           0x00000000   Number         0  stubs.o ABSOLUTE
    _printf_g                                0x00000000   Number         0  stubs.o ABSOLUTE
    _printf_i                                0x00000000   Number         0  stubs.o ABSOLUTE
    _printf_int_dec                          0x00000000   Number         0  stubs.o ABSOLUTE
    _printf_l                                0x00000000   Number         0  stubs.o ABSOLUTE
    _printf_lc                               0x00000000   Number         0  stubs.o ABSOLUTE
    _printf_ll                               0x00000000   Number         0  stubs.o ABSOLUTE
    _printf_lld                              0x00000000   Number         0  stubs.o ABSOLUTE
    _printf_lli                              0x00000000   Number         0  stubs.o ABSOLUTE
    _printf_llo                              0x00000000   Number         0  stubs.o ABSOLUTE
    _printf_llu                              0x00000000   Number         0  stubs.o ABSOLUTE
    _printf_llx                              0x00000000   Number         0  stubs.o ABSOLUTE
    _printf_longlong_dec                     0x00000000   Number         0  stubs.o ABSOLUTE
    _printf_longlong_hex                     0x00000000   Number         0  stubs.o ABSOLUTE
    _printf_longlong_oct                     0x00000000   Number         0  stubs.o ABSOLUTE
    _printf_ls                               0x00000000   Number         0  stubs.o ABSOLUTE
    _printf_mbtowc                           0x00000000   Number         0  stubs.o ABSOLUTE
    _printf_n                                0x00000000   Number         0  stubs.o ABSOLUTE
    _printf_o                                0x00000000   Number         0  stubs.o ABSOLUTE
    _printf_p                                0x00000000   Number         0  stubs.o ABSOLUTE
    _printf_percent                          0x00000000   Number         0  stubs.o ABSOLUTE
    _printf_pre_padding                      0x00000000   Number         0  stubs.o ABSOLUTE
    _printf_return_value                     0x00000000   Number         0  stubs.o ABSOLUTE
    _printf_s                                0x00000000   Number         0  stubs.o ABSOLUTE
    _printf_sizespec                         0x00000000   Number         0  stubs.o ABSOLUTE
    _printf_str                              0x00000000   Number         0  stubs.o ABSOLUTE
    _printf_truncate_signed                  0x00000000   Number         0  stubs.o ABSOLUTE
    _printf_truncate_unsigned                0x00000000   Number         0  stubs.o ABSOLUTE
    _printf_u                                0x00000000   Number         0  stubs.o ABSOLUTE
    _printf_wc                               0x00000000   Number         0  stubs.o ABSOLUTE
    _printf_wctomb                           0x00000000   Number         0  stubs.o ABSOLUTE
    _printf_widthprec                        0x00000000   Number         0  stubs.o ABSOLUTE
    _printf_x                                0x00000000   Number         0  stubs.o ABSOLUTE
    __arm_fini_                               - Undefined Weak Reference
    __cpp_initialize__aeabi_                  - Undefined Weak Reference
    __cxa_finalize                            - Undefined Weak Reference
    __decompress                              - Undefined Weak Reference
    _clock_init                               - Undefined Weak Reference
    _microlib_exit                            - Undefined Weak Reference
    __Vectors_Size                           0x00000188   Number         0  startup_stm32f407xx.o ABSOLUTE
    __Vectors                                0x08000000   Data           4  startup_stm32f407xx.o(RESET)
    __Vectors_End                            0x08000188   Data           0  startup_stm32f407xx.o(RESET)
    __main                                   0x08000189   Thumb Code     0  entry.o(.ARM.Collect$$$$00000000)
    _main_stk                                0x08000189   Thumb Code     0  entry2.o(.ARM.Collect$$$$00000001)
    _main_scatterload                        0x0800018d   Thumb Code     0  entry5.o(.ARM.Collect$$$$00000004)
    __main_after_scatterload                 0x08000191   Thumb Code     0  entry5.o(.ARM.Collect$$$$00000004)
    _main_clock                              0x08000191   Thumb Code     0  entry7b.o(.ARM.Collect$$$$00000008)
    _main_cpp_init                           0x08000191   Thumb Code     0  entry8b.o(.ARM.Collect$$$$0000000A)
    _main_init                               0x08000191   Thumb Code     0  entry9a.o(.ARM.Collect$$$$0000000B)
    __rt_lib_shutdown_fini                   0x08000199   Thumb Code     0  entry12b.o(.ARM.Collect$$$$0000000E)
    __rt_final_cpp                           0x0800019d   Thumb Code     0  entry10a.o(.ARM.Collect$$$$0000000F)
    __rt_final_exit                          0x0800019d   Thumb Code     0  entry11a.o(.ARM.Collect$$$$00000011)
    Reset_Handler                            0x080001a1   Thumb Code     8  startup_stm32f407xx.o(.text)
    ADC_IRQHandler                           0x080001bb   Thumb Code     0  startup_stm32f407xx.o(.text)
    CAN1_RX0_IRQHandler                      0x080001bb   Thumb Code     0  startup_stm32f407xx.o(.text)
    CAN1_RX1_IRQHandler                      0x080001bb   Thumb Code     0  startup_stm32f407xx.o(.text)
    CAN1_SCE_IRQHandler                      0x080001bb   Thumb Code     0  startup_stm32f407xx.o(.text)
    CAN1_TX_IRQHandler                       0x080001bb   Thumb Code     0  startup_stm32f407xx.o(.text)
    CAN2_RX0_IRQHandler                      0x080001bb   Thumb Code     0  startup_stm32f407xx.o(.text)
    CAN2_RX1_IRQHandler                      0x080001bb   Thumb Code     0  startup_stm32f407xx.o(.text)
    CAN2_SCE_IRQHandler                      0x080001bb   Thumb Code     0  startup_stm32f407xx.o(.text)
    CAN2_TX_IRQHandler                       0x080001bb   Thumb Code     0  startup_stm32f407xx.o(.text)
    DCMI_IRQHandler                          0x080001bb   Thumb Code     0  startup_stm32f407xx.o(.text)
    DMA1_Stream0_IRQHandler                  0x080001bb   Thumb Code     0  startup_stm32f407xx.o(.text)
    DMA1_Stream1_IRQHandler                  0x080001bb   Thumb Code     0  startup_stm32f407xx.o(.text)
    DMA1_Stream2_IRQHandler                  0x080001bb   Thumb Code     0  startup_stm32f407xx.o(.text)
    DMA1_Stream3_IRQHandler                  0x080001bb   Thumb Code     0  startup_stm32f407xx.o(.text)
    DMA1_Stream4_IRQHandler                  0x080001bb   Thumb Code     0  startup_stm32f407xx.o(.text)
    DMA1_Stream5_IRQHandler                  0x080001bb   Thumb Code     0  startup_stm32f407xx.o(.text)
    DMA1_Stream6_IRQHandler                  0x080001bb   Thumb Code     0  startup_stm32f407xx.o(.text)
    DMA1_Stream7_IRQHandler                  0x080001bb   Thumb Code     0  startup_stm32f407xx.o(.text)
    DMA2_Stream0_IRQHandler                  0x080001bb   Thumb Code     0  startup_stm32f407xx.o(.text)
    DMA2_Stream1_IRQHandler                  0x080001bb   Thumb Code     0  startup_stm32f407xx.o(.text)
    DMA2_Stream2_IRQHandler                  0x080001bb   Thumb Code     0  startup_stm32f407xx.o(.text)
    DMA2_Stream3_IRQHandler                  0x080001bb   Thumb Code     0  startup_stm32f407xx.o(.text)
    DMA2_Stream4_IRQHandler                  0x080001bb   Thumb Code     0  startup_stm32f407xx.o(.text)
    DMA2_Stream5_IRQHandler                  0x080001bb   Thumb Code     0  startup_stm32f407xx.o(.text)
    DMA2_Stream6_IRQHandler                  0x080001bb   Thumb Code     0  startup_stm32f407xx.o(.text)
    DMA2_Stream7_IRQHandler                  0x080001bb   Thumb Code     0  startup_stm32f407xx.o(.text)
    ETH_IRQHandler                           0x080001bb   Thumb Code     0  startup_stm32f407xx.o(.text)
    ETH_WKUP_IRQHandler                      0x080001bb   Thumb Code     0  startup_stm32f407xx.o(.text)
    EXTI0_IRQHandler                         0x080001bb   Thumb Code     0  startup_stm32f407xx.o(.text)
    EXTI15_10_IRQHandler                     0x080001bb   Thumb Code     0  startup_stm32f407xx.o(.text)
    EXTI1_IRQHandler                         0x080001bb   Thumb Code     0  startup_stm32f407xx.o(.text)
    EXTI2_IRQHandler                         0x080001bb   Thumb Code     0  startup_stm32f407xx.o(.text)
    EXTI3_IRQHandler                         0x080001bb   Thumb Code     0  startup_stm32f407xx.o(.text)
    EXTI4_IRQHandler                         0x080001bb   Thumb Code     0  startup_stm32f407xx.o(.text)
    EXTI9_5_IRQHandler                       0x080001bb   Thumb Code     0  startup_stm32f407xx.o(.text)
    FLASH_IRQHandler                         0x080001bb   Thumb Code     0  startup_stm32f407xx.o(.text)
    FMC_IRQHandler                           0x080001bb   Thumb Code     0  startup_stm32f407xx.o(.text)
    FPU_IRQHandler                           0x080001bb   Thumb Code     0  startup_stm32f407xx.o(.text)
    HASH_RNG_IRQHandler                      0x080001bb   Thumb Code     0  startup_stm32f407xx.o(.text)
    I2C1_ER_IRQHandler                       0x080001bb   Thumb Code     0  startup_stm32f407xx.o(.text)
    I2C1_EV_IRQHandler                       0x080001bb   Thumb Code     0  startup_stm32f407xx.o(.text)
    I2C2_ER_IRQHandler                       0x080001bb   Thumb Code     0  startup_stm32f407xx.o(.text)
    I2C2_EV_IRQHandler                       0x080001bb   Thumb Code     0  startup_stm32f407xx.o(.text)
    I2C3_ER_IRQHandler                       0x080001bb   Thumb Code     0  startup_stm32f407xx.o(.text)
    I2C3_EV_IRQHandler                       0x080001bb   Thumb Code     0  startup_stm32f407xx.o(.text)
    OTG_FS_IRQHandler                        0x080001bb   Thumb Code     0  startup_stm32f407xx.o(.text)
    OTG_FS_WKUP_IRQHandler                   0x080001bb   Thumb Code     0  startup_stm32f407xx.o(.text)
    OTG_HS_EP1_IN_IRQHandler                 0x080001bb   Thumb Code     0  startup_stm32f407xx.o(.text)
    OTG_HS_EP1_OUT_IRQHandler                0x080001bb   Thumb Code     0  startup_stm32f407xx.o(.text)
    OTG_HS_IRQHandler                        0x080001bb   Thumb Code     0  startup_stm32f407xx.o(.text)
    OTG_HS_WKUP_IRQHandler                   0x080001bb   Thumb Code     0  startup_stm32f407xx.o(.text)
    PVD_IRQHandler                           0x080001bb   Thumb Code     0  startup_stm32f407xx.o(.text)
    RCC_IRQHandler                           0x080001bb   Thumb Code     0  startup_stm32f407xx.o(.text)
    RTC_Alarm_IRQHandler                     0x080001bb   Thumb Code     0  startup_stm32f407xx.o(.text)
    RTC_WKUP_IRQHandler                      0x080001bb   Thumb Code     0  startup_stm32f407xx.o(.text)
    SDIO_IRQHandler                          0x080001bb   Thumb Code     0  startup_stm32f407xx.o(.text)
    SPI1_IRQHandler                          0x080001bb   Thumb Code     0  startup_stm32f407xx.o(.text)
    SPI2_IRQHandler                          0x080001bb   Thumb Code     0  startup_stm32f407xx.o(.text)
    SPI3_IRQHandler                          0x080001bb   Thumb Code     0  startup_stm32f407xx.o(.text)
    TAMP_STAMP_IRQHandler                    0x080001bb   Thumb Code     0  startup_stm32f407xx.o(.text)
    TIM1_BRK_TIM9_IRQHandler                 0x080001bb   Thumb Code     0  startup_stm32f407xx.o(.text)
    TIM1_CC_IRQHandler                       0x080001bb   Thumb Code     0  startup_stm32f407xx.o(.text)
    TIM1_TRG_COM_TIM11_IRQHandler            0x080001bb   Thumb Code     0  startup_stm32f407xx.o(.text)
    TIM1_UP_TIM10_IRQHandler                 0x080001bb   Thumb Code     0  startup_stm32f407xx.o(.text)
    TIM2_IRQHandler                          0x080001bb   Thumb Code     0  startup_stm32f407xx.o(.text)
    TIM3_IRQHandler                          0x080001bb   Thumb Code     0  startup_stm32f407xx.o(.text)
    TIM4_IRQHandler                          0x080001bb   Thumb Code     0  startup_stm32f407xx.o(.text)
    TIM5_IRQHandler                          0x080001bb   Thumb Code     0  startup_stm32f407xx.o(.text)
    TIM6_DAC_IRQHandler                      0x080001bb   Thumb Code     0  startup_stm32f407xx.o(.text)
    TIM7_IRQHandler                          0x080001bb   Thumb Code     0  startup_stm32f407xx.o(.text)
    TIM8_BRK_TIM12_IRQHandler                0x080001bb   Thumb Code     0  startup_stm32f407xx.o(.text)
    TIM8_CC_IRQHandler                       0x080001bb   Thumb Code     0  startup_stm32f407xx.o(.text)
    TIM8_TRG_COM_TIM14_IRQHandler            0x080001bb   Thumb Code     0  startup_stm32f407xx.o(.text)
    TIM8_UP_TIM13_IRQHandler                 0x080001bb   Thumb Code     0  startup_stm32f407xx.o(.text)
    UART4_IRQHandler                         0x080001bb   Thumb Code     0  startup_stm32f407xx.o(.text)
    UART5_IRQHandler                         0x080001bb   Thumb Code     0  startup_stm32f407xx.o(.text)
    USART2_IRQHandler                        0x080001bb   Thumb Code     0  startup_stm32f407xx.o(.text)
    USART3_IRQHandler                        0x080001bb   Thumb Code     0  startup_stm32f407xx.o(.text)
    USART6_IRQHandler                        0x080001bb   Thumb Code     0  startup_stm32f407xx.o(.text)
    WWDG_IRQHandler                          0x080001bb   Thumb Code     0  startup_stm32f407xx.o(.text)
    __aeabi_uldivmod                         0x080001c5   Thumb Code    98  uldiv.o(.text)
    __aeabi_memset                           0x08000227   Thumb Code    14  memseta.o(.text)
    __aeabi_memset4                          0x08000227   Thumb Code     0  memseta.o(.text)
    __aeabi_memset8                          0x08000227   Thumb Code     0  memseta.o(.text)
    __aeabi_memclr                           0x08000235   Thumb Code     4  memseta.o(.text)
    __aeabi_memclr4                          0x08000235   Thumb Code     0  memseta.o(.text)
    __aeabi_memclr8                          0x08000235   Thumb Code     0  memseta.o(.text)
    _memset$wrapper                          0x08000239   Thumb Code    18  memseta.o(.text)
    strlen                                   0x0800024b   Thumb Code    14  strlen.o(.text)
    strcmp                                   0x08000259   Thumb Code    28  strcmp.o(.text)
    __aeabi_uidiv                            0x08000275   Thumb Code     0  uidiv.o(.text)
    __aeabi_uidivmod                         0x08000275   Thumb Code    44  uidiv.o(.text)
    __aeabi_llsl                             0x080002a1   Thumb Code    30  llshl.o(.text)
    _ll_shift_l                              0x080002a1   Thumb Code     0  llshl.o(.text)
    __aeabi_llsr                             0x080002bf   Thumb Code    32  llushr.o(.text)
    _ll_ushift_r                             0x080002bf   Thumb Code     0  llushr.o(.text)
    __I$use$fp                               0x080002df   Thumb Code     0  iusefp.o(.text)
    __aeabi_dadd                             0x080002df   Thumb Code   322  dadd.o(.text)
    __aeabi_dsub                             0x08000421   Thumb Code     6  dadd.o(.text)
    __aeabi_drsub                            0x08000427   Thumb Code     6  dadd.o(.text)
    __aeabi_dmul                             0x0800042d   Thumb Code   228  dmul.o(.text)
    __aeabi_ddiv                             0x08000511   Thumb Code   222  ddiv.o(.text)
    __aeabi_d2ulz                            0x080005ef   Thumb Code    48  dfixul.o(.text)
    __aeabi_cdrcmple                         0x08000621   Thumb Code    48  cdrcmple.o(.text)
    __scatterload                            0x08000651   Thumb Code    28  init.o(.text)
    __scatterload_rt2                        0x08000651   Thumb Code     0  init.o(.text)
    __aeabi_lasr                             0x08000675   Thumb Code    36  llsshr.o(.text)
    _ll_sshift_r                             0x08000675   Thumb Code     0  llsshr.o(.text)
    _double_round                            0x08000699   Thumb Code    30  depilogue.o(.text)
    _double_epilogue                         0x080006b7   Thumb Code   156  depilogue.o(.text)
    BusFault_Handler                         0x08000753   Thumb Code     2  stm32f4xx_it.o(i.BusFault_Handler)
    Color_Test                               0x08000755   Thumb Code   222  lcd.o(i.Color_Test)
    Copy_HZK16                               0x08000849   Thumb Code    60  text.o(i.Copy_HZK16)
    Copy_HZK24                               0x08000889   Thumb Code    64  text.o(i.Copy_HZK24)
    Copy_Mem                                 0x080008cd   Thumb Code    24  text.o(i.Copy_Mem)
    DebugMon_Handler                         0x080008e5   Thumb Code     2  stm32f4xx_it.o(i.DebugMon_Handler)
    Demo_Menu                                0x080008e9   Thumb Code   166  lcd.o(i.Demo_Menu)
    DisplayButtonUp                          0x08000a15   Thumb Code   126  lcd.o(i.DisplayButtonUp)
    DrawFontASC_GBK48B                       0x08000a95   Thumb Code    50  gbk_libdrive.o(i.DrawFontASC_GBK48B)
    DrawFontASC_GBK64B                       0x08000ad1   Thumb Code    50  gbk_libdrive.o(i.DrawFontASC_GBK64B)
    DrawFont_GBK12B                          0x08000b0d   Thumb Code    50  gbk_libdrive.o(i.DrawFont_GBK12B)
    DrawFont_GBK16B                          0x08000b49   Thumb Code    50  gbk_libdrive.o(i.DrawFont_GBK16B)
    DrawFont_GBK32B                          0x08000b85   Thumb Code    50  gbk_libdrive.o(i.DrawFont_GBK32B)
    Draw_Font16B                             0x08000bc1   Thumb Code    42  text.o(i.Draw_Font16B)
    Draw_Font24B                             0x08000bf1   Thumb Code    42  text.o(i.Draw_Font24B)
    Draw_Test                                0x08000c21   Thumb Code   110  lcd.o(i.Draw_Test)
    Error_Handler                            0x08000c8f   Thumb Code     4  main.o(i.Error_Handler)
    FSMC_NORSRAM_Extended_Timing_Init        0x08000c95   Thumb Code    56  stm32f4xx_ll_fsmc.o(i.FSMC_NORSRAM_Extended_Timing_Init)
    FSMC_NORSRAM_Init                        0x08000cd1   Thumb Code    98  stm32f4xx_ll_fsmc.o(i.FSMC_NORSRAM_Init)
    FSMC_NORSRAM_Timing_Init                 0x08000d39   Thumb Code    64  stm32f4xx_ll_fsmc.o(i.FSMC_NORSRAM_Timing_Init)
    FontLib_Read                             0x08000d7d   Thumb Code   100  gbk_libdrive.o(i.FontLib_Read)
    Font_SPI_WR                              0x08000de5   Thumb Code    96  gbk_libdrive.o(i.Font_SPI_WR)
    Font_Test                                0x08000e4d   Thumb Code   170  lcd.o(i.Font_Test)
    GBK_GetASC_Point                         0x08000f9d   Thumb Code    78  gbk_libdrive.o(i.GBK_GetASC_Point)
    GBK_LibFont_Test                         0x08001001   Thumb Code   278  gbk_libdrive.o(i.GBK_LibFont_Test)
    GBK_Lib_GetHz                            0x080011dd   Thumb Code   124  gbk_libdrive.o(i.GBK_Lib_GetHz)
    GBK_ShowASCII                            0x08001261   Thumb Code   164  gbk_libdrive.o(i.GBK_ShowASCII)
    GBK_Show_Font                            0x08001305   Thumb Code   156  gbk_libdrive.o(i.GBK_Show_Font)
    GBK_Show_Str                             0x080013a1   Thumb Code   158  gbk_libdrive.o(i.GBK_Show_Str)
    GBK_Show_StrMid                          0x08001441   Thumb Code   104  gbk_libdrive.o(i.GBK_Show_StrMid)
    GBK_delay                                0x080014ad   Thumb Code    24  gbk_libdrive.o(i.GBK_delay)
    Get_HzMat                                0x080014c5   Thumb Code    82  text.o(i.Get_HzMat)
    HAL_DMA_Abort                            0x08001517   Thumb Code   146  stm32f4xx_hal_dma.o(i.HAL_DMA_Abort)
    HAL_DMA_Abort_IT                         0x080015a9   Thumb Code    36  stm32f4xx_hal_dma.o(i.HAL_DMA_Abort_IT)
    HAL_Delay                                0x080015cd   Thumb Code    32  stm32f4xx_hal.o(i.HAL_Delay)
    HAL_GPIO_Init                            0x08001699   Thumb Code   450  stm32f4xx_hal_gpio.o(i.HAL_GPIO_Init)
    HAL_GPIO_ReadPin                         0x08001889   Thumb Code    10  stm32f4xx_hal_gpio.o(i.HAL_GPIO_ReadPin)
    HAL_GPIO_TogglePin                       0x08001893   Thumb Code    16  stm32f4xx_hal_gpio.o(i.HAL_GPIO_TogglePin)
    HAL_GPIO_WritePin                        0x080018a3   Thumb Code    10  stm32f4xx_hal_gpio.o(i.HAL_GPIO_WritePin)
    HAL_GetTick                              0x080018ad   Thumb Code     6  stm32f4xx_hal.o(i.HAL_GetTick)
    HAL_IncTick                              0x080018b9   Thumb Code    12  stm32f4xx_hal.o(i.HAL_IncTick)
    HAL_Init                                 0x080018c9   Thumb Code    48  stm32f4xx_hal.o(i.HAL_Init)
    HAL_InitTick                             0x080018fd   Thumb Code    54  stm32f4xx_hal.o(i.HAL_InitTick)
    HAL_MspInit                              0x0800193d   Thumb Code    42  stm32f4xx_hal_msp.o(i.HAL_MspInit)
    HAL_NVIC_EnableIRQ                       0x0800196d   Thumb Code    26  stm32f4xx_hal_cortex.o(i.HAL_NVIC_EnableIRQ)
    HAL_NVIC_SetPriority                     0x08001989   Thumb Code    60  stm32f4xx_hal_cortex.o(i.HAL_NVIC_SetPriority)
    HAL_NVIC_SetPriorityGrouping             0x080019c9   Thumb Code    26  stm32f4xx_hal_cortex.o(i.HAL_NVIC_SetPriorityGrouping)
    HAL_RCC_ClockConfig                      0x080019ed   Thumb Code   288  stm32f4xx_hal_rcc.o(i.HAL_RCC_ClockConfig)
    HAL_RCC_GetPCLK1Freq                     0x08001b21   Thumb Code    20  stm32f4xx_hal_rcc.o(i.HAL_RCC_GetPCLK1Freq)
    HAL_RCC_GetPCLK2Freq                     0x08001b41   Thumb Code    20  stm32f4xx_hal_rcc.o(i.HAL_RCC_GetPCLK2Freq)
    HAL_RCC_GetSysClockFreq                  0x08001b61   Thumb Code    88  stm32f4xx_hal_rcc.o(i.HAL_RCC_GetSysClockFreq)
    HAL_RCC_OscConfig                        0x08001bc1   Thumb Code   856  stm32f4xx_hal_rcc.o(i.HAL_RCC_OscConfig)
    HAL_SRAM_Init                            0x08001f2d   Thumb Code    92  stm32f4xx_hal_sram.o(i.HAL_SRAM_Init)
    HAL_SRAM_MspInit                         0x08001f89   Thumb Code     4  fsmc.o(i.HAL_SRAM_MspInit)
    HAL_SYSTICK_Config                       0x08001f8d   Thumb Code    40  stm32f4xx_hal_cortex.o(i.HAL_SYSTICK_Config)
    HAL_UARTEx_RxEventCallback               0x08001fb5   Thumb Code     2  stm32f4xx_hal_uart.o(i.HAL_UARTEx_RxEventCallback)
    HAL_UART_ErrorCallback                   0x08001fb7   Thumb Code     2  stm32f4xx_hal_uart.o(i.HAL_UART_ErrorCallback)
    HAL_UART_IRQHandler                      0x08001fb9   Thumb Code   610  stm32f4xx_hal_uart.o(i.HAL_UART_IRQHandler)
    HAL_UART_Init                            0x08002221   Thumb Code    98  stm32f4xx_hal_uart.o(i.HAL_UART_Init)
    HAL_UART_MspInit                         0x08002285   Thumb Code   110  usart.o(i.HAL_UART_MspInit)
    HAL_UART_Receive_IT                      0x08002301   Thumb Code    42  stm32f4xx_hal_uart.o(i.HAL_UART_Receive_IT)
    HAL_UART_RxCpltCallback                  0x0800232d   Thumb Code    60  usart.o(i.HAL_UART_RxCpltCallback)
    HAL_UART_Transmit                        0x08002371   Thumb Code   178  stm32f4xx_hal_uart.o(i.HAL_UART_Transmit)
    HAL_UART_TxCpltCallback                  0x08002423   Thumb Code     2  stm32f4xx_hal_uart.o(i.HAL_UART_TxCpltCallback)
    HardFault_Handler                        0x08002425   Thumb Code     2  stm32f4xx_it.o(i.HardFault_Handler)
    LCD_Clear                                0x08002429   Thumb Code    56  lcd.o(i.LCD_Clear)
    LCD_Display_Dir                          0x08002465   Thumb Code   108  lcd.o(i.LCD_Display_Dir)
    LCD_DrawLine                             0x080024d5   Thumb Code   156  lcd.o(i.LCD_DrawLine)
    LCD_DrawRectangle                        0x08002571   Thumb Code    68  lcd.o(i.LCD_DrawRectangle)
    LCD_Draw_Circle                          0x080025b5   Thumb Code   196  lcd.o(i.LCD_Draw_Circle)
    LCD_Fast_DrawPoint                       0x08002679   Thumb Code    52  lcd.o(i.LCD_Fast_DrawPoint)
    LCD_Fill                                 0x080026b1   Thumb Code    68  lcd.o(i.LCD_Fill)
    LCD_Init                                 0x080026f5   Thumb Code   480  lcd.o(i.LCD_Init)
    LCD_RD_DATA                              0x080028dd   Thumb Code    20  lcd.o(i.LCD_RD_DATA)
    LCD_ReadReg                              0x080028f1   Thumb Code    24  lcd.o(i.LCD_ReadReg)
    LCD_Scan_Dir                             0x08002909   Thumb Code   120  lcd.o(i.LCD_Scan_Dir)
    LCD_SetCursor                            0x08002985   Thumb Code    46  lcd.o(i.LCD_SetCursor)
    LCD_Set_Window                           0x080029b9   Thumb Code    74  lcd.o(i.LCD_Set_Window)
    LCD_ShowChar                             0x08002a09   Thumb Code   188  lcd.o(i.LCD_ShowChar)
    LCD_WriteRAM_Prepare                     0x08002ad9   Thumb Code    14  lcd.o(i.LCD_WriteRAM_Prepare)
    LCD_WriteReg                             0x08002aed   Thumb Code    12  lcd.o(i.LCD_WriteReg)
    MX_FSMC_Init                             0x08002af9   Thumb Code   128  fsmc.o(i.MX_FSMC_Init)
    MX_GPIO_Init                             0x08002b81   Thumb Code   288  gpio.o(i.MX_GPIO_Init)
    MX_USART1_UART_Init                      0x08002cb1   Thumb Code    54  usart.o(i.MX_USART1_UART_Init)
    MemManage_Handler                        0x08002cf1   Thumb Code     2  stm32f4xx_it.o(i.MemManage_Handler)
    NMI_Handler                              0x08002cf3   Thumb Code     2  stm32f4xx_it.o(i.NMI_Handler)
    PendSV_Handler                           0x08002cf5   Thumb Code     2  stm32f4xx_it.o(i.PendSV_Handler)
    SVC_Handler                              0x08002cf7   Thumb Code     2  stm32f4xx_it.o(i.SVC_Handler)
    Show_Font                                0x08002cf9   Thumb Code   142  text.o(i.Show_Font)
    Show_Picture                             0x08002d8d   Thumb Code   104  dis_picture.o(i.Show_Picture)
    Show_Str                                 0x08002e09   Thumb Code   154  text.o(i.Show_Str)
    SysTick_Handler                          0x08002ea3   Thumb Code     4  stm32f4xx_it.o(i.SysTick_Handler)
    SystemClock_Config                       0x08002ea9   Thumb Code   142  main.o(i.SystemClock_Config)
    SystemInit                               0x08002f41   Thumb Code    12  system_stm32f4xx_1.o(i.SystemInit)
    UART_Start_Receive_IT                    0x0800317d   Thumb Code    58  stm32f4xx_hal_uart.o(i.UART_Start_Receive_IT)
    USART1_IRQHandler                        0x08003231   Thumb Code     6  stm32f4xx_it.o(i.USART1_IRQHandler)
    UsageFault_Handler                       0x0800323d   Thumb Code     2  stm32f4xx_it.o(i.UsageFault_Handler)
    __0printf                                0x08003241   Thumb Code    22  printfa.o(i.__0printf)
    __1printf                                0x08003241   Thumb Code     0  printfa.o(i.__0printf)
    __2printf                                0x08003241   Thumb Code     0  printfa.o(i.__0printf)
    __c89printf                              0x08003241   Thumb Code     0  printfa.o(i.__0printf)
    printf                                   0x08003241   Thumb Code     0  printfa.o(i.__0printf)
    __scatterload_copy                       0x08003281   Thumb Code    14  handlers.o(i.__scatterload_copy)
    __scatterload_null                       0x0800328f   Thumb Code     2  handlers.o(i.__scatterload_null)
    __scatterload_zeroinit                   0x08003291   Thumb Code    14  handlers.o(i.__scatterload_zeroinit)
    fputc                                    0x08003b2d   Thumb Code    32  usart.o(i.fputc)
    main                                     0x08003b51   Thumb Code   124  main.o(i.main)
    asc2_1206                                0x08003c00   Data        1140  font.o(.constdata)
    asc2_1608                                0x08004074   Data        1520  font.o(.constdata)
    asc2_2412                                0x08004664   Data        3420  font.o(.constdata)
    hz16                                     0x080053c0   Data        2006  font.o(.constdata)
    hz24                                     0x08005b96   Data         740  font.o(.constdata)
    gImage_LCD280                            0x08005e7a   Data       153600  picture.o(.constdata)
    AHBPrescTable                            0x0802b67a   Data          16  system_stm32f4xx_1.o(.constdata)
    APBPrescTable                            0x0802b68a   Data           8  system_stm32f4xx_1.o(.constdata)
    Region$$Table$$Base                      0x0802b6d8   Number         0  anon$$obj.o(Region$$Table)
    Region$$Table$$Limit                     0x0802b6f8   Number         0  anon$$obj.o(Region$$Table)
    POINT_COLOR                              0x20000000   Data           2  lcd.o(.data)
    BACK_COLOR                               0x20000002   Data           2  lcd.o(.data)
    temp                                     0x2000000c   Data           1  usart.o(.data)
    uwTickFreq                               0x20000010   Data           1  stm32f4xx_hal.o(.data)
    uwTickPrio                               0x20000014   Data           4  stm32f4xx_hal.o(.data)
    uwTick                                   0x20000018   Data           4  stm32f4xx_hal.o(.data)
    SystemCoreClock                          0x2000001c   Data           4  system_stm32f4xx_1.o(.data)
    __stdout                                 0x20000020   Data           4  stdout.o(.data)
    lcddev                                   0x20000024   Data          14  lcd.o(.bss)
    hsram1                                   0x20000034   Data          80  fsmc.o(.bss)
    usart1Recv                               0x20000084   Data         260  usart.o(.bss)
    huart1                                   0x20000188   Data          68  usart.o(.bss)
    __initial_sp                             0x200011d0   Data           0  startup_stm32f407xx.o(STACK)



==============================================================================

Memory Map of the image

  Image Entry point : 0x08000189

  Load Region LR_IROM1 (Base: 0x08000000, Size: 0x0002b71c, Max: 0x00100000, ABSOLUTE)

    Execution Region ER_IROM1 (Exec base: 0x08000000, Load base: 0x08000000, Size: 0x0002b6f8, Max: 0x00100000, ABSOLUTE)

    Exec Addr    Load Addr    Size         Type   Attr      Idx    E Section Name        Object

    0x08000000   0x08000000   0x00000188   Data   RO            3    RESET               startup_stm32f407xx.o
    0x08000188   0x08000188   0x00000000   Code   RO         2758  * .ARM.Collect$$$$00000000  mc_w.l(entry.o)
    0x08000188   0x08000188   0x00000004   Code   RO         3030    .ARM.Collect$$$$00000001  mc_w.l(entry2.o)
    0x0800018c   0x0800018c   0x00000004   Code   RO         3033    .ARM.Collect$$$$00000004  mc_w.l(entry5.o)
    0x08000190   0x08000190   0x00000000   Code   RO         3035    .ARM.Collect$$$$00000008  mc_w.l(entry7b.o)
    0x08000190   0x08000190   0x00000000   Code   RO         3037    .ARM.Collect$$$$0000000A  mc_w.l(entry8b.o)
    0x08000190   0x08000190   0x00000008   Code   RO         3038    .ARM.Collect$$$$0000000B  mc_w.l(entry9a.o)
    0x08000198   0x08000198   0x00000004   Code   RO         3045    .ARM.Collect$$$$0000000E  mc_w.l(entry12b.o)
    0x0800019c   0x0800019c   0x00000000   Code   RO         3040    .ARM.Collect$$$$0000000F  mc_w.l(entry10a.o)
    0x0800019c   0x0800019c   0x00000000   Code   RO         3042    .ARM.Collect$$$$00000011  mc_w.l(entry11a.o)
    0x0800019c   0x0800019c   0x00000004   Code   RO         3031    .ARM.Collect$$$$00002712  mc_w.l(entry2.o)
    0x080001a0   0x080001a0   0x00000024   Code   RO            4    .text               startup_stm32f407xx.o
    0x080001c4   0x080001c4   0x00000062   Code   RO         2761    .text               mc_w.l(uldiv.o)
    0x08000226   0x08000226   0x00000024   Code   RO         2763    .text               mc_w.l(memseta.o)
    0x0800024a   0x0800024a   0x0000000e   Code   RO         2765    .text               mc_w.l(strlen.o)
    0x08000258   0x08000258   0x0000001c   Code   RO         2767    .text               mc_w.l(strcmp.o)
    0x08000274   0x08000274   0x0000002c   Code   RO         3047    .text               mc_w.l(uidiv.o)
    0x080002a0   0x080002a0   0x0000001e   Code   RO         3049    .text               mc_w.l(llshl.o)
    0x080002be   0x080002be   0x00000020   Code   RO         3051    .text               mc_w.l(llushr.o)
    0x080002de   0x080002de   0x00000000   Code   RO         3053    .text               mc_w.l(iusefp.o)
    0x080002de   0x080002de   0x0000014e   Code   RO         3054    .text               mf_w.l(dadd.o)
    0x0800042c   0x0800042c   0x000000e4   Code   RO         3056    .text               mf_w.l(dmul.o)
    0x08000510   0x08000510   0x000000de   Code   RO         3058    .text               mf_w.l(ddiv.o)
    0x080005ee   0x080005ee   0x00000030   Code   RO         3060    .text               mf_w.l(dfixul.o)
    0x0800061e   0x0800061e   0x00000002   PAD
    0x08000620   0x08000620   0x00000030   Code   RO         3062    .text               mf_w.l(cdrcmple.o)
    0x08000650   0x08000650   0x00000024   Code   RO         3064    .text               mc_w.l(init.o)
    0x08000674   0x08000674   0x00000024   Code   RO         3066    .text               mc_w.l(llsshr.o)
    0x08000698   0x08000698   0x000000ba   Code   RO         3068    .text               mf_w.l(depilogue.o)
    0x08000752   0x08000752   0x00000002   Code   RO          831    i.BusFault_Handler  stm32f4xx_it.o
    0x08000754   0x08000754   0x000000f4   Code   RO           13    i.Color_Test        lcd.o
    0x08000848   0x08000848   0x00000040   Code   RO          449    i.Copy_HZK16        text.o
    0x08000888   0x08000888   0x00000044   Code   RO          450    i.Copy_HZK24        text.o
    0x080008cc   0x080008cc   0x00000018   Code   RO          451    i.Copy_Mem          text.o
    0x080008e4   0x080008e4   0x00000002   Code   RO          832    i.DebugMon_Handler  stm32f4xx_it.o
    0x080008e6   0x080008e6   0x00000002   PAD
    0x080008e8   0x080008e8   0x0000012c   Code   RO           14    i.Demo_Menu         lcd.o
    0x08000a14   0x08000a14   0x0000007e   Code   RO           16    i.DisplayButtonUp   lcd.o
    0x08000a92   0x08000a92   0x00000002   PAD
    0x08000a94   0x08000a94   0x0000003c   Code   RO          515    i.DrawFontASC_GBK48B  gbk_libdrive.o
    0x08000ad0   0x08000ad0   0x0000003c   Code   RO          516    i.DrawFontASC_GBK64B  gbk_libdrive.o
    0x08000b0c   0x08000b0c   0x0000003c   Code   RO          517    i.DrawFont_GBK12B   gbk_libdrive.o
    0x08000b48   0x08000b48   0x0000003c   Code   RO          518    i.DrawFont_GBK16B   gbk_libdrive.o
    0x08000b84   0x08000b84   0x0000003c   Code   RO          520    i.DrawFont_GBK32B   gbk_libdrive.o
    0x08000bc0   0x08000bc0   0x00000030   Code   RO          452    i.Draw_Font16B      text.o
    0x08000bf0   0x08000bf0   0x00000030   Code   RO          453    i.Draw_Font24B      text.o
    0x08000c20   0x08000c20   0x0000006e   Code   RO           17    i.Draw_Test         lcd.o
    0x08000c8e   0x08000c8e   0x00000004   Code   RO          641    i.Error_Handler     main.o
    0x08000c92   0x08000c92   0x00000002   PAD
    0x08000c94   0x08000c94   0x0000003c   Code   RO          945    i.FSMC_NORSRAM_Extended_Timing_Init  stm32f4xx_ll_fsmc.o
    0x08000cd0   0x08000cd0   0x00000068   Code   RO          946    i.FSMC_NORSRAM_Init  stm32f4xx_ll_fsmc.o
    0x08000d38   0x08000d38   0x00000044   Code   RO          947    i.FSMC_NORSRAM_Timing_Init  stm32f4xx_ll_fsmc.o
    0x08000d7c   0x08000d7c   0x00000068   Code   RO          521    i.FontLib_Read      gbk_libdrive.o
    0x08000de4   0x08000de4   0x00000068   Code   RO          522    i.Font_SPI_WR       gbk_libdrive.o
    0x08000e4c   0x08000e4c   0x00000150   Code   RO           18    i.Font_Test         lcd.o
    0x08000f9c   0x08000f9c   0x00000064   Code   RO          523    i.GBK_GetASC_Point  gbk_libdrive.o
    0x08001000   0x08001000   0x000001dc   Code   RO          524    i.GBK_LibFont_Test  gbk_libdrive.o
    0x080011dc   0x080011dc   0x00000084   Code   RO          525    i.GBK_Lib_GetHz     gbk_libdrive.o
    0x08001260   0x08001260   0x000000a4   Code   RO          528    i.GBK_ShowASCII     gbk_libdrive.o
    0x08001304   0x08001304   0x0000009c   Code   RO          529    i.GBK_Show_Font     gbk_libdrive.o
    0x080013a0   0x080013a0   0x0000009e   Code   RO          530    i.GBK_Show_Str      gbk_libdrive.o
    0x0800143e   0x0800143e   0x00000002   PAD
    0x08001440   0x08001440   0x0000006c   Code   RO          531    i.GBK_Show_StrMid   gbk_libdrive.o
    0x080014ac   0x080014ac   0x00000018   Code   RO          532    i.GBK_delay         gbk_libdrive.o
    0x080014c4   0x080014c4   0x00000052   Code   RO          454    i.Get_HzMat         text.o
    0x08001516   0x08001516   0x00000092   Code   RO         1525    i.HAL_DMA_Abort     stm32f4xx_hal_dma.o
    0x080015a8   0x080015a8   0x00000024   Code   RO         1526    i.HAL_DMA_Abort_IT  stm32f4xx_hal_dma.o
    0x080015cc   0x080015cc   0x00000024   Code   RO         1944    i.HAL_Delay         stm32f4xx_hal.o
    0x080015f0   0x080015f0   0x000000a8   Code   RO          725    i.HAL_FSMC_MspInit  fsmc.o
    0x08001698   0x08001698   0x000001f0   Code   RO         1418    i.HAL_GPIO_Init     stm32f4xx_hal_gpio.o
    0x08001888   0x08001888   0x0000000a   Code   RO         1420    i.HAL_GPIO_ReadPin  stm32f4xx_hal_gpio.o
    0x08001892   0x08001892   0x00000010   Code   RO         1421    i.HAL_GPIO_TogglePin  stm32f4xx_hal_gpio.o
    0x080018a2   0x080018a2   0x0000000a   Code   RO         1422    i.HAL_GPIO_WritePin  stm32f4xx_hal_gpio.o
    0x080018ac   0x080018ac   0x0000000c   Code   RO         1950    i.HAL_GetTick       stm32f4xx_hal.o
    0x080018b8   0x080018b8   0x00000010   Code   RO         1956    i.HAL_IncTick       stm32f4xx_hal.o
    0x080018c8   0x080018c8   0x00000034   Code   RO         1957    i.HAL_Init          stm32f4xx_hal.o
    0x080018fc   0x080018fc   0x00000040   Code   RO         1958    i.HAL_InitTick      stm32f4xx_hal.o
    0x0800193c   0x0800193c   0x00000030   Code   RO          913    i.HAL_MspInit       stm32f4xx_hal_msp.o
    0x0800196c   0x0800196c   0x0000001a   Code   RO         1807    i.HAL_NVIC_EnableIRQ  stm32f4xx_hal_cortex.o
    0x08001986   0x08001986   0x00000002   PAD
    0x08001988   0x08001988   0x00000040   Code   RO         1813    i.HAL_NVIC_SetPriority  stm32f4xx_hal_cortex.o
    0x080019c8   0x080019c8   0x00000024   Code   RO         1814    i.HAL_NVIC_SetPriorityGrouping  stm32f4xx_hal_cortex.o
    0x080019ec   0x080019ec   0x00000134   Code   RO         1064    i.HAL_RCC_ClockConfig  stm32f4xx_hal_rcc.o
    0x08001b20   0x08001b20   0x00000020   Code   RO         1071    i.HAL_RCC_GetPCLK1Freq  stm32f4xx_hal_rcc.o
    0x08001b40   0x08001b40   0x00000020   Code   RO         1072    i.HAL_RCC_GetPCLK2Freq  stm32f4xx_hal_rcc.o
    0x08001b60   0x08001b60   0x00000060   Code   RO         1073    i.HAL_RCC_GetSysClockFreq  stm32f4xx_hal_rcc.o
    0x08001bc0   0x08001bc0   0x0000036c   Code   RO         1076    i.HAL_RCC_OscConfig  stm32f4xx_hal_rcc.o
    0x08001f2c   0x08001f2c   0x0000005c   Code   RO         2199    i.HAL_SRAM_Init     stm32f4xx_hal_sram.o
    0x08001f88   0x08001f88   0x00000004   Code   RO          727    i.HAL_SRAM_MspInit  fsmc.o
    0x08001f8c   0x08001f8c   0x00000028   Code   RO         1818    i.HAL_SYSTICK_Config  stm32f4xx_hal_cortex.o
    0x08001fb4   0x08001fb4   0x00000002   Code   RO         2377    i.HAL_UARTEx_RxEventCallback  stm32f4xx_hal_uart.o
    0x08001fb6   0x08001fb6   0x00000002   Code   RO         2391    i.HAL_UART_ErrorCallback  stm32f4xx_hal_uart.o
    0x08001fb8   0x08001fb8   0x00000268   Code   RO         2394    i.HAL_UART_IRQHandler  stm32f4xx_hal_uart.o
    0x08002220   0x08002220   0x00000062   Code   RO         2395    i.HAL_UART_Init     stm32f4xx_hal_uart.o
    0x08002282   0x08002282   0x00000002   PAD
    0x08002284   0x08002284   0x0000007c   Code   RO          771    i.HAL_UART_MspInit  usart.o
    0x08002300   0x08002300   0x0000002a   Code   RO         2400    i.HAL_UART_Receive_IT  stm32f4xx_hal_uart.o
    0x0800232a   0x0800232a   0x00000002   PAD
    0x0800232c   0x0800232c   0x00000044   Code   RO          772    i.HAL_UART_RxCpltCallback  usart.o
    0x08002370   0x08002370   0x000000b2   Code   RO         2403    i.HAL_UART_Transmit  stm32f4xx_hal_uart.o
    0x08002422   0x08002422   0x00000002   Code   RO         2406    i.HAL_UART_TxCpltCallback  stm32f4xx_hal_uart.o
    0x08002424   0x08002424   0x00000002   Code   RO          833    i.HardFault_Handler  stm32f4xx_it.o
    0x08002426   0x08002426   0x00000002   PAD
    0x08002428   0x08002428   0x0000003c   Code   RO           20    i.LCD_Clear         lcd.o
    0x08002464   0x08002464   0x00000070   Code   RO           24    i.LCD_Display_Dir   lcd.o
    0x080024d4   0x080024d4   0x0000009c   Code   RO           25    i.LCD_DrawLine      lcd.o
    0x08002570   0x08002570   0x00000044   Code   RO           27    i.LCD_DrawRectangle  lcd.o
    0x080025b4   0x080025b4   0x000000c4   Code   RO           28    i.LCD_Draw_Circle   lcd.o
    0x08002678   0x08002678   0x00000038   Code   RO           29    i.LCD_Fast_DrawPoint  lcd.o
    0x080026b0   0x080026b0   0x00000044   Code   RO           30    i.LCD_Fill          lcd.o
    0x080026f4   0x080026f4   0x000001e8   Code   RO           31    i.LCD_Init          lcd.o
    0x080028dc   0x080028dc   0x00000014   Code   RO           33    i.LCD_RD_DATA       lcd.o
    0x080028f0   0x080028f0   0x00000018   Code   RO           35    i.LCD_ReadReg       lcd.o
    0x08002908   0x08002908   0x0000007c   Code   RO           36    i.LCD_Scan_Dir      lcd.o
    0x08002984   0x08002984   0x00000034   Code   RO           37    i.LCD_SetCursor     lcd.o
    0x080029b8   0x080029b8   0x00000050   Code   RO           38    i.LCD_Set_Window    lcd.o
    0x08002a08   0x08002a08   0x000000d0   Code   RO           39    i.LCD_ShowChar      lcd.o
    0x08002ad8   0x08002ad8   0x00000014   Code   RO           46    i.LCD_WriteRAM_Prepare  lcd.o
    0x08002aec   0x08002aec   0x0000000c   Code   RO           47    i.LCD_WriteReg      lcd.o
    0x08002af8   0x08002af8   0x00000088   Code   RO          728    i.MX_FSMC_Init      fsmc.o
    0x08002b80   0x08002b80   0x00000130   Code   RO          701    i.MX_GPIO_Init      gpio.o
    0x08002cb0   0x08002cb0   0x00000040   Code   RO          773    i.MX_USART1_UART_Init  usart.o
    0x08002cf0   0x08002cf0   0x00000002   Code   RO          834    i.MemManage_Handler  stm32f4xx_it.o
    0x08002cf2   0x08002cf2   0x00000002   Code   RO          835    i.NMI_Handler       stm32f4xx_it.o
    0x08002cf4   0x08002cf4   0x00000002   Code   RO          836    i.PendSV_Handler    stm32f4xx_it.o
    0x08002cf6   0x08002cf6   0x00000002   Code   RO          837    i.SVC_Handler       stm32f4xx_it.o
    0x08002cf8   0x08002cf8   0x00000094   Code   RO          455    i.Show_Font         text.o
    0x08002d8c   0x08002d8c   0x0000007c   Code   RO          381    i.Show_Picture      dis_picture.o
    0x08002e08   0x08002e08   0x0000009a   Code   RO          456    i.Show_Str          text.o
    0x08002ea2   0x08002ea2   0x00000004   Code   RO          838    i.SysTick_Handler   stm32f4xx_it.o
    0x08002ea6   0x08002ea6   0x00000002   PAD
    0x08002ea8   0x08002ea8   0x00000098   Code   RO          642    i.SystemClock_Config  main.o
    0x08002f40   0x08002f40   0x00000010   Code   RO         2724    i.SystemInit        system_stm32f4xx_1.o
    0x08002f50   0x08002f50   0x00000010   Code   RO         2408    i.UART_DMAAbortOnError  stm32f4xx_hal_uart.o
    0x08002f60   0x08002f60   0x0000004e   Code   RO         2418    i.UART_EndRxTransfer  stm32f4xx_hal_uart.o
    0x08002fae   0x08002fae   0x000000c0   Code   RO         2420    i.UART_Receive_IT   stm32f4xx_hal_uart.o
    0x0800306e   0x0800306e   0x00000002   PAD
    0x08003070   0x08003070   0x0000010c   Code   RO         2421    i.UART_SetConfig    stm32f4xx_hal_uart.o
    0x0800317c   0x0800317c   0x0000003a   Code   RO         2423    i.UART_Start_Receive_IT  stm32f4xx_hal_uart.o
    0x080031b6   0x080031b6   0x00000078   Code   RO         2424    i.UART_WaitOnFlagUntilTimeout  stm32f4xx_hal_uart.o
    0x0800322e   0x0800322e   0x00000002   PAD
    0x08003230   0x08003230   0x0000000c   Code   RO          839    i.USART1_IRQHandler  stm32f4xx_it.o
    0x0800323c   0x0800323c   0x00000002   Code   RO          840    i.UsageFault_Handler  stm32f4xx_it.o
    0x0800323e   0x0800323e   0x00000002   PAD
    0x08003240   0x08003240   0x00000020   Code   RO         3002    i.__0printf         mc_w.l(printfa.o)
    0x08003260   0x08003260   0x00000020   Code   RO         1820    i.__NVIC_SetPriority  stm32f4xx_hal_cortex.o
    0x08003280   0x08003280   0x0000000e   Code   RO         3072    i.__scatterload_copy  mc_w.l(handlers.o)
    0x0800328e   0x0800328e   0x00000002   Code   RO         3073    i.__scatterload_null  mc_w.l(handlers.o)
    0x08003290   0x08003290   0x0000000e   Code   RO         3074    i.__scatterload_zeroinit  mc_w.l(handlers.o)
    0x0800329e   0x0800329e   0x00000002   PAD
    0x080032a0   0x080032a0   0x00000184   Code   RO         3009    i._fp_digits        mc_w.l(printfa.o)
    0x08003424   0x08003424   0x000006b4   Code   RO         3010    i._printf_core      mc_w.l(printfa.o)
    0x08003ad8   0x08003ad8   0x00000024   Code   RO         3011    i._printf_post_padding  mc_w.l(printfa.o)
    0x08003afc   0x08003afc   0x0000002e   Code   RO         3012    i._printf_pre_padding  mc_w.l(printfa.o)
    0x08003b2a   0x08003b2a   0x00000002   PAD
    0x08003b2c   0x08003b2c   0x00000024   Code   RO          775    i.fputc             usart.o
    0x08003b50   0x08003b50   0x000000b0   Code   RO          643    i.main              main.o
    0x08003c00   0x08003c00   0x00000474   Data   RO          406    .constdata          font.o
    0x08004074   0x08004074   0x000005f0   Data   RO          407    .constdata          font.o
    0x08004664   0x08004664   0x00000d5c   Data   RO          408    .constdata          font.o
    0x080053c0   0x080053c0   0x000007d6   Data   RO          409    .constdata          font.o
    0x08005b96   0x08005b96   0x000002e4   Data   RO          410    .constdata          font.o
    0x08005e7a   0x08005e7a   0x00025800   Data   RO          425    .constdata          picture.o
    0x0802b67a   0x0802b67a   0x00000010   Data   RO         2725    .constdata          system_stm32f4xx_1.o
    0x0802b68a   0x0802b68a   0x00000008   Data   RO         2726    .constdata          system_stm32f4xx_1.o
    0x0802b692   0x0802b692   0x00000002   PAD
    0x0802b694   0x0802b694   0x00000041   Data   RO           50    .conststring        lcd.o
    0x0802b6d5   0x0802b6d5   0x00000003   PAD
    0x0802b6d8   0x0802b6d8   0x00000020   Data   RO         3070    Region$$Table       anon$$obj.o


    Execution Region RW_IRAM1 (Exec base: 0x20000000, Load base: 0x0802b6f8, Size: 0x000011d0, Max: 0x0001c000, ABSOLUTE)

    Exec Addr    Load Addr    Size         Type   Attr      Idx    E Section Name        Object

    0x20000000   0x0802b6f8   0x00000004   Data   RW           51    .data               lcd.o
    0x20000004   0x0802b6fc   0x00000008   Data   RW          730    .data               fsmc.o
    0x2000000c   0x0802b704   0x00000001   Data   RW          777    .data               usart.o
    0x2000000d   0x0802b705   0x00000003   PAD
    0x20000010   0x0802b708   0x0000000c   Data   RW         1964    .data               stm32f4xx_hal.o
    0x2000001c   0x0802b714   0x00000004   Data   RW         2727    .data               system_stm32f4xx_1.o
    0x20000020   0x0802b718   0x00000004   Data   RW         3046    .data               mc_w.l(stdout.o)
    0x20000024        -       0x0000000e   Zero   RW           49    .bss                lcd.o
    0x20000032   0x0802b71c   0x00000002   PAD
    0x20000034        -       0x00000050   Zero   RW          729    .bss                fsmc.o
    0x20000084        -       0x00000148   Zero   RW          776    .bss                usart.o
    0x200001cc   0x0802b71c   0x00000004   PAD
    0x200001d0        -       0x00001000   Zero   RW            1    STACK               startup_stm32f407xx.o


    Execution Region RW_IRAM2 (Exec base: 0x2001c000, Load base: 0x0802b71c, Size: 0x00000000, Max: 0x00004000, ABSOLUTE)

    **** No section assigned to this execution region ****


==============================================================================

Image component sizes


      Code (inc. data)   RO Data    RW Data    ZI Data      Debug   Object Name

       124         20          0          0          0        679   dis_picture.o
         0          0       8826          0          0       1126   font.o
       308         32          0          8         80       2299   fsmc.o
      1826        294          0          0          0      12932   gbk_libdrive.o
       304         16          0          0          0       1147   gpio.o
      2860        392         65          4         14     693546   lcd.o
       332         62          0          0          0       3368   main.o
         0          0     153600          0          0        516   picture.o
        36          8        392          0       4096        840   startup_stm32f407xx.o
       180         28          0         12          0       9433   stm32f4xx_hal.o
       198         14          0          0          0      33959   stm32f4xx_hal_cortex.o
       182          0          0          0          0       2111   stm32f4xx_hal_dma.o
       532         46          0          0          0       3516   stm32f4xx_hal_gpio.o
        48          6          0          0          0        862   stm32f4xx_hal_msp.o
      1344         72          0          0          0       5256   stm32f4xx_hal_rcc.o
        92          0          0          0          0       1224   stm32f4xx_hal_sram.o
      1672         16          0          0          0      11444   stm32f4xx_hal_uart.o
        32          6          0          0          0       4662   stm32f4xx_it.o
       232         14          0          0          0       3959   stm32f4xx_ll_fsmc.o
        16          4         24          4          0       1139   system_stm32f4xx_1.o
       636         26          0          0          0       6886   text.o
       292         36          0          1        328       3332   usart.o

    ----------------------------------------------------------------------
     11270       1092     162944         32       4524     804236   Object Totals
         0          0         32          0          0          0   (incl. Generated)
        24          0          5          3          6          0   (incl. Padding)

    ----------------------------------------------------------------------

      Code (inc. data)   RO Data    RW Data    ZI Data      Debug   Library Member Name

         0          0          0          0          0          0   entry.o
         0          0          0          0          0          0   entry10a.o
         0          0          0          0          0          0   entry11a.o
         4          0          0          0          0          0   entry12b.o
         8          4          0          0          0          0   entry2.o
         4          0          0          0          0          0   entry5.o
         0          0          0          0          0          0   entry7b.o
         0          0          0          0          0          0   entry8b.o
         8          4          0          0          0          0   entry9a.o
        30          0          0          0          0          0   handlers.o
        36          8          0          0          0         68   init.o
         0          0          0          0          0          0   iusefp.o
        30          0          0          0          0         68   llshl.o
        36          0          0          0          0         68   llsshr.o
        32          0          0          0          0         68   llushr.o
        36          0          0          0          0        108   memseta.o
      2218         90          0          0          0        464   printfa.o
         0          0          0          4          0          0   stdout.o
        28          0          0          0          0         76   strcmp.o
        14          0          0          0          0         68   strlen.o
        44          0          0          0          0         80   uidiv.o
        98          0          0          0          0         92   uldiv.o
        48          0          0          0          0         68   cdrcmple.o
       334          0          0          0          0        148   dadd.o
       222          0          0          0          0        100   ddiv.o
       186          0          0          0          0        176   depilogue.o
        48          0          0          0          0         68   dfixul.o
       228          0          0          0          0         96   dmul.o

    ----------------------------------------------------------------------
      3698        106          0          4          0       1816   Library Totals
         6          0          0          0          0          0   (incl. Padding)

    ----------------------------------------------------------------------

      Code (inc. data)   RO Data    RW Data    ZI Data      Debug   Library Name

      2626        106          0          4          0       1160   mc_w.l
      1066          0          0          0          0        656   mf_w.l

    ----------------------------------------------------------------------
      3698        106          0          4          0       1816   Library Totals

    ----------------------------------------------------------------------

==============================================================================


      Code (inc. data)   RO Data    RW Data    ZI Data      Debug   

     14968       1198     162944         36       4524     795572   Grand Totals
     14968       1198     162944         36       4524     795572   ELF Image Totals
     14968       1198     162944         36          0          0   ROM Totals

==============================================================================

    Total RO  Size (Code + RO Data)               177912 ( 173.74kB)
    Total RW  Size (RW Data + ZI Data)              4560 (   4.45kB)
    Total ROM Size (Code + RO Data + RW Data)     177948 ( 173.78kB)

==============================================================================

