<html>
<body>
<pre>
<h1>µVision Build Log</h1>
<h2>Tool Versions:</h2>
IDE-Version: ¦ÌVision V5.35.0.0
Copyright (C) 2021 ARM Ltd and ARM Germany GmbH. All rights reserved.
License Information: 1 Administrator, 1, LIC=SDA0P-M6BJG-FWP2N-YD69Z-03QTR-BCMX4
 
Tool Versions:
Toolchain:       MDK-ARM Plus  Version: 5.35.0.2
Toolchain Path:  E:\Keil5\ARM\ARMCC\Bin
C Compiler:      Armcc.exe V5.06 update 7 (build 960)
Assembler:       Armasm.exe V5.06 update 7 (build 960)
Linker/Locator:  ArmLink.exe V5.06 update 7 (build 960)
Library Manager: ArmAr.exe V5.06 update 7 (build 960)
Hex Converter:   FromElf.exe V5.06 update 7 (build 960)
CPU DLL:         SARMCM3.DLL V5.35.0.2
Dialog DLL:      DCM.DLL V1.17.3.0
Target DLL:      STLink\ST-LINKIII-KEIL_SWO.dll V3.0.9.0
Dialog DLL:      TCM.DLL V1.53.0.0
 
<h2>Project:</h2>
E:\TEMP\stm32F407ZGT6\STM32F407ZGT6_lcd_touch_W25Q16_RTC_SDIO_FATFS\MDK-ARM\STM32F407ZGT6_Init.uvprojx
Project File Date:  07/18/2024

<h2>Output:</h2>
*** Using Compiler 'V5.06 update 7 (build 960)', folder: 'E:\Keil5\ARM\ARMCC\Bin'
Rebuild target 'STM32F407ZGT6_Init'
Note: source file '../Core/Src/system_stm32f4xx.c' - object file renamed from 'STM32F407ZGT6_Init\system_stm32f4xx.o' to 'STM32F407ZGT6_Init\system_stm32f4xx_1.o'.
assembling startup_stm32f407xx.s...
compiling FONT.c...
compiling tim.c...
compiling Picture.c...
compiling rtc.c...
compiling dma.c...
compiling touch.c...
compiling lcd.c...
compiling main.c...
compiling gpio.c...
compiling spi.c...
compiling usart.c...
compiling stm32f4xx_hal_msp.c...
compiling sdio.c...
compiling fsmc.c...
compiling stm32f4xx_it.c...
compiling w25qxx.c...
compiling GBK_LibDrive.c...
compiling Text.c...
compiling Dis_Picture.c...
compiling stm32f4xx_hal_rcc.c...
compiling stm32f4xx_hal_flash_ramfunc.c...
compiling stm32f4xx_hal_flash.c...
compiling stm32f4xx_hal_rcc_ex.c...
compiling stm32f4xx_hal_pwr.c...
compiling stm32f4xx_hal_flash_ex.c...
compiling stm32f4xx_hal_pwr_ex.c...
compiling stm32f4xx_hal_gpio.c...
compiling stm32f4xx_hal_rtc.c...
compiling stm32f4xx_hal_dma_ex.c...
compiling stm32f4xx_hal_exti.c...
compiling stm32f4xx_ll_fsmc.c...
compiling stm32f4xx_hal_dma.c...
compiling stm32f4xx_hal_sd.c...
compiling stm32f4xx_ll_sdmmc.c...
compiling stm32f4xx_hal_cortex.c...
compiling stm32f4xx_hal.c...
compiling stm32f4xx_hal_sram.c...
compiling stm32f4xx_hal_rtc_ex.c...
compiling stm32f4xx_hal_spi.c...
compiling stm32f4xx_hal_tim.c...
compiling system_stm32f4xx.c...
compiling fatfs.c...
compiling stm32f4xx_hal_tim_ex.c...
compiling diskio.c...
compiling ff_gen_drv.c...
compiling syscall.c...
compiling bsp_driver_sd.c...
compiling sd_diskio.c...
compiling stm32f4xx_hal_uart.c...
compiling cc936.c...
compiling ff.c...
linking...
Program Size: Code=31956 RO-data=181768 RW-data=184 ZI-data=10328  
FromELF: creating hex file...
"STM32F407ZGT6_Init\STM32F407ZGT6_Init.axf" - 0 Error(s), 0 Warning(s).

<h2>Software Packages used:</h2>

Package Vendor: ARM
                http://www.keil.com/pack/ARM.CMSIS.4.3.0.pack
                ARM.CMSIS.4.3.0
                CMSIS (Cortex Microcontroller Software Interface Standard)
   * Component: CORE Version: 4.1.0

Package Vendor: Keil
                http://www.keil.com/pack/Keil.STM32F4xx_DFP.2.15.0.pack
                Keil.STM32F4xx_DFP.2.15.0
                STMicroelectronics STM32F4 Series Device Support, Drivers and Examples

<h2>Collection of Component include folders:</h2>
  .\RTE\_STM32F407ZGT6_Init
  E:\Keil5\Pack\ARM\CMSIS\4.3.0\CMSIS\Include
  E:\Keil5\Pack\Keil\STM32F4xx_DFP\2.15.0\Drivers\CMSIS\Device\ST\STM32F4xx\Include

<h2>Collection of Component Files used:</h2>

   * Component: ARM::CMSIS:CORE:4.1.0
Build Time Elapsed:  00:00:59
</pre>
</body>
</html>
