Component: ARM Compiler 5.06 update 7 (build 960) Tool: armlink [4d3601]

==============================================================================

Section Cross References

    startup_stm32f407xx.o(RESET) refers to startup_stm32f407xx.o(STACK) for __initial_sp
    startup_stm32f407xx.o(RESET) refers to startup_stm32f407xx.o(.text) for Reset_Handler
    startup_stm32f407xx.o(RESET) refers to stm32f4xx_it.o(i.NMI_Handler) for NMI_Handler
    startup_stm32f407xx.o(RESET) refers to stm32f4xx_it.o(i.HardFault_Handler) for HardFault_Handler
    startup_stm32f407xx.o(RESET) refers to stm32f4xx_it.o(i.MemManage_Handler) for MemManage_Handler
    startup_stm32f407xx.o(RESET) refers to stm32f4xx_it.o(i.BusFault_Handler) for BusFault_Handler
    startup_stm32f407xx.o(RESET) refers to stm32f4xx_it.o(i.UsageFault_Handler) for UsageFault_Handler
    startup_stm32f407xx.o(RESET) refers to stm32f4xx_it.o(i.SVC_Handler) for SVC_Handler
    startup_stm32f407xx.o(RESET) refers to stm32f4xx_it.o(i.DebugMon_Handler) for DebugMon_Handler
    startup_stm32f407xx.o(RESET) refers to stm32f4xx_it.o(i.PendSV_Handler) for PendSV_Handler
    startup_stm32f407xx.o(RESET) refers to stm32f4xx_it.o(i.SysTick_Handler) for SysTick_Handler
    startup_stm32f407xx.o(RESET) refers to stm32f4xx_it.o(i.USART1_IRQHandler) for USART1_IRQHandler
    startup_stm32f407xx.o(.text) refers to system_stm32f4xx_1.o(i.SystemInit) for SystemInit
    startup_stm32f407xx.o(.text) refers to entry.o(.ARM.Collect$$$$00000000) for __main
    lcd.o(i.Color_Test) refers to lcd.o(i.LCD_Clear) for LCD_Clear
    lcd.o(i.Color_Test) refers to text.o(i.Draw_Font16B) for Draw_Font16B
    lcd.o(i.Color_Test) refers to lcd.o(i.LCD_Fill) for LCD_Fill
    lcd.o(i.Color_Test) refers to stm32f4xx_hal.o(i.HAL_Delay) for HAL_Delay
    lcd.o(i.Color_Test) refers to lcd.o(i.Draw_Test) for Draw_Test
    lcd.o(i.Color_Test) refers to lcd.o(.bss) for .bss
    lcd.o(i.Demo_Menu) refers to lcd.o(i.LCD_Clear) for LCD_Clear
    lcd.o(i.Demo_Menu) refers to text.o(i.Draw_Font24B) for Draw_Font24B
    lcd.o(i.Demo_Menu) refers to lcd.o(i.DisplayButtonUp) for DisplayButtonUp
    lcd.o(i.Demo_Menu) refers to text.o(i.Draw_Font16B) for Draw_Font16B
    lcd.o(i.Demo_Menu) refers to stm32f4xx_hal.o(i.HAL_Delay) for HAL_Delay
    lcd.o(i.Demo_Menu) refers to lcd.o(i.Color_Test) for Color_Test
    lcd.o(i.Demo_Menu) refers to lcd.o(i.Font_Test) for Font_Test
    lcd.o(i.Demo_Menu) refers to gbk_libdrive.o(i.GBK_LibFont_Test) for GBK_LibFont_Test
    lcd.o(i.Demo_Menu) refers to dis_picture.o(i.Show_Picture) for Show_Picture
    lcd.o(i.DisplayButtonDown) refers to lcd.o(i.LCD_DrawLine) for LCD_DrawLine
    lcd.o(i.DisplayButtonUp) refers to lcd.o(i.LCD_DrawLine) for LCD_DrawLine
    lcd.o(i.Draw_Test) refers to lcd.o(i.LCD_Clear) for LCD_Clear
    lcd.o(i.Draw_Test) refers to lcd.o(i.LCD_DrawLine) for LCD_DrawLine
    lcd.o(i.Draw_Test) refers to lcd.o(i.LCD_DrawRectangle) for LCD_DrawRectangle
    lcd.o(i.Draw_Test) refers to lcd.o(i.LCD_Draw_Circle) for LCD_Draw_Circle
    lcd.o(i.Draw_Test) refers to stm32f4xx_hal.o(i.HAL_Delay) for HAL_Delay
    lcd.o(i.Font_Test) refers to lcd.o(i.LCD_Clear) for LCD_Clear
    lcd.o(i.Font_Test) refers to text.o(i.Draw_Font16B) for Draw_Font16B
    lcd.o(i.Font_Test) refers to stm32f4xx_hal.o(i.HAL_Delay) for HAL_Delay
    lcd.o(i.Font_Test) refers to text.o(i.Draw_Font24B) for Draw_Font24B
    lcd.o(i.Font_Test) refers to lcd.o(.conststring) for .conststring
    lcd.o(i.LCD_Clear) refers to lcd.o(i.LCD_Set_Window) for LCD_Set_Window
    lcd.o(i.LCD_Clear) refers to lcd.o(i.LCD_SetCursor) for LCD_SetCursor
    lcd.o(i.LCD_Clear) refers to lcd.o(i.LCD_WriteRAM_Prepare) for LCD_WriteRAM_Prepare
    lcd.o(i.LCD_Clear) refers to lcd.o(.bss) for .bss
    lcd.o(i.LCD_Color_Fill) refers to lcd.o(i.LCD_SetCursor) for LCD_SetCursor
    lcd.o(i.LCD_Color_Fill) refers to lcd.o(i.LCD_WriteRAM_Prepare) for LCD_WriteRAM_Prepare
    lcd.o(i.LCD_DisplayOff) refers to lcd.o(.bss) for .bss
    lcd.o(i.LCD_DisplayOn) refers to lcd.o(.bss) for .bss
    lcd.o(i.LCD_Display_Dir) refers to lcd.o(i.LCD_Scan_Dir) for LCD_Scan_Dir
    lcd.o(i.LCD_Display_Dir) refers to lcd.o(.bss) for .bss
    lcd.o(i.LCD_DrawLine) refers to lcd.o(i.LCD_Fast_DrawPoint) for LCD_Fast_DrawPoint
    lcd.o(i.LCD_DrawPoint) refers to lcd.o(i.LCD_SetCursor) for LCD_SetCursor
    lcd.o(i.LCD_DrawPoint) refers to lcd.o(i.LCD_WriteRAM_Prepare) for LCD_WriteRAM_Prepare
    lcd.o(i.LCD_DrawPoint) refers to lcd.o(.data) for .data
    lcd.o(i.LCD_DrawRectangle) refers to lcd.o(i.LCD_DrawLine) for LCD_DrawLine
    lcd.o(i.LCD_Draw_Circle) refers to lcd.o(i.LCD_Fast_DrawPoint) for LCD_Fast_DrawPoint
    lcd.o(i.LCD_Fast_DrawPoint) refers to lcd.o(.bss) for .bss
    lcd.o(i.LCD_Fill) refers to lcd.o(i.LCD_SetCursor) for LCD_SetCursor
    lcd.o(i.LCD_Fill) refers to lcd.o(i.LCD_WriteRAM_Prepare) for LCD_WriteRAM_Prepare
    lcd.o(i.LCD_Init) refers to stm32f4xx_hal.o(i.HAL_Delay) for HAL_Delay
[...]
    ../clib/microlib/init/entry.s            0x00000000   Number         0  entry2.o ABSOLUTE
    ../clib/microlib/init/entry.s            0x00000000   Number         0  entry9a.o ABSOLUTE
    ../clib/microlib/init/entry.s            0x00000000   Number         0  entry5.o ABSOLUTE
    ../clib/microlib/init/entry.s            0x00000000   Number         0  entry10b.o ABSOLUTE
    ../clib/microlib/init/entry.s            0x00000000   Number         0  entry7a.o ABSOLUTE
    ../clib/microlib/init/entry.s            0x00000000   Number         0  entry12b.o ABSOLUTE
    ../clib/microlib/init/entry.s            0x00000000   Number         0  entry8b.o ABSOLUTE
    ../clib/microlib/init/entry.s            0x00000000   Number         0  entry7b.o ABSOLUTE
    ../clib/microlib/longlong.c              0x00000000   Number         0  llshl.o ABSOLUTE
    ../clib/microlib/longlong.c              0x00000000   Number         0  llsshr.o ABSOLUTE
    ../clib/microlib/longlong.c              0x00000000   Number         0  llushr.o ABSOLUTE
    ../clib/microlib/printf/printf.c         0x00000000   Number         0  printf5.o ABSOLUTE
    ../clib/microlib/printf/printf.c         0x00000000   Number         0  printf4.o ABSOLUTE
    ../clib/microlib/printf/printf.c         0x00000000   Number         0  printf3.o ABSOLUTE
    ../clib/microlib/printf/printf.c         0x00000000   Number         0  printf2.o ABSOLUTE
    ../clib/microlib/printf/printf.c         0x00000000   Number         0  printf1.o ABSOLUTE
    ../clib/microlib/printf/printf.c         0x00000000   Number         0  printf0.o ABSOLUTE
    ../clib/microlib/printf/printf.c         0x00000000   Number         0  printfb.o ABSOLUTE
    ../clib/microlib/printf/printf.c         0x00000000   Number         0  printfa.o ABSOLUTE
    ../clib/microlib/printf/printf.c         0x00000000   Number         0  printf8.o ABSOLUTE
    ../clib/microlib/printf/printf.c         0x00000000   Number         0  printf7.o ABSOLUTE
    ../clib/microlib/printf/printf.c         0x00000000   Number         0  printf6.o ABSOLUTE
    ../clib/microlib/printf/stubs.s          0x00000000   Number         0  stubs.o ABSOLUTE
    ../clib/microlib/stdio/streams.c         0x00000000   Number         0  stdout.o ABSOLUTE
    ../clib/microlib/string/memset.c         0x00000000   Number         0  memseta.o ABSOLUTE
    ../clib/microlib/string/strcmp.c         0x00000000   Number         0  strcmp.o ABSOLUTE
    ../clib/microlib/string/strlen.c         0x00000000   Number         0  strlen.o ABSOLUTE
    ../clib/microlib/stubs.s                 0x00000000   Number         0  iusefp.o ABSOLUTE
    ../fplib/microlib/f2d.c                  0x00000000   Number         0  f2d.o ABSOLUTE
    ../fplib/microlib/fpadd.c                0x00000000   Number         0  dadd.o ABSOLUTE
    ../fplib/microlib/fpdiv.c                0x00000000   Number         0  ddiv.o ABSOLUTE
    ../fplib/microlib/fpepilogue.c           0x00000000   Number         0  depilogue.o ABSOLUTE
    ../fplib/microlib/fpfix.c                0x00000000   Number         0  dfixui.o ABSOLUTE
    ../fplib/microlib/fpfix.c                0x00000000   Number         0  dfixul.o ABSOLUTE
    ../fplib/microlib/fpflt.c                0x00000000   Number         0  dfltui.o ABSOLUTE
    ../fplib/microlib/fpmul.c                0x00000000   Number         0  dmul.o ABSOLUTE
    ../fplib/microlib/fpsqrt.c               0x00000000   Number         0  dsqrt.o ABSOLUTE
    ../mathlib/sqrt.c                        0x00000000   Number         0  sqrt.o ABSOLUTE
    ../mathlib/sqrt.c                        0x00000000   Number         0  sqrt_x.o ABSOLUTE
    ..\Core\Src\Dis_Picture.c                0x00000000   Number         0  dis_picture.o ABSOLUTE
    ..\Core\Src\FONT.c                       0x00000000   Number         0  font.o ABSOLUTE
    ..\Core\Src\GBK_LibDrive.c               0x00000000   Number         0  gbk_libdrive.o ABSOLUTE
    ..\Core\Src\Picture.c                    0x00000000   Number         0  picture.o ABSOLUTE
    ..\Core\Src\Text.c                       0x00000000   Number         0  text.o ABSOLUTE
    ..\Core\Src\fsmc.c                       0x00000000   Number         0  fsmc.o ABSOLUTE
    ..\Core\Src\gpio.c                       0x00000000   Number         0  gpio.o ABSOLUTE
    ..\Core\Src\lcd.c                        0x00000000   Number         0  lcd.o ABSOLUTE
    ..\Core\Src\main.c                       0x00000000   Number         0  main.o ABSOLUTE
    ..\Core\Src\spi.c                        0x00000000   Number         0  spi.o ABSOLUTE
    ..\Core\Src\stm32f4xx_hal_msp.c          0x00000000   Number         0  stm32f4xx_hal_msp.o ABSOLUTE
    ..\Core\Src\stm32f4xx_it.c               0x00000000   Number         0  stm32f4xx_it.o ABSOLUTE
    ..\Core\Src\system_stm32f4xx.c           0x00000000   Number         0  system_stm32f4xx_1.o ABSOLUTE
    ..\Core\Src\tim.c                        0x00000000   Number         0  tim.o ABSOLUTE
    ..\Core\Src\touch.c                      0x00000000   Number         0  touch.o ABSOLUTE
    ..\Core\Src\usart.c                      0x00000000   Number         0  usart.o ABSOLUTE
    ..\Core\Src\w25qxx.c                     0x00000000   Number         0  w25qxx.o ABSOLUTE
    ..\Drivers\STM32F4xx_HAL_Driver\Src\stm32f4xx_hal.c 0x00000000   Number         0  stm32f4xx_hal.o ABSOLUTE
    ..\Drivers\STM32F4xx_HAL_Driver\Src\stm32f4xx_hal_cortex.c 0x00000000   Number         0  stm32f4xx_hal_cortex.o ABSOLUTE
    ..\Drivers\STM32F4xx_HAL_Driver\Src\stm32f4xx_hal_dma.c 0x00000000   Number         0  stm32f4xx_hal_dma.o ABSOLUTE
    ..\Drivers\STM32F4xx_HAL_Driver\Src\stm32f4xx_hal_dma_ex.c 0x00000000   Number         0  stm32f4xx_hal_dma_ex.o ABSOLUTE
    ..\Drivers\STM32F4xx_HAL_Driver\Src\stm32f4xx_hal_exti.c 0x00000000   Number         0  stm32f4xx_hal_exti.o ABSOLUTE
    ..\Drivers\STM32F4xx_HAL_Driver\Src\stm32f4xx_hal_flash.c 0x00000000   Number         0  stm32f4xx_hal_flash.o ABSOLUTE
    ..\Drivers\STM32F4xx_HAL_Driver\Src\stm32f4xx_hal_flash_ex.c 0x00000000   Number         0  stm32f4xx_hal_flash_ex.o ABSOLUTE
    ..\Drivers\STM32F4xx_HAL_Driver\Src\stm32f4xx_hal_flash_ramfunc.c 0x00000000   Number         0  stm32f4xx_hal_flash_ramfunc.o ABSOLUTE
    ..\Drivers\STM32F4xx_HAL_Driver\Src\stm32f4xx_hal_gpio.c 0x00000000   Number         0  stm32f4xx_hal_gpio.o ABSOLUTE
    ..\Drivers\STM32F4xx_HAL_Driver\Src\stm32f4xx_hal_pwr.c 0x00000000   Number         0  stm32f4xx_hal_pwr.o ABSOLUTE
    ..\Drivers\STM32F4xx_HAL_Driver\Src\stm32f4xx_hal_pwr_ex.c 0x00000000   Number         0  stm32f4xx_hal_pwr_ex.o ABSOLUTE
    ..\Drivers\STM32F4xx_HAL_Driver\Src\stm32f4xx_hal_rcc.c 0x00000000   Number         0  stm32f4xx_hal_rcc.o ABSOLUTE
    ..\Drivers\STM32F4xx_HAL_Driver\Src\stm32f4xx_hal_rcc_ex.c 0x00000000   Number         0  stm32f4xx_hal_rcc_ex.o ABSOLUTE
    ..\Drivers\STM32F4xx_HAL_Driver\Src\stm32f4xx_hal_spi.c 0x00000000   Number         0  stm32f4xx_hal_spi.o ABSOLUTE
    ..\Drivers\STM32F4xx_HAL_Driver\Src\stm32f4xx_hal_sram.c 0x00000000   Number         0  stm32f4xx_hal_sram.o ABSOLUTE
    ..\Drivers\STM32F4xx_HAL_Driver\Src\stm32f4xx_hal_tim.c 0x00000000   Number         0  stm32f4xx_hal_tim.o ABSOLUTE
    ..\Drivers\STM32F4xx_HAL_Driver\Src\stm32f4xx_hal_tim_ex.c 0x00000000   Number         0  stm32f4xx_hal_tim_ex.o ABSOLUTE
    ..\Drivers\STM32F4xx_HAL_Driver\Src\stm32f4xx_hal_uart.c 0x00000000   Number         0  stm32f4xx_hal_uart.o ABSOLUTE
    ..\Drivers\STM32F4xx_HAL_Driver\Src\stm32f4xx_ll_fsmc.c 0x00000000   Number         0  stm32f4xx_ll_fsmc.o ABSOLUTE
    ..\\Core\\Src\\Dis_Picture.c             0x00000000   Number         0  dis_picture.o ABSOLUTE
    ..\\Core\\Src\\GBK_LibDrive.c            0x00000000   Number         0  gbk_libdrive.o ABSOLUTE
    ..\\Core\\Src\\Picture.c                 0x00000000   Number         0  picture.o ABSOLUTE
    ..\\Core\\Src\\Text.c                    0x00000000   Number         0  text.o ABSOLUTE
    ..\\Core\\Src\\lcd.c                     0x00000000   Number         0  lcd.o ABSOLUTE
    ..\\Core\\Src\\touch.c                   0x00000000   Number         0  touch.o ABSOLUTE
    ..\\Core\\Src\\w25qxx.c                  0x00000000   Number         0  w25qxx.o ABSOLUTE
    cdcmple.s                                0x00000000   Number         0  cdcmple.o ABSOLUTE
    cdrcmple.s                               0x00000000   Number         0  cdrcmple.o ABSOLUTE
    dc.s                                     0x00000000   Number         0  dc.o ABSOLUTE
    handlers.s                               0x00000000   Number         0  handlers.o ABSOLUTE
    init.s                                   0x00000000   Number         0  init.o ABSOLUTE
    startup_stm32f407xx.s                    0x00000000   Number         0  startup_stm32f407xx.o ABSOLUTE
    RESET                                    0x08000000   Section      392  startup_stm32f407xx.o(RESET)
    .ARM.Collect$$$$00000000                 0x08000188   Section        0  entry.o(.ARM.Collect$$$$00000000)
    .ARM.Collect$$$$00000001                 0x08000188   Section        4  entry2.o(.ARM.Collect$$$$00000001)
    .ARM.Collect$$$$00000004                 0x0800018c   Section        4  entry5.o(.ARM.Collect$$$$00000004)
    .ARM.Collect$$$$00000008                 0x08000190   Section        0  entry7b.o(.ARM.Collect$$$$00000008)
    .ARM.Collect$$$$0000000A                 0x08000190   Section        0  entry8b.o(.ARM.Collect$$$$0000000A)
    .ARM.Collect$$$$0000000B                 0x08000190   Section        8  entry9a.o(.ARM.Collect$$$$0000000B)
    .ARM.Collect$$$$0000000E                 0x08000198   Section        4  entry12b.o(.ARM.Collect$$$$0000000E)
    .ARM.Collect$$$$0000000F                 0x0800019c   Section        0  entry10a.o(.ARM.Collect$$$$0000000F)
    .ARM.Collect$$$$00000011                 0x0800019c   Section        0  entry11a.o(.ARM.Collect$$$$00000011)
    .ARM.Collect$$$$00002712                 0x0800019c   Section        4  entry2.o(.ARM.Collect$$$$00002712)
    __lit__00000000                          0x0800019c   Data           4  entry2.o(.ARM.Collect$$$$00002712)
    .text                                    0x080001a0   Section       36  startup_stm32f407xx.o(.text)
    $v0                                      0x080001a0   Number         0  startup_stm32f407xx.o(.text)
    .text                                    0x080001c4   Section        0  uldiv.o(.text)
    .text                                    0x08000226   Section        0  memseta.o(.text)
    .text                                    0x0800024a   Section        0  strcmp.o(.text)
    .text                                    0x08000266   Section        0  dmul.o(.text)
    .text                                    0x0800034a   Section        0  dfltui.o(.text)
    .text                                    0x08000364   Section        0  dfixui.o(.text)
    .text                                    0x08000396   Section        0  f2d.o(.text)
    .text                                    0x080003bc   Section       48  cdcmple.o(.text)
    .text                                    0x080003ec   Section       48  cdrcmple.o(.text)
    .text                                    0x0800041c   Section        0  uidiv.o(.text)
    .text                                    0x08000448   Section        0  llshl.o(.text)
    .text                                    0x08000466   Section        0  llushr.o(.text)
    .text                                    0x08000486   Section        0  depilogue.o(.text)
    .text                                    0x08000486   Section        0  iusefp.o(.text)
    .text                                    0x08000540   Section        0  dadd.o(.text)
    .text                                    0x0800068e   Section        0  ddiv.o(.text)
    .text                                    0x0800076c   Section        0  dsqrt.o(.text)
    .text                                    0x0800080e   Section        0  dfixul.o(.text)
    .text                                    0x08000840   Section       36  init.o(.text)
    .text                                    0x08000864   Section        0  llsshr.o(.text)
    i.BusFault_Handler                       0x08000888   Section        0  stm32f4xx_it.o(i.BusFault_Handler)
    i.DebugMon_Handler                       0x0800088a   Section        0  stm32f4xx_it.o(i.DebugMon_Handler)
    i.DrawFont_GBK16B                        0x0800088c   Section        0  gbk_libdrive.o(i.DrawFont_GBK16B)
    i.Error_Handler                          0x080008c8   Section        0  main.o(i.Error_Handler)
    i.FSMC_NORSRAM_Extended_Timing_Init      0x080008cc   Section        0  stm32f4xx_ll_fsmc.o(i.FSMC_NORSRAM_Extended_Timing_Init)
    i.FSMC_NORSRAM_Init                      0x08000908   Section        0  stm32f4xx_ll_fsmc.o(i.FSMC_NORSRAM_Init)
    i.FSMC_NORSRAM_Timing_Init               0x08000970   Section        0  stm32f4xx_ll_fsmc.o(i.FSMC_NORSRAM_Timing_Init)
    i.FontLib_Read                           0x080009b4   Section        0  gbk_libdrive.o(i.FontLib_Read)
    i.Font_SPI_WR                            0x08000a1c   Section        0  gbk_libdrive.o(i.Font_SPI_WR)
    i.GBK_GetASC_Point                       0x08000a84   Section        0  gbk_libdrive.o(i.GBK_GetASC_Point)
    i.GBK_Lib_GetHz                          0x08000ae8   Section        0  gbk_libdrive.o(i.GBK_Lib_GetHz)
    i.GBK_Lib_Init                           0x08000b6c   Section        0  gbk_libdrive.o(i.GBK_Lib_Init)
    i.GBK_ReadID                             0x08000b84   Section        0  gbk_libdrive.o(i.GBK_ReadID)
    i.GBK_ShowASCII                          0x08000c0a   Section        0  gbk_libdrive.o(i.GBK_ShowASCII)
    i.GBK_Show_Font                          0x08000cb0   Section        0  gbk_libdrive.o(i.GBK_Show_Font)
    i.GBK_Show_Str                           0x08000d4c   Section        0  gbk_libdrive.o(i.GBK_Show_Str)
    i.GBK_delay                              0x08000dea   Section        0  gbk_libdrive.o(i.GBK_delay)
    i.HAL_DMA_Abort                          0x08000e02   Section        0  stm32f4xx_hal_dma.o(i.HAL_DMA_Abort)
    i.HAL_DMA_Abort_IT                       0x08000e94   Section        0  stm32f4xx_hal_dma.o(i.HAL_DMA_Abort_IT)
    i.HAL_Delay                              0x08000eb8   Section        0  stm32f4xx_hal.o(i.HAL_Delay)
    i.HAL_FSMC_MspInit                       0x08000edc   Section        0  fsmc.o(i.HAL_FSMC_MspInit)
    HAL_FSMC_MspInit                         0x08000edd   Thumb Code   144  fsmc.o(i.HAL_FSMC_MspInit)
    i.HAL_GPIO_Init                          0x08000f84   Section        0  stm32f4xx_hal_gpio.o(i.HAL_GPIO_Init)
    i.HAL_GPIO_ReadPin                       0x08001174   Section        0  stm32f4xx_hal_gpio.o(i.HAL_GPIO_ReadPin)
    i.HAL_GPIO_TogglePin                     0x0800117e   Section        0  stm32f4xx_hal_gpio.o(i.HAL_GPIO_TogglePin)
    i.HAL_GPIO_WritePin                      0x0800118e   Section        0  stm32f4xx_hal_gpio.o(i.HAL_GPIO_WritePin)
    i.HAL_GetTick                            0x08001198   Section        0  stm32f4xx_hal.o(i.HAL_GetTick)
    i.HAL_IncTick                            0x080011a4   Section        0  stm32f4xx_hal.o(i.HAL_IncTick)
    i.HAL_Init                               0x080011b4   Section        0  stm32f4xx_hal.o(i.HAL_Init)
    i.HAL_InitTick                           0x080011e8   Section        0  stm32f4xx_hal.o(i.HAL_InitTick)
    i.HAL_MspInit                            0x08001228   Section        0  stm32f4xx_hal_msp.o(i.HAL_MspInit)
    i.HAL_NVIC_EnableIRQ                     0x08001258   Section        0  stm32f4xx_hal_cortex.o(i.HAL_NVIC_EnableIRQ)
    i.HAL_NVIC_SetPriority                   0x08001274   Section        0  stm32f4xx_hal_cortex.o(i.HAL_NVIC_SetPriority)
    i.HAL_NVIC_SetPriorityGrouping           0x080012b4   Section        0  stm32f4xx_hal_cortex.o(i.HAL_NVIC_SetPriorityGrouping)
    i.HAL_RCC_ClockConfig                    0x080012d8   Section        0  stm32f4xx_hal_rcc.o(i.HAL_RCC_ClockConfig)
    i.HAL_RCC_GetPCLK1Freq                   0x0800140c   Section        0  stm32f4xx_hal_rcc.o(i.HAL_RCC_GetPCLK1Freq)
    i.HAL_RCC_GetPCLK2Freq                   0x0800142c   Section        0  stm32f4xx_hal_rcc.o(i.HAL_RCC_GetPCLK2Freq)
    i.HAL_RCC_GetSysClockFreq                0x0800144c   Section        0  stm32f4xx_hal_rcc.o(i.HAL_RCC_GetSysClockFreq)
    i.HAL_RCC_OscConfig                      0x080014ac   Section        0  stm32f4xx_hal_rcc.o(i.HAL_RCC_OscConfig)
    i.HAL_SPI_Init                           0x08001818   Section        0  stm32f4xx_hal_spi.o(i.HAL_SPI_Init)
    i.HAL_SPI_MspInit                        0x080018d4   Section        0  spi.o(i.HAL_SPI_MspInit)
    i.HAL_SPI_TransmitReceive                0x0800193c   Section        0  stm32f4xx_hal_spi.o(i.HAL_SPI_TransmitReceive)
    i.HAL_SRAM_Init                          0x08001b1e   Section        0  stm32f4xx_hal_sram.o(i.HAL_SRAM_Init)
    i.HAL_SRAM_MspInit                       0x08001b7a   Section        0  fsmc.o(i.HAL_SRAM_MspInit)
    i.HAL_SYSTICK_Config                     0x08001b7e   Section        0  stm32f4xx_hal_cortex.o(i.HAL_SYSTICK_Config)
    i.HAL_TIMEx_MasterConfigSynchronization  0x08001ba8   Section        0  stm32f4xx_hal_tim_ex.o(i.HAL_TIMEx_MasterConfigSynchronization)
    i.HAL_TIM_Base_Init                      0x08001c38   Section        0  stm32f4xx_hal_tim.o(i.HAL_TIM_Base_Init)
    i.HAL_TIM_Base_MspInit                   0x08001c94   Section        0  tim.o(i.HAL_TIM_Base_MspInit)
    i.HAL_TIM_Base_Start                     0x08001cbc   Section        0  stm32f4xx_hal_tim.o(i.HAL_TIM_Base_Start)
    i.HAL_TIM_Base_Stop                      0x08001d34   Section        0  stm32f4xx_hal_tim.o(i.HAL_TIM_Base_Stop)
    i.HAL_UARTEx_RxEventCallback             0x08001d5a   Section        0  stm32f4xx_hal_uart.o(i.HAL_UARTEx_RxEventCallback)
    i.HAL_UART_ErrorCallback                 0x08001d5c   Section        0  stm32f4xx_hal_uart.o(i.HAL_UART_ErrorCallback)
    i.HAL_UART_IRQHandler                    0x08001d60   Section        0  stm32f4xx_hal_uart.o(i.HAL_UART_IRQHandler)
    i.HAL_UART_Init                          0x08001fc8   Section        0  stm32f4xx_hal_uart.o(i.HAL_UART_Init)
    i.HAL_UART_MspInit                       0x0800202c   Section        0  usart.o(i.HAL_UART_MspInit)
    i.HAL_UART_Receive_IT                    0x080020a8   Section        0  stm32f4xx_hal_uart.o(i.HAL_UART_Receive_IT)
    i.HAL_UART_RxCpltCallback                0x080020d4   Section        0  usart.o(i.HAL_UART_RxCpltCallback)
    i.HAL_UART_Transmit                      0x08002118   Section        0  stm32f4xx_hal_uart.o(i.HAL_UART_Transmit)
    i.HAL_UART_TxCpltCallback                0x080021ca   Section        0  stm32f4xx_hal_uart.o(i.HAL_UART_TxCpltCallback)
    i.HardFault_Handler                      0x080021cc   Section        0  stm32f4xx_it.o(i.HardFault_Handler)
    i.LCD_Clear                              0x080021d0   Section        0  lcd.o(i.LCD_Clear)
    i.LCD_Display_Dir                        0x0800220c   Section        0  lcd.o(i.LCD_Display_Dir)
    i.LCD_DrawLine                           0x0800227c   Section        0  lcd.o(i.LCD_DrawLine)
    i.LCD_DrawPoint                          0x08002318   Section        0  lcd.o(i.LCD_DrawPoint)
    i.LCD_Draw_Circle                        0x08002334   Section        0  lcd.o(i.LCD_Draw_Circle)
    i.LCD_Fast_DrawPoint                     0x080023f8   Section        0  lcd.o(i.LCD_Fast_DrawPoint)
    i.LCD_Init                               0x08002430   Section        0  lcd.o(i.LCD_Init)
    i.LCD_Pow                                0x08002618   Section        0  lcd.o(i.LCD_Pow)
    i.LCD_RD_DATA                            0x08002628   Section        0  lcd.o(i.LCD_RD_DATA)
    i.LCD_ReadReg                            0x0800263c   Section        0  lcd.o(i.LCD_ReadReg)
    i.LCD_Scan_Dir                           0x08002654   Section        0  lcd.o(i.LCD_Scan_Dir)
    i.LCD_SetCursor                          0x080026d0   Section        0  lcd.o(i.LCD_SetCursor)
    i.LCD_Set_Window                         0x08002704   Section        0  lcd.o(i.LCD_Set_Window)
    i.LCD_ShowChar                           0x08002754   Section        0  lcd.o(i.LCD_ShowChar)
    i.LCD_ShowNum                            0x08002824   Section        0  lcd.o(i.LCD_ShowNum)
    i.LCD_ShowString                         0x08002896   Section        0  lcd.o(i.LCD_ShowString)
    i.LCD_WriteRAM_Prepare                   0x080028f0   Section        0  lcd.o(i.LCD_WriteRAM_Prepare)
    i.LCD_WriteReg                           0x08002904   Section        0  lcd.o(i.LCD_WriteReg)
    i.MX_FSMC_Init                           0x08002910   Section        0  fsmc.o(i.MX_FSMC_Init)
    i.MX_GPIO_Init                           0x08002998   Section        0  gpio.o(i.MX_GPIO_Init)
    i.MX_SPI1_Init                           0x08002ad8   Section        0  spi.o(i.MX_SPI1_Init)
    i.MX_TIM6_Init                           0x08002b1c   Section        0  tim.o(i.MX_TIM6_Init)
    i.MX_USART1_UART_Init                    0x08002b60   Section        0  usart.o(i.MX_USART1_UART_Init)
    i.MemManage_Handler                      0x08002ba0   Section        0  stm32f4xx_it.o(i.MemManage_Handler)
    i.NMI_Handler                            0x08002ba2   Section        0  stm32f4xx_it.o(i.NMI_Handler)
    i.PendSV_Handler                         0x08002ba4   Section        0  stm32f4xx_it.o(i.PendSV_Handler)
    i.SPI1_ReadWriteByte                     0x08002ba8   Section        0  spi.o(i.SPI1_ReadWriteByte)
    i.SPI1_SetSpeed                          0x08002bc8   Section        0  spi.o(i.SPI1_SetSpeed)
    i.SPI_EndRxTxTransaction                 0x08002bd4   Section        0  stm32f4xx_hal_spi.o(i.SPI_EndRxTxTransaction)
    SPI_EndRxTxTransaction                   0x08002bd5   Thumb Code    80  stm32f4xx_hal_spi.o(i.SPI_EndRxTxTransaction)
    i.SPI_WaitFlagStateUntilTimeout          0x08002c2c   Section        0  stm32f4xx_hal_spi.o(i.SPI_WaitFlagStateUntilTimeout)
    SPI_WaitFlagStateUntilTimeout            0x08002c2d   Thumb Code   180  stm32f4xx_hal_spi.o(i.SPI_WaitFlagStateUntilTimeout)
    i.SVC_Handler                            0x08002ce4   Section        0  stm32f4xx_it.o(i.SVC_Handler)
    i.SysTick_Handler                        0x08002ce6   Section        0  stm32f4xx_it.o(i.SysTick_Handler)
    i.SystemClock_Config                     0x08002cec   Section        0  main.o(i.SystemClock_Config)
    i.SystemInit                             0x08002d84   Section        0  system_stm32f4xx_1.o(i.SystemInit)
    i.TIM_Base_SetConfig                     0x08002d94   Section        0  stm32f4xx_hal_tim.o(i.TIM_Base_SetConfig)
    i.TP_Adj_Info_Show                       0x08002e5c   Section        0  touch.o(i.TP_Adj_Info_Show)
    i.TP_Adjust                              0x08002ff4   Section        0  touch.o(i.TP_Adjust)
    i.TP_Drow_Touch_Point                    0x080035e0   Section        0  touch.o(i.TP_Drow_Touch_Point)
    i.TP_Get_Adjdata                         0x08003660   Section        0  touch.o(i.TP_Get_Adjdata)
    i.TP_Init                                0x080036e8   Section        0  touch.o(i.TP_Init)
    i.TP_Read_AD                             0x08003724   Section        0  touch.o(i.TP_Read_AD)
    i.TP_Read_XOY                            0x080037e4   Section        0  touch.o(i.TP_Read_XOY)
    i.TP_Read_XY                             0x08003848   Section        0  touch.o(i.TP_Read_XY)
    i.TP_Read_XY2                            0x08003870   Section        0  touch.o(i.TP_Read_XY2)
    i.TP_Save_Adjdata                        0x080038ec   Section        0  touch.o(i.TP_Save_Adjdata)
    i.TP_Scan                                0x0800395c   Section        0  touch.o(i.TP_Scan)
    i.TP_Write_Byte                          0x08003a0c   Section        0  touch.o(i.TP_Write_Byte)
    i.UART_DMAAbortOnError                   0x08003a64   Section        0  stm32f4xx_hal_uart.o(i.UART_DMAAbortOnError)
    UART_DMAAbortOnError                     0x08003a65   Thumb Code    16  stm32f4xx_hal_uart.o(i.UART_DMAAbortOnError)
    i.UART_EndRxTransfer                     0x08003a74   Section        0  stm32f4xx_hal_uart.o(i.UART_EndRxTransfer)
    UART_EndRxTransfer                       0x08003a75   Thumb Code    78  stm32f4xx_hal_uart.o(i.UART_EndRxTransfer)
    i.UART_Receive_IT                        0x08003ac2   Section        0  stm32f4xx_hal_uart.o(i.UART_Receive_IT)
    UART_Receive_IT                          0x08003ac3   Thumb Code   192  stm32f4xx_hal_uart.o(i.UART_Receive_IT)
    i.UART_SetConfig                         0x08003b84   Section        0  stm32f4xx_hal_uart.o(i.UART_SetConfig)
    UART_SetConfig                           0x08003b85   Thumb Code   258  stm32f4xx_hal_uart.o(i.UART_SetConfig)
    i.UART_Start_Receive_IT                  0x08003c90   Section        0  stm32f4xx_hal_uart.o(i.UART_Start_Receive_IT)
    i.UART_WaitOnFlagUntilTimeout            0x08003cca   Section        0  stm32f4xx_hal_uart.o(i.UART_WaitOnFlagUntilTimeout)
    UART_WaitOnFlagUntilTimeout              0x08003ccb   Thumb Code   120  stm32f4xx_hal_uart.o(i.UART_WaitOnFlagUntilTimeout)
    i.USART1_IRQHandler                      0x08003d44   Section        0  stm32f4xx_it.o(i.USART1_IRQHandler)
    i.UsageFault_Handler                     0x08003d50   Section        0  stm32f4xx_it.o(i.UsageFault_Handler)
    i.W25QXX_Erase_Sector                    0x08003d54   Section        0  w25qxx.o(i.W25QXX_Erase_Sector)
    i.W25QXX_Init                            0x08003db4   Section        0  w25qxx.o(i.W25QXX_Init)
    i.W25QXX_Read                            0x08003de0   Section        0  w25qxx.o(i.W25QXX_Read)
    i.W25QXX_ReadID                          0x08003e40   Section        0  w25qxx.o(i.W25QXX_ReadID)
    i.W25QXX_ReadSR                          0x08003e90   Section        0  w25qxx.o(i.W25QXX_ReadSR)
    i.W25QXX_Wait_Busy                       0x08003ec4   Section        0  w25qxx.o(i.W25QXX_Wait_Busy)
    i.W25QXX_Write                           0x08003ed4   Section        0  w25qxx.o(i.W25QXX_Write)
    i.W25QXX_Write_Enable                    0x08003f70   Section        0  w25qxx.o(i.W25QXX_Write_Enable)
    i.W25QXX_Write_NoCheck                   0x08003f9c   Section        0  w25qxx.o(i.W25QXX_Write_NoCheck)
    i.W25QXX_Write_Page                      0x08003fdc   Section        0  w25qxx.o(i.W25QXX_Write_Page)
    i.__0printf                              0x08004040   Section        0  printfa.o(i.__0printf)
    i.__NVIC_SetPriority                     0x08004060   Section        0  stm32f4xx_hal_cortex.o(i.__NVIC_SetPriority)
    __NVIC_SetPriority                       0x08004061   Thumb Code    32  stm32f4xx_hal_cortex.o(i.__NVIC_SetPriority)
    i.__hardfp_sqrt                          0x08004080   Section        0  sqrt.o(i.__hardfp_sqrt)
    i.__scatterload_copy                     0x080040fa   Section       14  handlers.o(i.__scatterload_copy)
    i.__scatterload_null                     0x08004108   Section        2  handlers.o(i.__scatterload_null)
    i.__scatterload_zeroinit                 0x0800410a   Section       14  handlers.o(i.__scatterload_zeroinit)
    i.__set_errno                            0x08004118   Section        0  errno.o(i.__set_errno)
    i._fp_digits                             0x08004124   Section        0  printfa.o(i._fp_digits)
    _fp_digits                               0x08004125   Thumb Code   366  printfa.o(i._fp_digits)
    i._printf_core                           0x080042a8   Section        0  printfa.o(i._printf_core)
    _printf_core                             0x080042a9   Thumb Code  1704  printfa.o(i._printf_core)
    i._printf_post_padding                   0x0800495c   Section        0  printfa.o(i._printf_post_padding)
    _printf_post_padding                     0x0800495d   Thumb Code    36  printfa.o(i._printf_post_padding)
    i._printf_pre_padding                    0x08004980   Section        0  printfa.o(i._printf_pre_padding)
    _printf_pre_padding                      0x08004981   Thumb Code    46  printfa.o(i._printf_pre_padding)
    i.delay_us                               0x080049b0   Section        0  tim.o(i.delay_us)
    i.fputc                                  0x080049e0   Section        0  usart.o(i.fputc)
    i.main                                   0x08004a04   Section        0  main.o(i.main)
    .constdata                               0x08004b18   Section     1140  font.o(.constdata)
    .constdata                               0x08004f8c   Section     1520  font.o(.constdata)
    .constdata                               0x0800557c   Section     3420  font.o(.constdata)
    .constdata                               0x080062d8   Section        4  touch.o(.constdata)
    .constdata                               0x080062dc   Section       16  system_stm32f4xx_1.o(.constdata)
    .constdata                               0x080062ec   Section        8  system_stm32f4xx_1.o(.constdata)
    .conststring                             0x080062f4   Section      121  touch.o(.conststring)
    .data                                    0x20000000   Section        4  lcd.o(.data)
    .data                                    0x20000004   Section       64  touch.o(.data)
    .data                                    0x20000044   Section        8  fsmc.o(.data)
    FSMC_Initialized                         0x20000044   Data           4  fsmc.o(.data)
    FSMC_DeInitialized                       0x20000048   Data           4  fsmc.o(.data)
    .data                                    0x2000004c   Section        1  usart.o(.data)
    .data                                    0x2000004e   Section        2  w25qxx.o(.data)
    .data                                    0x20000050   Section       12  stm32f4xx_hal.o(.data)
    .data                                    0x2000005c   Section        4  system_stm32f4xx_1.o(.data)
    .data                                    0x20000060   Section        4  stdout.o(.data)
    .data                                    0x20000064   Section        4  errno.o(.data)
    _errno                                   0x20000064   Data           4  errno.o(.data)
    .bss                                     0x20000068   Section       14  lcd.o(.bss)
    .bss                                     0x20000078   Section       80  fsmc.o(.bss)
    .bss                                     0x200000c8   Section       88  spi.o(.bss)
    .bss                                     0x20000120   Section       72  tim.o(.bss)
    .bss                                     0x20000168   Section      328  usart.o(.bss)
    .bss                                     0x200002b0   Section     4096  w25qxx.o(.bss)
    STACK                                    0x200012b0   Section     4096  startup_stm32f407xx.o(STACK)

    Global Symbols

    Symbol Name                              Value     Ov Type        Size  Object(Section)

    BuildAttributes$$THM_ISAv4$E$P$D$K$B$S$7EM$VFPi3$EXTD16$VFPS$VFMA$PE$A:L22UL41UL21$X:L11$S22US41US21$IEEE1$IW$USESV6$~STKCKD$USESV7$~SHL$OTIME$ROPI$IEEEJ$EBA8$MICROLIB$REQ8$PRES8$EABIv2 0x00000000   Number         0  anon$$obj.o ABSOLUTE
    __ARM_use_no_argv                        0x00000000   Number         0  main.o ABSOLUTE
    _printf_a                                0x00000000   Number         0  stubs.o ABSOLUTE
    _printf_c                                0x00000000   Number         0  stubs.o ABSOLUTE
    _printf_charcount                        0x00000000   Number         0  stubs.o ABSOLUTE
    _printf_d                                0x00000000   Number         0  stubs.o ABSOLUTE
    _printf_e                                0x00000000   Number         0  stubs.o ABSOLUTE
    _printf_f                                0x00000000   Number         0  stubs.o ABSOLUTE
    _printf_flags                            0x00000000   Number         0  stubs.o ABSOLUTE
    _printf_fp_dec                           0x00000000   Number         0  stubs.o ABSOLUTE
    _printf_fp_hex                           0x00000000   Number         0  stubs.o ABSOLUTE
    _printf_g                                0x00000000   Number         0  stubs.o ABSOLUTE
    _printf_i                                0x00000000   Number         0  stubs.o ABSOLUTE
    _printf_int_dec                          0x00000000   Number         0  stubs.o ABSOLUTE
    _printf_l                                0x00000000   Number         0  stubs.o ABSOLUTE
    _printf_lc                               0x00000000   Number         0  stubs.o ABSOLUTE
    _printf_ll                               0x00000000   Number         0  stubs.o ABSOLUTE
    _printf_lld                              0x00000000   Number         0  stubs.o ABSOLUTE
    _printf_lli                              0x00000000   Number         0  stubs.o ABSOLUTE
    _printf_llo                              0x00000000   Number         0  stubs.o ABSOLUTE
    _printf_llu                              0x00000000   Number         0  stubs.o ABSOLUTE
    _printf_llx                              0x00000000   Number         0  stubs.o ABSOLUTE
    _printf_longlong_dec                     0x00000000   Number         0  stubs.o ABSOLUTE
    _printf_longlong_hex                     0x00000000   Number         0  stubs.o ABSOLUTE
    _printf_longlong_oct                     0x00000000   Number         0  stubs.o ABSOLUTE
    _printf_ls                               0x00000000   Number         0  stubs.o ABSOLUTE
    _printf_mbtowc                           0x00000000   Number         0  stubs.o ABSOLUTE
    _printf_n                                0x00000000   Number         0  stubs.o ABSOLUTE
    _printf_o                                0x00000000   Number         0  stubs.o ABSOLUTE
    _printf_p                                0x00000000   Number         0  stubs.o ABSOLUTE
    _printf_percent                          0x00000000   Number         0  stubs.o ABSOLUTE
    _printf_pre_padding                      0x00000000   Number         0  stubs.o ABSOLUTE
    _printf_return_value                     0x00000000   Number         0  stubs.o ABSOLUTE
    _printf_s                                0x00000000   Number         0  stubs.o ABSOLUTE
    _printf_sizespec                         0x00000000   Number         0  stubs.o ABSOLUTE
    _printf_str                              0x00000000   Number         0  stubs.o ABSOLUTE
    _printf_truncate_signed                  0x00000000   Number         0  stubs.o ABSOLUTE
    _printf_truncate_unsigned                0x00000000   Number         0  stubs.o ABSOLUTE
    _printf_u                                0x00000000   Number         0  stubs.o ABSOLUTE
    _printf_wc                               0x00000000   Number         0  stubs.o ABSOLUTE
    _printf_wctomb                           0x00000000   Number         0  stubs.o ABSOLUTE
    _printf_widthprec                        0x00000000   Number         0  stubs.o ABSOLUTE
    _printf_x                                0x00000000   Number         0  stubs.o ABSOLUTE
    __arm_fini_                               - Undefined Weak Reference
    __cpp_initialize__aeabi_                  - Undefined Weak Reference
    __cxa_finalize                            - Undefined Weak Reference
    __decompress                              - Undefined Weak Reference
    _clock_init                               - Undefined Weak Reference
    _microlib_exit                            - Undefined Weak Reference
    __Vectors_Size                           0x00000188   Number         0  startup_stm32f407xx.o ABSOLUTE
    __Vectors                                0x08000000   Data           4  startup_stm32f407xx.o(RESET)
    __Vectors_End                            0x08000188   Data           0  startup_stm32f407xx.o(RESET)
    __main                                   0x08000189   Thumb Code     0  entry.o(.ARM.Collect$$$$00000000)
    _main_stk                                0x08000189   Thumb Code     0  entry2.o(.ARM.Collect$$$$00000001)
    _main_scatterload                        0x0800018d   Thumb Code     0  entry5.o(.ARM.Collect$$$$00000004)
    __main_after_scatterload                 0x08000191   Thumb Code     0  entry5.o(.ARM.Collect$$$$00000004)
    _main_clock                              0x08000191   Thumb Code     0  entry7b.o(.ARM.Collect$$$$00000008)
    _main_cpp_init                           0x08000191   Thumb Code     0  entry8b.o(.ARM.Collect$$$$0000000A)
    _main_init                               0x08000191   Thumb Code     0  entry9a.o(.ARM.Collect$$$$0000000B)
    __rt_lib_shutdown_fini                   0x08000199   Thumb Code     0  entry12b.o(.ARM.Collect$$$$0000000E)
    __rt_final_cpp                           0x0800019d   Thumb Code     0  entry10a.o(.ARM.Collect$$$$0000000F)
    __rt_final_exit                          0x0800019d   Thumb Code     0  entry11a.o(.ARM.Collect$$$$00000011)
    Reset_Handler                            0x080001a1   Thumb Code     8  startup_stm32f407xx.o(.text)
    ADC_IRQHandler                           0x080001bb   Thumb Code     0  startup_stm32f407xx.o(.text)
    CAN1_RX0_IRQHandler                      0x080001bb   Thumb Code     0  startup_stm32f407xx.o(.text)
    CAN1_RX1_IRQHandler                      0x080001bb   Thumb Code     0  startup_stm32f407xx.o(.text)
    CAN1_SCE_IRQHandler                      0x080001bb   Thumb Code     0  startup_stm32f407xx.o(.text)
    CAN1_TX_IRQHandler                       0x080001bb   Thumb Code     0  startup_stm32f407xx.o(.text)
    CAN2_RX0_IRQHandler                      0x080001bb   Thumb Code     0  startup_stm32f407xx.o(.text)
    CAN2_RX1_IRQHandler                      0x080001bb   Thumb Code     0  startup_stm32f407xx.o(.text)
    CAN2_SCE_IRQHandler                      0x080001bb   Thumb Code     0  startup_stm32f407xx.o(.text)
    CAN2_TX_IRQHandler                       0x080001bb   Thumb Code     0  startup_stm32f407xx.o(.text)
    DCMI_IRQHandler                          0x080001bb   Thumb Code     0  startup_stm32f407xx.o(.text)
    DMA1_Stream0_IRQHandler                  0x080001bb   Thumb Code     0  startup_stm32f407xx.o(.text)
    DMA1_Stream1_IRQHandler                  0x080001bb   Thumb Code     0  startup_stm32f407xx.o(.text)
    DMA1_Stream2_IRQHandler                  0x080001bb   Thumb Code     0  startup_stm32f407xx.o(.text)
    DMA1_Stream3_IRQHandler                  0x080001bb   Thumb Code     0  startup_stm32f407xx.o(.text)
    DMA1_Stream4_IRQHandler                  0x080001bb   Thumb Code     0  startup_stm32f407xx.o(.text)
    DMA1_Stream5_IRQHandler                  0x080001bb   Thumb Code     0  startup_stm32f407xx.o(.text)
    DMA1_Stream6_IRQHandler                  0x080001bb   Thumb Code     0  startup_stm32f407xx.o(.text)
    DMA1_Stream7_IRQHandler                  0x080001bb   Thumb Code     0  startup_stm32f407xx.o(.text)
    DMA2_Stream0_IRQHandler                  0x080001bb   Thumb Code     0  startup_stm32f407xx.o(.text)
    DMA2_Stream1_IRQHandler                  0x080001bb   Thumb Code     0  startup_stm32f407xx.o(.text)
    DMA2_Stream2_IRQHandler                  0x080001bb   Thumb Code     0  startup_stm32f407xx.o(.text)
    DMA2_Stream3_IRQHandler                  0x080001bb   Thumb Code     0  startup_stm32f407xx.o(.text)
    DMA2_Stream4_IRQHandler                  0x080001bb   Thumb Code     0  startup_stm32f407xx.o(.text)
    DMA2_Stream5_IRQHandler                  0x080001bb   Thumb Code     0  startup_stm32f407xx.o(.text)
    DMA2_Stream6_IRQHandler                  0x080001bb   Thumb Code     0  startup_stm32f407xx.o(.text)
    DMA2_Stream7_IRQHandler                  0x080001bb   Thumb Code     0  startup_stm32f407xx.o(.text)
    ETH_IRQHandler                           0x080001bb   Thumb Code     0  startup_stm32f407xx.o(.text)
    ETH_WKUP_IRQHandler                      0x080001bb   Thumb Code     0  startup_stm32f407xx.o(.text)
    EXTI0_IRQHandler                         0x080001bb   Thumb Code     0  startup_stm32f407xx.o(.text)
    EXTI15_10_IRQHandler                     0x080001bb   Thumb Code     0  startup_stm32f407xx.o(.text)
    EXTI1_IRQHandler                         0x080001bb   Thumb Code     0  startup_stm32f407xx.o(.text)
    EXTI2_IRQHandler                         0x080001bb   Thumb Code     0  startup_stm32f407xx.o(.text)
    EXTI3_IRQHandler                         0x080001bb   Thumb Code     0  startup_stm32f407xx.o(.text)
    EXTI4_IRQHandler                         0x080001bb   Thumb Code     0  startup_stm32f407xx.o(.text)
    EXTI9_5_IRQHandler                       0x080001bb   Thumb Code     0  startup_stm32f407xx.o(.text)
    FLASH_IRQHandler                         0x080001bb   Thumb Code     0  startup_stm32f407xx.o(.text)
    FMC_IRQHandler                           0x080001bb   Thumb Code     0  startup_stm32f407xx.o(.text)
    FPU_IRQHandler                           0x080001bb   Thumb Code     0  startup_stm32f407xx.o(.text)
    HASH_RNG_IRQHandler                      0x080001bb   Thumb Code     0  startup_stm32f407xx.o(.text)
    I2C1_ER_IRQHandler                       0x080001bb   Thumb Code     0  startup_stm32f407xx.o(.text)
    I2C1_EV_IRQHandler                       0x080001bb   Thumb Code     0  startup_stm32f407xx.o(.text)
    I2C2_ER_IRQHandler                       0x080001bb   Thumb Code     0  startup_stm32f407xx.o(.text)
    I2C2_EV_IRQHandler                       0x080001bb   Thumb Code     0  startup_stm32f407xx.o(.text)
    I2C3_ER_IRQHandler                       0x080001bb   Thumb Code     0  startup_stm32f407xx.o(.text)
    I2C3_EV_IRQHandler                       0x080001bb   Thumb Code     0  startup_stm32f407xx.o(.text)
    OTG_FS_IRQHandler                        0x080001bb   Thumb Code     0  startup_stm32f407xx.o(.text)
    OTG_FS_WKUP_IRQHandler                   0x080001bb   Thumb Code     0  startup_stm32f407xx.o(.text)
    OTG_HS_EP1_IN_IRQHandler                 0x080001bb   Thumb Code     0  startup_stm32f407xx.o(.text)
    OTG_HS_EP1_OUT_IRQHandler                0x080001bb   Thumb Code     0  startup_stm32f407xx.o(.text)
    OTG_HS_IRQHandler                        0x080001bb   Thumb Code     0  startup_stm32f407xx.o(.text)
    OTG_HS_WKUP_IRQHandler                   0x080001bb   Thumb Code     0  startup_stm32f407xx.o(.text)
    PVD_IRQHandler                           0x080001bb   Thumb Code     0  startup_stm32f407xx.o(.text)
    RCC_IRQHandler                           0x080001bb   Thumb Code     0  startup_stm32f407xx.o(.text)
    RTC_Alarm_IRQHandler                     0x080001bb   Thumb Code     0  startup_stm32f407xx.o(.text)
    RTC_WKUP_IRQHandler                      0x080001bb   Thumb Code     0  startup_stm32f407xx.o(.text)
    SDIO_IRQHandler                          0x080001bb   Thumb Code     0  startup_stm32f407xx.o(.text)
    SPI1_IRQHandler                          0x080001bb   Thumb Code     0  startup_stm32f407xx.o(.text)
    SPI2_IRQHandler                          0x080001bb   Thumb Code     0  startup_stm32f407xx.o(.text)
    SPI3_IRQHandler                          0x080001bb   Thumb Code     0  startup_stm32f407xx.o(.text)
    TAMP_STAMP_IRQHandler                    0x080001bb   Thumb Code     0  startup_stm32f407xx.o(.text)
    TIM1_BRK_TIM9_IRQHandler                 0x080001bb   Thumb Code     0  startup_stm32f407xx.o(.text)
    TIM1_CC_IRQHandler                       0x080001bb   Thumb Code     0  startup_stm32f407xx.o(.text)
    TIM1_TRG_COM_TIM11_IRQHandler            0x080001bb   Thumb Code     0  startup_stm32f407xx.o(.text)
    TIM1_UP_TIM10_IRQHandler                 0x080001bb   Thumb Code     0  startup_stm32f407xx.o(.text)
    TIM2_IRQHandler                          0x080001bb   Thumb Code     0  startup_stm32f407xx.o(.text)
    TIM3_IRQHandler                          0x080001bb   Thumb Code     0  startup_stm32f407xx.o(.text)
    TIM4_IRQHandler                          0x080001bb   Thumb Code     0  startup_stm32f407xx.o(.text)
    TIM5_IRQHandler                          0x080001bb   Thumb Code     0  startup_stm32f407xx.o(.text)
    TIM6_DAC_IRQHandler                      0x080001bb   Thumb Code     0  startup_stm32f407xx.o(.text)
    TIM7_IRQHandler                          0x080001bb   Thumb Code     0  startup_stm32f407xx.o(.text)
    TIM8_BRK_TIM12_IRQHandler                0x080001bb   Thumb Code     0  startup_stm32f407xx.o(.text)
    TIM8_CC_IRQHandler                       0x080001bb   Thumb Code     0  startup_stm32f407xx.o(.text)
    TIM8_TRG_COM_TIM14_IRQHandler            0x080001bb   Thumb Code     0  startup_stm32f407xx.o(.text)
    TIM8_UP_TIM13_IRQHandler                 0x080001bb   Thumb Code     0  startup_stm32f407xx.o(.text)
    UART4_IRQHandler                         0x080001bb   Thumb Code     0  startup_stm32f407xx.o(.text)
    UART5_IRQHandler                         0x080001bb   Thumb Code     0  startup_stm32f407xx.o(.text)
    USART2_IRQHandler                        0x080001bb   Thumb Code     0  startup_stm32f407xx.o(.text)
    USART3_IRQHandler                        0x080001bb   Thumb Code     0  startup_stm32f407xx.o(.text)
    USART6_IRQHandler                        0x080001bb   Thumb Code     0  startup_stm32f407xx.o(.text)
    WWDG_IRQHandler                          0x080001bb   Thumb Code     0  startup_stm32f407xx.o(.text)
    __aeabi_uldivmod                         0x080001c5   Thumb Code    98  uldiv.o(.text)
    __aeabi_memset                           0x08000227   Thumb Code    14  memseta.o(.text)
    __aeabi_memset4                          0x08000227   Thumb Code     0  memseta.o(.text)
    __aeabi_memset8                          0x08000227   Thumb Code     0  memseta.o(.text)
    __aeabi_memclr                           0x08000235   Thumb Code     4  memseta.o(.text)
    __aeabi_memclr4                          0x08000235   Thumb Code     0  memseta.o(.text)
    __aeabi_memclr8                          0x08000235   Thumb Code     0  memseta.o(.text)
    _memset$wrapper                          0x08000239   Thumb Code    18  memseta.o(.text)
    strcmp                                   0x0800024b   Thumb Code    28  strcmp.o(.text)
    __aeabi_dmul                             0x08000267   Thumb Code   228  dmul.o(.text)
    __aeabi_ui2d                             0x0800034b   Thumb Code    26  dfltui.o(.text)
    __aeabi_d2uiz                            0x08000365   Thumb Code    50  dfixui.o(.text)
    __aeabi_f2d                              0x08000397   Thumb Code    38  f2d.o(.text)
    __aeabi_cdcmpeq                          0x080003bd   Thumb Code     0  cdcmple.o(.text)
    __aeabi_cdcmple                          0x080003bd   Thumb Code    48  cdcmple.o(.text)
    __aeabi_cdrcmple                         0x080003ed   Thumb Code    48  cdrcmple.o(.text)
    __aeabi_uidiv                            0x0800041d   Thumb Code     0  uidiv.o(.text)
    __aeabi_uidivmod                         0x0800041d   Thumb Code    44  uidiv.o(.text)
    __aeabi_llsl                             0x08000449   Thumb Code    30  llshl.o(.text)
    _ll_shift_l                              0x08000449   Thumb Code     0  llshl.o(.text)
    __aeabi_llsr                             0x08000467   Thumb Code    32  llushr.o(.text)
    _ll_ushift_r                             0x08000467   Thumb Code     0  llushr.o(.text)
    __I$use$fp                               0x08000487   Thumb Code     0  iusefp.o(.text)
    _double_round                            0x08000487   Thumb Code    30  depilogue.o(.text)
    _double_epilogue                         0x080004a5   Thumb Code   156  depilogue.o(.text)
    __aeabi_dadd                             0x08000541   Thumb Code   322  dadd.o(.text)
    __aeabi_dsub                             0x08000683   Thumb Code     6  dadd.o(.text)
    __aeabi_drsub                            0x08000689   Thumb Code     6  dadd.o(.text)
    __aeabi_ddiv                             0x0800068f   Thumb Code   222  ddiv.o(.text)
    _dsqrt                                   0x0800076d   Thumb Code   162  dsqrt.o(.text)
    __aeabi_d2ulz                            0x0800080f   Thumb Code    48  dfixul.o(.text)
    __scatterload                            0x08000841   Thumb Code    28  init.o(.text)
    __scatterload_rt2                        0x08000841   Thumb Code     0  init.o(.text)
    __aeabi_lasr                             0x08000865   Thumb Code    36  llsshr.o(.text)
    _ll_sshift_r                             0x08000865   Thumb Code     0  llsshr.o(.text)
    BusFault_Handler                         0x08000889   Thumb Code     2  stm32f4xx_it.o(i.BusFault_Handler)
    DebugMon_Handler                         0x0800088b   Thumb Code     2  stm32f4xx_it.o(i.DebugMon_Handler)
    DrawFont_GBK16B                          0x0800088d   Thumb Code    50  gbk_libdrive.o(i.DrawFont_GBK16B)
    Error_Handler                            0x080008c9   Thumb Code     4  main.o(i.Error_Handler)
    FSMC_NORSRAM_Extended_Timing_Init        0x080008cd   Thumb Code    56  stm32f4xx_ll_fsmc.o(i.FSMC_NORSRAM_Extended_Timing_Init)
    FSMC_NORSRAM_Init                        0x08000909   Thumb Code    98  stm32f4xx_ll_fsmc.o(i.FSMC_NORSRAM_Init)
    FSMC_NORSRAM_Timing_Init                 0x08000971   Thumb Code    64  stm32f4xx_ll_fsmc.o(i.FSMC_NORSRAM_Timing_Init)
    FontLib_Read                             0x080009b5   Thumb Code   100  gbk_libdrive.o(i.FontLib_Read)
    Font_SPI_WR                              0x08000a1d   Thumb Code    96  gbk_libdrive.o(i.Font_SPI_WR)
    GBK_GetASC_Point                         0x08000a85   Thumb Code    78  gbk_libdrive.o(i.GBK_GetASC_Point)
    GBK_Lib_GetHz                            0x08000ae9   Thumb Code   124  gbk_libdrive.o(i.GBK_Lib_GetHz)
    GBK_Lib_Init                             0x08000b6d   Thumb Code    20  gbk_libdrive.o(i.GBK_Lib_Init)
    GBK_ReadID                               0x08000b85   Thumb Code   134  gbk_libdrive.o(i.GBK_ReadID)
    GBK_ShowASCII                            0x08000c0b   Thumb Code   164  gbk_libdrive.o(i.GBK_ShowASCII)
    GBK_Show_Font                            0x08000cb1   Thumb Code   156  gbk_libdrive.o(i.GBK_Show_Font)
    GBK_Show_Str                             0x08000d4d   Thumb Code   158  gbk_libdrive.o(i.GBK_Show_Str)
    GBK_delay                                0x08000deb   Thumb Code    24  gbk_libdrive.o(i.GBK_delay)
    HAL_DMA_Abort                            0x08000e03   Thumb Code   146  stm32f4xx_hal_dma.o(i.HAL_DMA_Abort)
    HAL_DMA_Abort_IT                         0x08000e95   Thumb Code    36  stm32f4xx_hal_dma.o(i.HAL_DMA_Abort_IT)
    HAL_Delay                                0x08000eb9   Thumb Code    32  stm32f4xx_hal.o(i.HAL_Delay)
    HAL_GPIO_Init                            0x08000f85   Thumb Code   450  stm32f4xx_hal_gpio.o(i.HAL_GPIO_Init)
    HAL_GPIO_ReadPin                         0x08001175   Thumb Code    10  stm32f4xx_hal_gpio.o(i.HAL_GPIO_ReadPin)
    HAL_GPIO_TogglePin                       0x0800117f   Thumb Code    16  stm32f4xx_hal_gpio.o(i.HAL_GPIO_TogglePin)
    HAL_GPIO_WritePin                        0x0800118f   Thumb Code    10  stm32f4xx_hal_gpio.o(i.HAL_GPIO_WritePin)
    HAL_GetTick                              0x08001199   Thumb Code     6  stm32f4xx_hal.o(i.HAL_GetTick)
    HAL_IncTick                              0x080011a5   Thumb Code    12  stm32f4xx_hal.o(i.HAL_IncTick)
    HAL_Init                                 0x080011b5   Thumb Code    48  stm32f4xx_hal.o(i.HAL_Init)
    HAL_InitTick                             0x080011e9   Thumb Code    54  stm32f4xx_hal.o(i.HAL_InitTick)
    HAL_MspInit                              0x08001229   Thumb Code    42  stm32f4xx_hal_msp.o(i.HAL_MspInit)
    HAL_NVIC_EnableIRQ                       0x08001259   Thumb Code    26  stm32f4xx_hal_cortex.o(i.HAL_NVIC_EnableIRQ)
    HAL_NVIC_SetPriority                     0x08001275   Thumb Code    60  stm32f4xx_hal_cortex.o(i.HAL_NVIC_SetPriority)
    HAL_NVIC_SetPriorityGrouping             0x080012b5   Thumb Code    26  stm32f4xx_hal_cortex.o(i.HAL_NVIC_SetPriorityGrouping)
    HAL_RCC_ClockConfig                      0x080012d9   Thumb Code   288  stm32f4xx_hal_rcc.o(i.HAL_RCC_ClockConfig)
    HAL_RCC_GetPCLK1Freq                     0x0800140d   Thumb Code    20  stm32f4xx_hal_rcc.o(i.HAL_RCC_GetPCLK1Freq)
    HAL_RCC_GetPCLK2Freq                     0x0800142d   Thumb Code    20  stm32f4xx_hal_rcc.o(i.HAL_RCC_GetPCLK2Freq)
    HAL_RCC_GetSysClockFreq                  0x0800144d   Thumb Code    88  stm32f4xx_hal_rcc.o(i.HAL_RCC_GetSysClockFreq)
    HAL_RCC_OscConfig                        0x080014ad   Thumb Code   856  stm32f4xx_hal_rcc.o(i.HAL_RCC_OscConfig)
    HAL_SPI_Init                             0x08001819   Thumb Code   188  stm32f4xx_hal_spi.o(i.HAL_SPI_Init)
    HAL_SPI_MspInit                          0x080018d5   Thumb Code    92  spi.o(i.HAL_SPI_MspInit)
    HAL_SPI_TransmitReceive                  0x0800193d   Thumb Code   482  stm32f4xx_hal_spi.o(i.HAL_SPI_TransmitReceive)
    HAL_SRAM_Init                            0x08001b1f   Thumb Code    92  stm32f4xx_hal_sram.o(i.HAL_SRAM_Init)
    HAL_SRAM_MspInit                         0x08001b7b   Thumb Code     4  fsmc.o(i.HAL_SRAM_MspInit)
    HAL_SYSTICK_Config                       0x08001b7f   Thumb Code    40  stm32f4xx_hal_cortex.o(i.HAL_SYSTICK_Config)
    HAL_TIMEx_MasterConfigSynchronization    0x08001ba9   Thumb Code   116  stm32f4xx_hal_tim_ex.o(i.HAL_TIMEx_MasterConfigSynchronization)
    HAL_TIM_Base_Init                        0x08001c39   Thumb Code    90  stm32f4xx_hal_tim.o(i.HAL_TIM_Base_Init)
    HAL_TIM_Base_MspInit                     0x08001c95   Thumb Code    30  tim.o(i.HAL_TIM_Base_MspInit)
    HAL_TIM_Base_Start                       0x08001cbd   Thumb Code    90  stm32f4xx_hal_tim.o(i.HAL_TIM_Base_Start)
    HAL_TIM_Base_Stop                        0x08001d35   Thumb Code    38  stm32f4xx_hal_tim.o(i.HAL_TIM_Base_Stop)
    HAL_UARTEx_RxEventCallback               0x08001d5b   Thumb Code     2  stm32f4xx_hal_uart.o(i.HAL_UARTEx_RxEventCallback)
    HAL_UART_ErrorCallback                   0x08001d5d   Thumb Code     2  stm32f4xx_hal_uart.o(i.HAL_UART_ErrorCallback)
    HAL_UART_IRQHandler                      0x08001d61   Thumb Code   610  stm32f4xx_hal_uart.o(i.HAL_UART_IRQHandler)
    HAL_UART_Init                            0x08001fc9   Thumb Code    98  stm32f4xx_hal_uart.o(i.HAL_UART_Init)
    HAL_UART_MspInit                         0x0800202d   Thumb Code   110  usart.o(i.HAL_UART_MspInit)
    HAL_UART_Receive_IT                      0x080020a9   Thumb Code    42  stm32f4xx_hal_uart.o(i.HAL_UART_Receive_IT)
    HAL_UART_RxCpltCallback                  0x080020d5   Thumb Code    60  usart.o(i.HAL_UART_RxCpltCallback)
    HAL_UART_Transmit                        0x08002119   Thumb Code   178  stm32f4xx_hal_uart.o(i.HAL_UART_Transmit)
    HAL_UART_TxCpltCallback                  0x080021cb   Thumb Code     2  stm32f4xx_hal_uart.o(i.HAL_UART_TxCpltCallback)
    HardFault_Handler                        0x080021cd   Thumb Code     2  stm32f4xx_it.o(i.HardFault_Handler)
    LCD_Clear                                0x080021d1   Thumb Code    56  lcd.o(i.LCD_Clear)
    LCD_Display_Dir                          0x0800220d   Thumb Code   108  lcd.o(i.LCD_Display_Dir)
    LCD_DrawLine                             0x0800227d   Thumb Code   156  lcd.o(i.LCD_DrawLine)
    LCD_DrawPoint                            0x08002319   Thumb Code    24  lcd.o(i.LCD_DrawPoint)
    LCD_Draw_Circle                          0x08002335   Thumb Code   196  lcd.o(i.LCD_Draw_Circle)
    LCD_Fast_DrawPoint                       0x080023f9   Thumb Code    52  lcd.o(i.LCD_Fast_DrawPoint)
    LCD_Init                                 0x08002431   Thumb Code   480  lcd.o(i.LCD_Init)
    LCD_Pow                                  0x08002619   Thumb Code    16  lcd.o(i.LCD_Pow)
    LCD_RD_DATA                              0x08002629   Thumb Code    20  lcd.o(i.LCD_RD_DATA)
    LCD_ReadReg                              0x0800263d   Thumb Code    24  lcd.o(i.LCD_ReadReg)
    LCD_Scan_Dir                             0x08002655   Thumb Code   120  lcd.o(i.LCD_Scan_Dir)
    LCD_SetCursor                            0x080026d1   Thumb Code    46  lcd.o(i.LCD_SetCursor)
    LCD_Set_Window                           0x08002705   Thumb Code    74  lcd.o(i.LCD_Set_Window)
    LCD_ShowChar                             0x08002755   Thumb Code   188  lcd.o(i.LCD_ShowChar)
    LCD_ShowNum                              0x08002825   Thumb Code   114  lcd.o(i.LCD_ShowNum)
    LCD_ShowString                           0x08002897   Thumb Code    88  lcd.o(i.LCD_ShowString)
    LCD_WriteRAM_Prepare                     0x080028f1   Thumb Code    14  lcd.o(i.LCD_WriteRAM_Prepare)
    LCD_WriteReg                             0x08002905   Thumb Code    12  lcd.o(i.LCD_WriteReg)
    MX_FSMC_Init                             0x08002911   Thumb Code   128  fsmc.o(i.MX_FSMC_Init)
    MX_GPIO_Init                             0x08002999   Thumb Code   304  gpio.o(i.MX_GPIO_Init)
    MX_SPI1_Init                             0x08002ad9   Thumb Code    60  spi.o(i.MX_SPI1_Init)
    MX_TIM6_Init                             0x08002b1d   Thumb Code    60  tim.o(i.MX_TIM6_Init)
    MX_USART1_UART_Init                      0x08002b61   Thumb Code    54  usart.o(i.MX_USART1_UART_Init)
    MemManage_Handler                        0x08002ba1   Thumb Code     2  stm32f4xx_it.o(i.MemManage_Handler)
    NMI_Handler                              0x08002ba3   Thumb Code     2  stm32f4xx_it.o(i.NMI_Handler)
    PendSV_Handler                           0x08002ba5   Thumb Code     2  stm32f4xx_it.o(i.PendSV_Handler)
    SPI1_ReadWriteByte                       0x08002ba9   Thumb Code    26  spi.o(i.SPI1_ReadWriteByte)
    SPI1_SetSpeed                            0x08002bc9   Thumb Code     6  spi.o(i.SPI1_SetSpeed)
    SVC_Handler                              0x08002ce5   Thumb Code     2  stm32f4xx_it.o(i.SVC_Handler)
    SysTick_Handler                          0x08002ce7   Thumb Code     4  stm32f4xx_it.o(i.SysTick_Handler)
    SystemClock_Config                       0x08002ced   Thumb Code   142  main.o(i.SystemClock_Config)
    SystemInit                               0x08002d85   Thumb Code    12  system_stm32f4xx_1.o(i.SystemInit)
    TIM_Base_SetConfig                       0x08002d95   Thumb Code   156  stm32f4xx_hal_tim.o(i.TIM_Base_SetConfig)
    TP_Adj_Info_Show                         0x08002e5d   Thumb Code   358  touch.o(i.TP_Adj_Info_Show)
    TP_Adjust                                0x08002ff5   Thumb Code  1438  touch.o(i.TP_Adjust)
    TP_Drow_Touch_Point                      0x080035e1   Thumb Code   122  touch.o(i.TP_Drow_Touch_Point)
    TP_Get_Adjdata                           0x08003661   Thumb Code   126  touch.o(i.TP_Get_Adjdata)
    TP_Init                                  0x080036e9   Thumb Code    54  touch.o(i.TP_Init)
    TP_Read_AD                               0x08003725   Thumb Code   178  touch.o(i.TP_Read_AD)
    TP_Read_XOY                              0x080037e5   Thumb Code   100  touch.o(i.TP_Read_XOY)
    TP_Read_XY                               0x08003849   Thumb Code    34  touch.o(i.TP_Read_XY)
    TP_Read_XY2                              0x08003871   Thumb Code   122  touch.o(i.TP_Read_XY2)
    TP_Save_Adjdata                          0x080038ed   Thumb Code   104  touch.o(i.TP_Save_Adjdata)
    TP_Scan                                  0x0800395d   Thumb Code   168  touch.o(i.TP_Scan)
    TP_Write_Byte                            0x08003a0d   Thumb Code    78  touch.o(i.TP_Write_Byte)
    UART_Start_Receive_IT                    0x08003c91   Thumb Code    58  stm32f4xx_hal_uart.o(i.UART_Start_Receive_IT)
    USART1_IRQHandler                        0x08003d45   Thumb Code     6  stm32f4xx_it.o(i.USART1_IRQHandler)
    UsageFault_Handler                       0x08003d51   Thumb Code     2  stm32f4xx_it.o(i.UsageFault_Handler)
    W25QXX_Erase_Sector                      0x08003d55   Thumb Code    84  w25qxx.o(i.W25QXX_Erase_Sector)
    W25QXX_Init                              0x08003db5   Thumb Code    34  w25qxx.o(i.W25QXX_Init)
    W25QXX_Read                              0x08003de1   Thumb Code    90  w25qxx.o(i.W25QXX_Read)
    W25QXX_ReadID                            0x08003e41   Thumb Code    76  w25qxx.o(i.W25QXX_ReadID)
    W25QXX_ReadSR                            0x08003e91   Thumb Code    46  w25qxx.o(i.W25QXX_ReadSR)
    W25QXX_Wait_Busy                         0x08003ec5   Thumb Code    14  w25qxx.o(i.W25QXX_Wait_Busy)
    W25QXX_Write                             0x08003ed5   Thumb Code   152  w25qxx.o(i.W25QXX_Write)
    W25QXX_Write_Enable                      0x08003f71   Thumb Code    38  w25qxx.o(i.W25QXX_Write_Enable)
    W25QXX_Write_NoCheck                     0x08003f9d   Thumb Code    62  w25qxx.o(i.W25QXX_Write_NoCheck)
    W25QXX_Write_Page                        0x08003fdd   Thumb Code    96  w25qxx.o(i.W25QXX_Write_Page)
    __0printf                                0x08004041   Thumb Code    22  printfa.o(i.__0printf)
    __1printf                                0x08004041   Thumb Code     0  printfa.o(i.__0printf)
    __2printf                                0x08004041   Thumb Code     0  printfa.o(i.__0printf)
    __c89printf                              0x08004041   Thumb Code     0  printfa.o(i.__0printf)
    printf                                   0x08004041   Thumb Code     0  printfa.o(i.__0printf)
    __hardfp_sqrt                            0x08004081   Thumb Code   122  sqrt.o(i.__hardfp_sqrt)
    __scatterload_copy                       0x080040fb   Thumb Code    14  handlers.o(i.__scatterload_copy)
    __scatterload_null                       0x08004109   Thumb Code     2  handlers.o(i.__scatterload_null)
    __scatterload_zeroinit                   0x0800410b   Thumb Code    14  handlers.o(i.__scatterload_zeroinit)
    __set_errno                              0x08004119   Thumb Code     6  errno.o(i.__set_errno)
    delay_us                                 0x080049b1   Thumb Code    44  tim.o(i.delay_us)
    fputc                                    0x080049e1   Thumb Code    32  usart.o(i.fputc)
    main                                     0x08004a05   Thumb Code   174  main.o(i.main)
    asc2_1206                                0x08004b18   Data        1140  font.o(.constdata)
    asc2_1608                                0x08004f8c   Data        1520  font.o(.constdata)
    asc2_2412                                0x0800557c   Data        3420  font.o(.constdata)
    TP_MSG                                   0x080062d8   Data           4  touch.o(.constdata)
    AHBPrescTable                            0x080062dc   Data          16  system_stm32f4xx_1.o(.constdata)
    APBPrescTable                            0x080062ec   Data           8  system_stm32f4xx_1.o(.constdata)
    Region$$Table$$Base                      0x08006370   Number         0  anon$$obj.o(Region$$Table)
    Region$$Table$$Limit                     0x08006390   Number         0  anon$$obj.o(Region$$Table)
    POINT_COLOR                              0x20000000   Data           2  lcd.o(.data)
    BACK_COLOR                               0x20000002   Data           2  lcd.o(.data)
    CMD_RDX                                  0x20000004   Data           1  touch.o(.data)
    CMD_RDY                                  0x20000005   Data           1  touch.o(.data)
    TData                                    0x20000008   Data           4  touch.o(.data)
    tp_dev                                   0x2000000c   Data          56  touch.o(.data)
    temp                                     0x2000004c   Data           1  usart.o(.data)
    W25QXX_TYPE                              0x2000004e   Data           2  w25qxx.o(.data)
    uwTickFreq                               0x20000050   Data           1  stm32f4xx_hal.o(.data)
    uwTickPrio                               0x20000054   Data           4  stm32f4xx_hal.o(.data)
    uwTick                                   0x20000058   Data           4  stm32f4xx_hal.o(.data)
    SystemCoreClock                          0x2000005c   Data           4  system_stm32f4xx_1.o(.data)
    __stdout                                 0x20000060   Data           4  stdout.o(.data)
    lcddev                                   0x20000068   Data          14  lcd.o(.bss)
    hsram1                                   0x20000078   Data          80  fsmc.o(.bss)
    hspi1                                    0x200000c8   Data          88  spi.o(.bss)
    htim6                                    0x20000120   Data          72  tim.o(.bss)
    usart1Recv                               0x20000168   Data         260  usart.o(.bss)
    huart1                                   0x2000026c   Data          68  usart.o(.bss)
    W25QXX_BUFFER                            0x200002b0   Data        4096  w25qxx.o(.bss)
    __initial_sp                             0x200022b0   Data           0  startup_stm32f407xx.o(STACK)



==============================================================================

Memory Map of the image

  Image Entry point : 0x08000189

  Load Region LR_IROM1 (Base: 0x08000000, Size: 0x000063f8, Max: 0x00100000, ABSOLUTE)

    Execution Region ER_IROM1 (Exec base: 0x08000000, Load base: 0x08000000, Size: 0x00006390, Max: 0x00100000, ABSOLUTE)

    Exec Addr    Load Addr    Size         Type   Attr      Idx    E Section Name        Object

    0x08000000   0x08000000   0x00000188   Data   RO            3    RESET               startup_stm32f407xx.o
    0x08000188   0x08000188   0x00000000   Code   RO         4382  * .ARM.Collect$$$$00000000  mc_w.l(entry.o)
    0x08000188   0x08000188   0x00000004   Code   RO         4666    .ARM.Collect$$$$00000001  mc_w.l(entry2.o)
    0x0800018c   0x0800018c   0x00000004   Code   RO         4669    .ARM.Collect$$$$00000004  mc_w.l(entry5.o)
    0x08000190   0x08000190   0x00000000   Code   RO         4671    .ARM.Collect$$$$00000008  mc_w.l(entry7b.o)
    0x08000190   0x08000190   0x00000000   Code   RO         4673    .ARM.Collect$$$$0000000A  mc_w.l(entry8b.o)
    0x08000190   0x08000190   0x00000008   Code   RO         4674    .ARM.Collect$$$$0000000B  mc_w.l(entry9a.o)
    0x08000198   0x08000198   0x00000004   Code   RO         4681    .ARM.Collect$$$$0000000E  mc_w.l(entry12b.o)
    0x0800019c   0x0800019c   0x00000000   Code   RO         4676    .ARM.Collect$$$$0000000F  mc_w.l(entry10a.o)
    0x0800019c   0x0800019c   0x00000000   Code   RO         4678    .ARM.Collect$$$$00000011  mc_w.l(entry11a.o)
    0x0800019c   0x0800019c   0x00000004   Code   RO         4667    .ARM.Collect$$$$00002712  mc_w.l(entry2.o)
    0x080001a0   0x080001a0   0x00000024   Code   RO            4    .text               startup_stm32f407xx.o
    0x080001c4   0x080001c4   0x00000062   Code   RO         4385    .text               mc_w.l(uldiv.o)
    0x08000226   0x08000226   0x00000024   Code   RO         4387    .text               mc_w.l(memseta.o)
    0x0800024a   0x0800024a   0x0000001c   Code   RO         4391    .text               mc_w.l(strcmp.o)
    0x08000266   0x08000266   0x000000e4   Code   RO         4654    .text               mf_w.l(dmul.o)
    0x0800034a   0x0800034a   0x0000001a   Code   RO         4656    .text               mf_w.l(dfltui.o)
    0x08000364   0x08000364   0x00000032   Code   RO         4658    .text               mf_w.l(dfixui.o)
    0x08000396   0x08000396   0x00000026   Code   RO         4660    .text               mf_w.l(f2d.o)
    0x080003bc   0x080003bc   0x00000030   Code   RO         4662    .text               mf_w.l(cdcmple.o)
    0x080003ec   0x080003ec   0x00000030   Code   RO         4664    .text               mf_w.l(cdrcmple.o)
    0x0800041c   0x0800041c   0x0000002c   Code   RO         4683    .text               mc_w.l(uidiv.o)
    0x08000448   0x08000448   0x0000001e   Code   RO         4685    .text               mc_w.l(llshl.o)
    0x08000466   0x08000466   0x00000020   Code   RO         4687    .text               mc_w.l(llushr.o)
    0x08000486   0x08000486   0x00000000   Code   RO         4696    .text               mc_w.l(iusefp.o)
    0x08000486   0x08000486   0x000000ba   Code   RO         4697    .text               mf_w.l(depilogue.o)
    0x08000540   0x08000540   0x0000014e   Code   RO         4699    .text               mf_w.l(dadd.o)
    0x0800068e   0x0800068e   0x000000de   Code   RO         4701    .text               mf_w.l(ddiv.o)
    0x0800076c   0x0800076c   0x000000a2   Code   RO         4703    .text               mf_w.l(dsqrt.o)
    0x0800080e   0x0800080e   0x00000030   Code   RO         4705    .text               mf_w.l(dfixul.o)
    0x0800083e   0x0800083e   0x00000002   PAD
    0x08000840   0x08000840   0x00000024   Code   RO         4707    .text               mc_w.l(init.o)
    0x08000864   0x08000864   0x00000024   Code   RO         4709    .text               mc_w.l(llsshr.o)
    0x08000888   0x08000888   0x00000002   Code   RO         1072    i.BusFault_Handler  stm32f4xx_it.o
    0x0800088a   0x0800088a   0x00000002   Code   RO         1073    i.DebugMon_Handler  stm32f4xx_it.o
    0x0800088c   0x0800088c   0x0000003c   Code   RO          527    i.DrawFont_GBK16B   gbk_libdrive.o
    0x080008c8   0x080008c8   0x00000004   Code   RO          785    i.Error_Handler     main.o
    0x080008cc   0x080008cc   0x0000003c   Code   RO         1298    i.FSMC_NORSRAM_Extended_Timing_Init  stm32f4xx_ll_fsmc.o
    0x08000908   0x08000908   0x00000068   Code   RO         1299    i.FSMC_NORSRAM_Init  stm32f4xx_ll_fsmc.o
    0x08000970   0x08000970   0x00000044   Code   RO         1300    i.FSMC_NORSRAM_Timing_Init  stm32f4xx_ll_fsmc.o
    0x080009b4   0x080009b4   0x00000068   Code   RO          530    i.FontLib_Read      gbk_libdrive.o
    0x08000a1c   0x08000a1c   0x00000068   Code   RO          531    i.Font_SPI_WR       gbk_libdrive.o
    0x08000a84   0x08000a84   0x00000064   Code   RO          532    i.GBK_GetASC_Point  gbk_libdrive.o
    0x08000ae8   0x08000ae8   0x00000084   Code   RO          534    i.GBK_Lib_GetHz     gbk_libdrive.o
    0x08000b6c   0x08000b6c   0x00000018   Code   RO          535    i.GBK_Lib_Init      gbk_libdrive.o
    0x08000b84   0x08000b84   0x00000086   Code   RO          536    i.GBK_ReadID        gbk_libdrive.o
    0x08000c0a   0x08000c0a   0x000000a4   Code   RO          537    i.GBK_ShowASCII     gbk_libdrive.o
    0x08000cae   0x08000cae   0x00000002   PAD
    0x08000cb0   0x08000cb0   0x0000009c   Code   RO          538    i.GBK_Show_Font     gbk_libdrive.o
    0x08000d4c   0x08000d4c   0x0000009e   Code   RO          539    i.GBK_Show_Str      gbk_libdrive.o
    0x08000dea   0x08000dea   0x00000018   Code   RO          541    i.GBK_delay         gbk_libdrive.o
    0x08000e02   0x08000e02   0x00000092   Code   RO         1878    i.HAL_DMA_Abort     stm32f4xx_hal_dma.o
    0x08000e94   0x08000e94   0x00000024   Code   RO         1879    i.HAL_DMA_Abort_IT  stm32f4xx_hal_dma.o
    0x08000eb8   0x08000eb8   0x00000024   Code   RO         2297    i.HAL_Delay         stm32f4xx_hal.o
    0x08000edc   0x08000edc   0x000000a8   Code   RO          864    i.HAL_FSMC_MspInit  fsmc.o
    0x08000f84   0x08000f84   0x000001f0   Code   RO         1771    i.HAL_GPIO_Init     stm32f4xx_hal_gpio.o
    0x08001174   0x08001174   0x0000000a   Code   RO         1773    i.HAL_GPIO_ReadPin  stm32f4xx_hal_gpio.o
    0x0800117e   0x0800117e   0x00000010   Code   RO         1774    i.HAL_GPIO_TogglePin  stm32f4xx_hal_gpio.o
    0x0800118e   0x0800118e   0x0000000a   Code   RO         1775    i.HAL_GPIO_WritePin  stm32f4xx_hal_gpio.o
    0x08001198   0x08001198   0x0000000c   Code   RO         2303    i.HAL_GetTick       stm32f4xx_hal.o
    0x080011a4   0x080011a4   0x00000010   Code   RO         2309    i.HAL_IncTick       stm32f4xx_hal.o
    0x080011b4   0x080011b4   0x00000034   Code   RO         2310    i.HAL_Init          stm32f4xx_hal.o
    0x080011e8   0x080011e8   0x00000040   Code   RO         2311    i.HAL_InitTick      stm32f4xx_hal.o
    0x08001228   0x08001228   0x00000030   Code   RO         1154    i.HAL_MspInit       stm32f4xx_hal_msp.o
    0x08001258   0x08001258   0x0000001a   Code   RO         2160    i.HAL_NVIC_EnableIRQ  stm32f4xx_hal_cortex.o
    0x08001272   0x08001272   0x00000002   PAD
    0x08001274   0x08001274   0x00000040   Code   RO         2166    i.HAL_NVIC_SetPriority  stm32f4xx_hal_cortex.o
    0x080012b4   0x080012b4   0x00000024   Code   RO         2167    i.HAL_NVIC_SetPriorityGrouping  stm32f4xx_hal_cortex.o
    0x080012d8   0x080012d8   0x00000134   Code   RO         1417    i.HAL_RCC_ClockConfig  stm32f4xx_hal_rcc.o
    0x0800140c   0x0800140c   0x00000020   Code   RO         1424    i.HAL_RCC_GetPCLK1Freq  stm32f4xx_hal_rcc.o
    0x0800142c   0x0800142c   0x00000020   Code   RO         1425    i.HAL_RCC_GetPCLK2Freq  stm32f4xx_hal_rcc.o
    0x0800144c   0x0800144c   0x00000060   Code   RO         1426    i.HAL_RCC_GetSysClockFreq  stm32f4xx_hal_rcc.o
    0x080014ac   0x080014ac   0x0000036c   Code   RO         1429    i.HAL_RCC_OscConfig  stm32f4xx_hal_rcc.o
    0x08001818   0x08001818   0x000000bc   Code   RO         2694    i.HAL_SPI_Init      stm32f4xx_hal_spi.o
    0x080018d4   0x080018d4   0x00000068   Code   RO          910    i.HAL_SPI_MspInit   spi.o
    0x0800193c   0x0800193c   0x000001e2   Code   RO         2703    i.HAL_SPI_TransmitReceive  stm32f4xx_hal_spi.o
    0x08001b1e   0x08001b1e   0x0000005c   Code   RO         2552    i.HAL_SRAM_Init     stm32f4xx_hal_sram.o
    0x08001b7a   0x08001b7a   0x00000004   Code   RO          866    i.HAL_SRAM_MspInit  fsmc.o
    0x08001b7e   0x08001b7e   0x00000028   Code   RO         2171    i.HAL_SYSTICK_Config  stm32f4xx_hal_cortex.o
    0x08001ba6   0x08001ba6   0x00000002   PAD
    0x08001ba8   0x08001ba8   0x00000090   Code   RO         3730    i.HAL_TIMEx_MasterConfigSynchronization  stm32f4xx_hal_tim_ex.o
    0x08001c38   0x08001c38   0x0000005a   Code   RO         3007    i.HAL_TIM_Base_Init  stm32f4xx_hal_tim.o
    0x08001c92   0x08001c92   0x00000002   PAD
    0x08001c94   0x08001c94   0x00000028   Code   RO          964    i.HAL_TIM_Base_MspInit  tim.o
    0x08001cbc   0x08001cbc   0x00000078   Code   RO         3010    i.HAL_TIM_Base_Start  stm32f4xx_hal_tim.o
    0x08001d34   0x08001d34   0x00000026   Code   RO         3013    i.HAL_TIM_Base_Stop  stm32f4xx_hal_tim.o
    0x08001d5a   0x08001d5a   0x00000002   Code   RO         3989    i.HAL_UARTEx_RxEventCallback  stm32f4xx_hal_uart.o
    0x08001d5c   0x08001d5c   0x00000002   Code   RO         4003    i.HAL_UART_ErrorCallback  stm32f4xx_hal_uart.o
    0x08001d5e   0x08001d5e   0x00000002   PAD
    0x08001d60   0x08001d60   0x00000268   Code   RO         4006    i.HAL_UART_IRQHandler  stm32f4xx_hal_uart.o
    0x08001fc8   0x08001fc8   0x00000062   Code   RO         4007    i.HAL_UART_Init     stm32f4xx_hal_uart.o
    0x0800202a   0x0800202a   0x00000002   PAD
    0x0800202c   0x0800202c   0x0000007c   Code   RO         1012    i.HAL_UART_MspInit  usart.o
    0x080020a8   0x080020a8   0x0000002a   Code   RO         4012    i.HAL_UART_Receive_IT  stm32f4xx_hal_uart.o
    0x080020d2   0x080020d2   0x00000002   PAD
    0x080020d4   0x080020d4   0x00000044   Code   RO         1013    i.HAL_UART_RxCpltCallback  usart.o
    0x08002118   0x08002118   0x000000b2   Code   RO         4015    i.HAL_UART_Transmit  stm32f4xx_hal_uart.o
    0x080021ca   0x080021ca   0x00000002   Code   RO         4018    i.HAL_UART_TxCpltCallback  stm32f4xx_hal_uart.o
    0x080021cc   0x080021cc   0x00000002   Code   RO         1074    i.HardFault_Handler  stm32f4xx_it.o
    0x080021ce   0x080021ce   0x00000002   PAD
    0x080021d0   0x080021d0   0x0000003c   Code   RO           20    i.LCD_Clear         lcd.o
    0x0800220c   0x0800220c   0x00000070   Code   RO           24    i.LCD_Display_Dir   lcd.o
    0x0800227c   0x0800227c   0x0000009c   Code   RO           25    i.LCD_DrawLine      lcd.o
    0x08002318   0x08002318   0x0000001c   Code   RO           26    i.LCD_DrawPoint     lcd.o
    0x08002334   0x08002334   0x000000c4   Code   RO           28    i.LCD_Draw_Circle   lcd.o
    0x080023f8   0x080023f8   0x00000038   Code   RO           29    i.LCD_Fast_DrawPoint  lcd.o
    0x08002430   0x08002430   0x000001e8   Code   RO           31    i.LCD_Init          lcd.o
    0x08002618   0x08002618   0x00000010   Code   RO           32    i.LCD_Pow           lcd.o
    0x08002628   0x08002628   0x00000014   Code   RO           33    i.LCD_RD_DATA       lcd.o
    0x0800263c   0x0800263c   0x00000018   Code   RO           35    i.LCD_ReadReg       lcd.o
    0x08002654   0x08002654   0x0000007c   Code   RO           36    i.LCD_Scan_Dir      lcd.o
    0x080026d0   0x080026d0   0x00000034   Code   RO           37    i.LCD_SetCursor     lcd.o
    0x08002704   0x08002704   0x00000050   Code   RO           38    i.LCD_Set_Window    lcd.o
    0x08002754   0x08002754   0x000000d0   Code   RO           39    i.LCD_ShowChar      lcd.o
    0x08002824   0x08002824   0x00000072   Code   RO           40    i.LCD_ShowNum       lcd.o
    0x08002896   0x08002896   0x00000058   Code   RO           41    i.LCD_ShowString    lcd.o
    0x080028ee   0x080028ee   0x00000002   PAD
    0x080028f0   0x080028f0   0x00000014   Code   RO           46    i.LCD_WriteRAM_Prepare  lcd.o
    0x08002904   0x08002904   0x0000000c   Code   RO           47    i.LCD_WriteReg      lcd.o
    0x08002910   0x08002910   0x00000088   Code   RO          867    i.MX_FSMC_Init      fsmc.o
    0x08002998   0x08002998   0x00000140   Code   RO          840    i.MX_GPIO_Init      gpio.o
    0x08002ad8   0x08002ad8   0x00000044   Code   RO          911    i.MX_SPI1_Init      spi.o
    0x08002b1c   0x08002b1c   0x00000044   Code   RO          965    i.MX_TIM6_Init      tim.o
    0x08002b60   0x08002b60   0x00000040   Code   RO         1014    i.MX_USART1_UART_Init  usart.o
    0x08002ba0   0x08002ba0   0x00000002   Code   RO         1075    i.MemManage_Handler  stm32f4xx_it.o
    0x08002ba2   0x08002ba2   0x00000002   Code   RO         1076    i.NMI_Handler       stm32f4xx_it.o
    0x08002ba4   0x08002ba4   0x00000002   Code   RO         1077    i.PendSV_Handler    stm32f4xx_it.o
    0x08002ba6   0x08002ba6   0x00000002   PAD
    0x08002ba8   0x08002ba8   0x00000020   Code   RO          912    i.SPI1_ReadWriteByte  spi.o
    0x08002bc8   0x08002bc8   0x0000000c   Code   RO          913    i.SPI1_SetSpeed     spi.o
    0x08002bd4   0x08002bd4   0x00000058   Code   RO         2732    i.SPI_EndRxTxTransaction  stm32f4xx_hal_spi.o
    0x08002c2c   0x08002c2c   0x000000b8   Code   RO         2737    i.SPI_WaitFlagStateUntilTimeout  stm32f4xx_hal_spi.o
    0x08002ce4   0x08002ce4   0x00000002   Code   RO         1078    i.SVC_Handler       stm32f4xx_it.o
    0x08002ce6   0x08002ce6   0x00000004   Code   RO         1079    i.SysTick_Handler   stm32f4xx_it.o
    0x08002cea   0x08002cea   0x00000002   PAD
    0x08002cec   0x08002cec   0x00000098   Code   RO          786    i.SystemClock_Config  main.o
    0x08002d84   0x08002d84   0x00000010   Code   RO         4336    i.SystemInit        system_stm32f4xx_1.o
    0x08002d94   0x08002d94   0x000000c8   Code   RO         3100    i.TIM_Base_SetConfig  stm32f4xx_hal_tim.o
    0x08002e5c   0x08002e5c   0x00000198   Code   RO          651    i.TP_Adj_Info_Show  touch.o
    0x08002ff4   0x08002ff4   0x000005ec   Code   RO          652    i.TP_Adjust         touch.o
    0x080035e0   0x080035e0   0x00000080   Code   RO          654    i.TP_Drow_Touch_Point  touch.o
    0x08003660   0x08003660   0x00000088   Code   RO          655    i.TP_Get_Adjdata    touch.o
    0x080036e8   0x080036e8   0x0000003c   Code   RO          656    i.TP_Init           touch.o
    0x08003724   0x08003724   0x000000c0   Code   RO          657    i.TP_Read_AD        touch.o
    0x080037e4   0x080037e4   0x00000064   Code   RO          658    i.TP_Read_XOY       touch.o
    0x08003848   0x08003848   0x00000028   Code   RO          659    i.TP_Read_XY        touch.o
    0x08003870   0x08003870   0x0000007a   Code   RO          660    i.TP_Read_XY2       touch.o
    0x080038ea   0x080038ea   0x00000002   PAD
    0x080038ec   0x080038ec   0x00000070   Code   RO          661    i.TP_Save_Adjdata   touch.o
    0x0800395c   0x0800395c   0x000000b0   Code   RO          662    i.TP_Scan           touch.o
    0x08003a0c   0x08003a0c   0x00000058   Code   RO          663    i.TP_Write_Byte     touch.o
    0x08003a64   0x08003a64   0x00000010   Code   RO         4020    i.UART_DMAAbortOnError  stm32f4xx_hal_uart.o
    0x08003a74   0x08003a74   0x0000004e   Code   RO         4030    i.UART_EndRxTransfer  stm32f4xx_hal_uart.o
    0x08003ac2   0x08003ac2   0x000000c0   Code   RO         4032    i.UART_Receive_IT   stm32f4xx_hal_uart.o
    0x08003b82   0x08003b82   0x00000002   PAD
    0x08003b84   0x08003b84   0x0000010c   Code   RO         4033    i.UART_SetConfig    stm32f4xx_hal_uart.o
    0x08003c90   0x08003c90   0x0000003a   Code   RO         4035    i.UART_Start_Receive_IT  stm32f4xx_hal_uart.o
    0x08003cca   0x08003cca   0x00000078   Code   RO         4036    i.UART_WaitOnFlagUntilTimeout  stm32f4xx_hal_uart.o
    0x08003d42   0x08003d42   0x00000002   PAD
    0x08003d44   0x08003d44   0x0000000c   Code   RO         1080    i.USART1_IRQHandler  stm32f4xx_it.o
    0x08003d50   0x08003d50   0x00000002   Code   RO         1081    i.UsageFault_Handler  stm32f4xx_it.o
    0x08003d52   0x08003d52   0x00000002   PAD
    0x08003d54   0x08003d54   0x00000060   Code   RO         1179    i.W25QXX_Erase_Sector  w25qxx.o
    0x08003db4   0x08003db4   0x0000002c   Code   RO         1180    i.W25QXX_Init       w25qxx.o
    0x08003de0   0x08003de0   0x00000060   Code   RO         1182    i.W25QXX_Read       w25qxx.o
    0x08003e40   0x08003e40   0x00000050   Code   RO         1183    i.W25QXX_ReadID     w25qxx.o
    0x08003e90   0x08003e90   0x00000034   Code   RO         1184    i.W25QXX_ReadSR     w25qxx.o
    0x08003ec4   0x08003ec4   0x0000000e   Code   RO         1186    i.W25QXX_Wait_Busy  w25qxx.o
    0x08003ed2   0x08003ed2   0x00000002   PAD
    0x08003ed4   0x08003ed4   0x0000009c   Code   RO         1187    i.W25QXX_Write      w25qxx.o
    0x08003f70   0x08003f70   0x0000002c   Code   RO         1189    i.W25QXX_Write_Enable  w25qxx.o
    0x08003f9c   0x08003f9c   0x0000003e   Code   RO         1190    i.W25QXX_Write_NoCheck  w25qxx.o
    0x08003fda   0x08003fda   0x00000002   PAD
    0x08003fdc   0x08003fdc   0x00000064   Code   RO         1191    i.W25QXX_Write_Page  w25qxx.o
    0x08004040   0x08004040   0x00000020   Code   RO         4626    i.__0printf         mc_w.l(printfa.o)
    0x08004060   0x08004060   0x00000020   Code   RO         2173    i.__NVIC_SetPriority  stm32f4xx_hal_cortex.o
    0x08004080   0x08004080   0x0000007a   Code   RO         4370    i.__hardfp_sqrt     m_wm.l(sqrt.o)
    0x080040fa   0x080040fa   0x0000000e   Code   RO         4713    i.__scatterload_copy  mc_w.l(handlers.o)
    0x08004108   0x08004108   0x00000002   Code   RO         4714    i.__scatterload_null  mc_w.l(handlers.o)
    0x0800410a   0x0800410a   0x0000000e   Code   RO         4715    i.__scatterload_zeroinit  mc_w.l(handlers.o)
    0x08004118   0x08004118   0x0000000c   Code   RO         4691    i.__set_errno       mc_w.l(errno.o)
    0x08004124   0x08004124   0x00000184   Code   RO         4633    i._fp_digits        mc_w.l(printfa.o)
    0x080042a8   0x080042a8   0x000006b4   Code   RO         4634    i._printf_core      mc_w.l(printfa.o)
    0x0800495c   0x0800495c   0x00000024   Code   RO         4635    i._printf_post_padding  mc_w.l(printfa.o)
    0x08004980   0x08004980   0x0000002e   Code   RO         4636    i._printf_pre_padding  mc_w.l(printfa.o)
    0x080049ae   0x080049ae   0x00000002   PAD
    0x080049b0   0x080049b0   0x00000030   Code   RO          966    i.delay_us          tim.o
    0x080049e0   0x080049e0   0x00000024   Code   RO         1016    i.fputc             usart.o
    0x08004a04   0x08004a04   0x00000114   Code   RO          787    i.main              main.o
    0x08004b18   0x08004b18   0x00000474   Data   RO          415    .constdata          font.o
    0x08004f8c   0x08004f8c   0x000005f0   Data   RO          416    .constdata          font.o
    0x0800557c   0x0800557c   0x00000d5c   Data   RO          417    .constdata          font.o
    0x080062d8   0x080062d8   0x00000004   Data   RO          664    .constdata          touch.o
    0x080062dc   0x080062dc   0x00000010   Data   RO         4337    .constdata          system_stm32f4xx_1.o
    0x080062ec   0x080062ec   0x00000008   Data   RO         4338    .constdata          system_stm32f4xx_1.o
    0x080062f4   0x080062f4   0x00000079   Data   RO          665    .conststring        touch.o
    0x0800636d   0x0800636d   0x00000003   PAD
    0x08006370   0x08006370   0x00000020   Data   RO         4711    Region$$Table       anon$$obj.o


    Execution Region RW_IRAM1 (Exec base: 0x20000000, Load base: 0x08006390, Size: 0x000022b0, Max: 0x0001c000, ABSOLUTE)

    Exec Addr    Load Addr    Size         Type   Attr      Idx    E Section Name        Object

    0x20000000   0x08006390   0x00000004   Data   RW           51    .data               lcd.o
    0x20000004   0x08006394   0x00000040   Data   RW          666    .data               touch.o
    0x20000044   0x080063d4   0x00000008   Data   RW          869    .data               fsmc.o
    0x2000004c   0x080063dc   0x00000001   Data   RW         1018    .data               usart.o
    0x2000004d   0x080063dd   0x00000001   PAD
    0x2000004e   0x080063de   0x00000002   Data   RW         1194    .data               w25qxx.o
    0x20000050   0x080063e0   0x0000000c   Data   RW         2317    .data               stm32f4xx_hal.o
    0x2000005c   0x080063ec   0x00000004   Data   RW         4339    .data               system_stm32f4xx_1.o
    0x20000060   0x080063f0   0x00000004   Data   RW         4682    .data               mc_w.l(stdout.o)
    0x20000064   0x080063f4   0x00000004   Data   RW         4692    .data               mc_w.l(errno.o)
    0x20000068        -       0x0000000e   Zero   RW           49    .bss                lcd.o
    0x20000076   0x080063f8   0x00000002   PAD
    0x20000078        -       0x00000050   Zero   RW          868    .bss                fsmc.o
    0x200000c8        -       0x00000058   Zero   RW          914    .bss                spi.o
    0x20000120        -       0x00000048   Zero   RW          967    .bss                tim.o
    0x20000168        -       0x00000148   Zero   RW         1017    .bss                usart.o
    0x200002b0        -       0x00001000   Zero   RW         1193    .bss                w25qxx.o
    0x200012b0        -       0x00001000   Zero   RW            1    STACK               startup_stm32f407xx.o


    Execution Region RW_IRAM2 (Exec base: 0x2001c000, Load base: 0x080063f8, Size: 0x00000000, Max: 0x00004000, ABSOLUTE)

    **** No section assigned to this execution region ****


==============================================================================

Image component sizes


      Code (inc. data)   RO Data    RW Data    ZI Data      Debug   Object Name

         0          0       6080          0          0       1162   font.o
       308         32          0          8         80       2363   fsmc.o
      1160         56          0          0          0       9909   gbk_libdrive.o
       320         16          0          0          0       1187   gpio.o
      1854         74          0          4         14     732255   lcd.o
       432        112          0          0          0       2268   main.o
       216         32          0          0         88       2838   spi.o
        36          8        392          0       4096        852   startup_stm32f407xx.o
       180         28          0         12          0       9537   stm32f4xx_hal.o
       198         14          0          0          0      34043   stm32f4xx_hal_cortex.o
       182          0          0          0          0       2147   stm32f4xx_hal_dma.o
       532         46          0          0          0       3576   stm32f4xx_hal_gpio.o
        48          6          0          0          0        886   stm32f4xx_hal_msp.o
      1344         72          0          0          0       5336   stm32f4xx_hal_rcc.o
       942         12          0          0          0       4993   stm32f4xx_hal_spi.o
        92          0          0          0          0       1252   stm32f4xx_hal_sram.o
       448         74          0          0          0       4300   stm32f4xx_hal_tim.o
       144         28          0          0          0       1376   stm32f4xx_hal_tim_ex.o
      1672         16          0          0          0      11624   stm32f4xx_hal_uart.o
        32          6          0          0          0       4794   stm32f4xx_it.o
       232         14          0          0          0       4011   stm32f4xx_ll_fsmc.o
        16          4         24          4          0       1175   system_stm32f4xx_1.o
       156         22          0          0         72       2209   tim.o
      3078        294        125         64          0      12396   touch.o
       292         36          0          1        328       3416   usart.o
       744         52          0          2       4096       7139   w25qxx.o

    ----------------------------------------------------------------------
     14692       1054       6656         96       8776     867044   Object Totals
         0          0         32          0          0          0   (incl. Generated)
        34          0          3          1          2          0   (incl. Padding)

    ----------------------------------------------------------------------

      Code (inc. data)   RO Data    RW Data    ZI Data      Debug   Library Member Name

       122          0          0          0          0        148   sqrt.o
         0          0          0          0          0          0   entry.o
         0          0          0          0          0          0   entry10a.o
         0          0          0          0          0          0   entry11a.o
         4          0          0          0          0          0   entry12b.o
         8          4          0          0          0          0   entry2.o
         4          0          0          0          0          0   entry5.o
         0          0          0          0          0          0   entry7b.o
         0          0          0          0          0          0   entry8b.o
         8          4          0          0          0          0   entry9a.o
        12          6          0          4          0         68   errno.o
        30          0          0          0          0          0   handlers.o
        36          8          0          0          0         68   init.o
         0          0          0          0          0          0   iusefp.o
        30          0          0          0          0         68   llshl.o
        36          0          0          0          0         68   llsshr.o
        32          0          0          0          0         68   llushr.o
        36          0          0          0          0        108   memseta.o
      2218         90          0          0          0        464   printfa.o
         0          0          0          4          0          0   stdout.o
        28          0          0          0          0         76   strcmp.o
        44          0          0          0          0         80   uidiv.o
        98          0          0          0          0         92   uldiv.o
        48          0          0          0          0         68   cdcmple.o
        48          0          0          0          0         68   cdrcmple.o
       334          0          0          0          0        148   dadd.o
       222          0          0          0          0        100   ddiv.o
       186          0          0          0          0        176   depilogue.o
        50          0          0          0          0         76   dfixui.o
        48          0          0          0          0         68   dfixul.o
        26          0          0          0          0         76   dfltui.o
       228          0          0          0          0         96   dmul.o
       162          0          0          0          0        100   dsqrt.o
        38          0          0          0          0         68   f2d.o

    ----------------------------------------------------------------------
      4140        112          0          8          0       2352   Library Totals
         4          0          0          0          0          0   (incl. Padding)

    ----------------------------------------------------------------------

      Code (inc. data)   RO Data    RW Data    ZI Data      Debug   Library Name

       122          0          0          0          0        148   m_wm.l
      2624        112          0          8          0       1160   mc_w.l
      1390          0          0          0          0       1044   mf_w.l

    ----------------------------------------------------------------------
      4140        112          0          8          0       2352   Library Totals

    ----------------------------------------------------------------------

==============================================================================


      Code (inc. data)   RO Data    RW Data    ZI Data      Debug   

     18832       1166       6656        104       8776     856408   Grand Totals
     18832       1166       6656        104       8776     856408   ELF Image Totals
     18832       1166       6656        104          0          0   ROM Totals

==============================================================================

    Total RO  Size (Code + RO Data)                25488 (  24.89kB)
    Total RW  Size (RW Data + ZI Data)              8880 (   8.67kB)
    Total ROM Size (Code + RO Data + RW Data)      25592 (  24.99kB)

==============================================================================

