<html>
<body>
<pre>
<h1>礦ision Build Log</h1>
<h2>Tool Versions:</h2>
IDE-Version: μVision V5.16a
Copyright (C) 2015 ARM Ltd and ARM Germany GmbH. All rights reserved.
License Information: 12313 1515, 153, LIC=----
 
Tool Versions:
Toolchain:       MDK-Lite  Version: 5.16a
Toolchain Path:  D:\Keil_v5\ARM\ARMCC\Bin
C Compiler:      Armcc.exe V5.06 (build 20)
Assembler:       Armasm.exe V5.06 (build 20)
Linker/Locator:  ArmLink.exe V5.06 (build 20)
Library Manager: ArmAr.exe V5.06 (build 20)
Hex Converter:   FromElf.exe V5.06 (build 20)
CPU DLL:         SARMCM3.DLL V5.16a
Dialog DLL:      DARMSTM.DLL V1.65.0.0
Target DLL:      STLink\ST-LINKIII-KEIL_SWO.dll V2.0.17.0
Dialog DLL:      TARMSTM.DLL V1.64.0.0
 
<h2>Project:</h2>
C:\Users\Administrator\Desktop\GT-24用户资料\demo\RF24_STM32\RF24_STM32F103C8_RX\USER\rf24l01_stm32.uvproj
Project File Date:  08/09/2018

<h2>Output:</h2>
*** Using Compiler 'V5.06 (build 20)', folder: 'D:\Keil_v5\ARM\ARMCC\Bin'
Rebuild target 'rf24l01_stm32'
compiling system_stm32f10x.c...
compiling main.c...
compiling stm32f10x_it.c...
compiling oled.c...
compiling delay.c...
compiling RF24L01.c...
compiling sys.c...
compiling usart.c...
compiling spi.c...
assembling startup_stm32f10x_hd.s...
compiling misc.c...
compiling core_cm3.c...
compiling stm32f10x_gpio.c...
compiling stm32f10x_rcc.c...
compiling stm32f10x_usart.c...
compiling stm32f10x_spi.c...
compiling stm32f10x_fsmc.c...
compiling stm32f10x_tim.c...
linking...
Program Size: Code=9112 RO-data=2436 RW-data=888 ZI-data=1960  
FromELF: creating hex file...
"..\OBJ\rf24l01_stm32.axf" - 0 Error(s), 0 Warning(s).
Build Time Elapsed:  00:00:07
</pre>
</body>
</html>
